09-20 14:31:59.082 24155 24155 I ViewRootImpl@5a17997[ShadowsocksSettingsActivity]: handleResized, msg = 4 frames=ClientWindowFrames{frame=[18,366][701,676] display=[0,45][720,1574] backdrop=[0,0][683,310]} forceNextWindowRelayout=false displayId=0 frameChanged=false backdropFrameChanged=true configChanged=false displayChanged=false mNextDrawUseBlastSync=false mergedConfiguration={mGlobalConfig={0.8 432mcc20mnc [fa_IR,en_US] ldrtl sw411dp w411dp h873dp 280dpi nrml long port night finger -keyb/v/h -nav/h winConfig={ mBounds=Rect(0, 0 - 720, 1600) mAppBounds=Rect(0, 45 - 720, 1574) mMaxBounds=Rect(0, 0 - 720, 1600) mWindowingMode=fullscreen mDisplayWindowingMode=fullscreen mActivityType=undefined mAlwaysOnTop=undefined mRotation=ROTATION_0 mPopOver=off mFreeformTaskPinningState=unpinned} s.9034 fontWeightAdjustment=0 ff=0 bf=1 bts=0 enb/d themeSeq=0} mOverrideConfig={0.8 432mcc20mnc [fa_IR,en_US] ldrtl sw411dp w411dp h873dp 280dpi nrml long port night finger -keyb/v/h -nav/h winConfig={ mBounds=Rect(0, 0 - 720, 1600) mAppBounds=Rect(0, 45 - 720, 1574) mMaxBounds=Rect(0, 0 - 720, 1600) mWindowingMode=fullscreen mDisplayWindowingMode=fullscreen mActivityType=standard mAlwaysOnTop=undefined mRotation=ROTATION_0 mPopOver=off mFreeformTaskPinningState=unpinned} s.1 fontWeightAdjustment=0 ff=0 bf=1 bts=0 enb/d themeSeq=0}}
09-20 14:31:59.108 24155 24240 D OpenGLRenderer: setSurface called with nullptr
09-20 14:31:59.108 24155 24240 D OpenGLRenderer: setSurface() destroyed EGLSurface
09-20 14:31:59.108 24155 24240 D OpenGLRenderer: destroyEglSurface
09-20 14:31:59.109 24155 24240 I BufferQueueProducer: [ViewRootImpl@db93026[PopupWindow:f587d76]#27(BLAST Consumer)27](id:5e5b0000001b,api:1,p:24155,c:24155) disconnect: api 1
09-20 14:31:59.110 24155 24155 I ViewRootImpl@db93026[PopupWindow:f587d76]: dispatchDetachedFromWindow
09-20 14:31:59.115 24155 24695 I BLASTBufferQueue: [ViewRootImpl@db93026[PopupWindow:f587d76]#27] destructor()
09-20 14:31:59.116 24155 24695 I BufferQueueConsumer: [ViewRootImpl@db93026[PopupWindow:f587d76]#27(BLAST Consumer)27](id:5e5b0000001b,api:0,p:-1,c:24155) disconnect
09-20 14:31:59.117 24155 24155 D InputTransport: Input channel destroyed: '993a414', fd=315
09-20 14:31:59.118 24155 24240 D OpenGLRenderer: setSurface called with nullptr
09-20 14:31:59.118 24155 24240 D OpenGLRenderer: setSurface() destroyed EGLSurface
09-20 14:31:59.118 24155 24240 D OpenGLRenderer: destroyEglSurface
09-20 14:31:59.118 24155 24240 I BufferQueueProducer: [ViewRootImpl@37828b2[PopupWindow:23fac13]#28(BLAST Consumer)28](id:5e5b0000001c,api:1,p:24155,c:24155) disconnect: api 1
09-20 14:31:59.119 24155 24155 I ViewRootImpl@37828b2[PopupWindow:23fac13]: dispatchDetachedFromWindow
09-20 14:31:59.119 24155 24155 I BLASTBufferQueue: [ViewRootImpl@37828b2[PopupWindow:23fac13]#28] destructor()
09-20 14:31:59.120 24155 24155 I BufferQueueConsumer: [ViewRootImpl@37828b2[PopupWindow:23fac13]#28(BLAST Consumer)28](id:5e5b0000001c,api:0,p:-1,c:24155) disconnect
09-20 14:31:59.126 24155 24155 D InputTransport: Input channel destroyed: '6a9da03', fd=328
09-20 14:31:59.140 24155 24155 V InputMethodManager: dispatchKeyEventFromInputMethod: KeyEvent=KeyEvent { action=ACTION_DOWN, keyCode=KEYCODE_DEL, scanCode=0, metaState=0, flags=0x6, repeatCount=0, eventTime=180619485, downTime=180619485, deviceId=-1, source=0x0, displayId=0 }
09-20 14:31:59.140 24155 24155 V InputMethodManager: dispatchKeyEventFromInputMethod: KeyEvent=KeyEvent { action=ACTION_UP, keyCode=KEYCODE_DEL, scanCode=0, metaState=0, flags=0x6, repeatCount=0, eventTime=180619485, downTime=180619485, deviceId=-1, source=0x0, displayId=0 }
09-20 14:31:59.140 24155 24155 I ViewRootImpl@5a17997[ShadowsocksSettingsActivity]: ViewPostIme key 0
09-20 14:31:59.143 24155 24155 I ViewRootImpl@5a17997[ShadowsocksSettingsActivity]: ViewPostIme key 1
09-20 14:31:59.169 24155 24695 I ViewRootImpl@5a17997[ShadowsocksSettingsActivity]: Resizing android.view.ViewRootImpl@f464084: frame=[18,374][701,668] reportDraw=false forceLayout=false backDropFrame=Rect(0, 0 - 683, 294)
09-20 14:31:59.172 24155 24155 I ViewRootImpl@5a17997[ShadowsocksSettingsActivity]: Relayout returned: old=(18,366,701,676) new=(18,374,701,668) req=(683,294)0 dur=9 res=0x1 s={true -5476376636278337536} ch=false fn=42
09-20 14:31:59.172 24155 24240 D OpenGLRenderer: setSurface() destroyed EGLSurface
09-20 14:31:59.172 24155 24240 D OpenGLRenderer: destroyEglSurface
09-20 14:31:59.172 24155 24240 I BufferQueueProducer: [ViewRootImpl@5a17997[ShadowsocksSettingsActivity]#24(BLAST Consumer)24](id:5e5b00000018,api:1,p:24155,c:24155) disconnect: api 1
09-20 14:31:59.173 24155 24240 I BufferQueueProducer: [ViewRootImpl@5a17997[ShadowsocksSettingsActivity]#24(BLAST Consumer)24](id:5e5b00000018,api:1,p:24155,c:24155) connect: api=1 producerControlledByApp=true
09-20 14:31:59.173 24155 24240 D OpenGLRenderer: eglCreateWindowSurface
09-20 14:31:59.175 24155 24155 D ScrollView:  onsize change changed 
09-20 14:31:59.175 24155 24155 D ScrollView:  onsize change changed 
09-20 14:31:59.179 24155 24155 I ViewRootImpl@5a17997[ShadowsocksSettingsActivity]: handleResized, msg = 4 frames=ClientWindowFrames{frame=[18,374][701,668] display=[0,45][720,1574] backdrop=[0,0][683,294]} forceNextWindowRelayout=false displayId=0 frameChanged=false backdropFrameChanged=true configChanged=false displayChanged=false mNextDrawUseBlastSync=false mergedConfiguration={mGlobalConfig={0.8 432mcc20mnc [fa_IR,en_US] ldrtl sw411dp w411dp h873dp 280dpi nrml long port night finger -keyb/v/h -nav/h winConfig={ mBounds=Rect(0, 0 - 720, 1600) mAppBounds=Rect(0, 45 - 720, 1574) mMaxBounds=Rect(0, 0 - 720, 1600) mWindowingMode=fullscreen mDisplayWindowingMode=fullscreen mActivityType=undefined mAlwaysOnTop=undefined mRotation=ROTATION_0 mPopOver=off mFreeformTaskPinningState=unpinned} s.9034 fontWeightAdjustment=0 ff=0 bf=1 bts=0 enb/d themeSeq=0} mOverrideConfig={0.8 432mcc20mnc [fa_IR,en_US] ldrtl sw411dp w411dp h873dp 280dpi nrml long port night finger -keyb/v/h -nav/h winConfig={ mBounds=Rect(0, 0 - 720, 1600) mAppBounds=Rect(0, 45 - 720, 1574) mMaxBounds=Rect(0, 0 - 720, 1600) mWindowingMode=fullscreen mDisplayWindowingMode=fullscreen mActivityType=standard mAlwaysOnTop=undefined mRotation=ROTATION_0 mPopOver=off mFreeformTaskPinningState=unpinned} s.1 fontWeightAdjustment=0 ff=0 bf=1 bts=0 enb/d themeSeq=0}}
09-20 14:31:59.540 24155 24155 V InputMethodManager: dispatchKeyEventFromInputMethod: KeyEvent=KeyEvent { action=ACTION_DOWN, keyCode=KEYCODE_DEL, scanCode=0, metaState=0, flags=0x6, repeatCount=0, eventTime=180619885, downTime=180619885, deviceId=-1, source=0x0, displayId=0 }
09-20 14:31:59.540 24155 24155 V InputMethodManager: dispatchKeyEventFromInputMethod: KeyEvent=KeyEvent { action=ACTION_UP, keyCode=KEYCODE_DEL, scanCode=0, metaState=0, flags=0x6, repeatCount=0, eventTime=180619886, downTime=180619885, deviceId=-1, source=0x0, displayId=0 }
09-20 14:31:59.540 24155 24155 I ViewRootImpl@5a17997[ShadowsocksSettingsActivity]: ViewPostIme key 0
09-20 14:31:59.544 24155 24155 I ViewRootImpl@5a17997[ShadowsocksSettingsActivity]: ViewPostIme key 1
09-20 14:31:59.948 24155 24155 V InputMethodManager: dispatchKeyEventFromInputMethod: KeyEvent=KeyEvent { action=ACTION_DOWN, keyCode=KEYCODE_DEL, scanCode=0, metaState=0, flags=0x6, repeatCount=0, eventTime=180620293, downTime=180620293, deviceId=-1, source=0x0, displayId=0 }
09-20 14:31:59.948 24155 24155 V InputMethodManager: dispatchKeyEventFromInputMethod: KeyEvent=KeyEvent { action=ACTION_UP, keyCode=KEYCODE_DEL, scanCode=0, metaState=0, flags=0x6, repeatCount=0, eventTime=180620293, downTime=180620293, deviceId=-1, source=0x0, displayId=0 }
09-20 14:31:59.948 24155 24155 I ViewRootImpl@5a17997[ShadowsocksSettingsActivity]: ViewPostIme key 0
09-20 14:31:59.952 24155 24155 I ViewRootImpl@5a17997[ShadowsocksSettingsActivity]: ViewPostIme key 1
09-20 14:32:00.005 24155 24155 V InputMethodManager: dispatchKeyEventFromInputMethod: KeyEvent=KeyEvent { action=ACTION_DOWN, keyCode=KEYCODE_DEL, scanCode=0, metaState=0, flags=0x6, repeatCount=0, eventTime=180620350, downTime=180620350, deviceId=-1, source=0x0, displayId=0 }
09-20 14:32:00.005 24155 24155 V InputMethodManager: dispatchKeyEventFromInputMethod: KeyEvent=KeyEvent { action=ACTION_UP, keyCode=KEYCODE_DEL, scanCode=0, metaState=0, flags=0x6, repeatCount=0, eventTime=180620351, downTime=180620350, deviceId=-1, source=0x0, displayId=0 }
09-20 14:32:00.006 24155 24155 I ViewRootImpl@5a17997[ShadowsocksSettingsActivity]: ViewPostIme key 0
09-20 14:32:00.009 24155 24155 I ViewRootImpl@5a17997[ShadowsocksSettingsActivity]: ViewPostIme key 1
09-20 14:32:00.061 24155 24155 V InputMethodManager: dispatchKeyEventFromInputMethod: KeyEvent=KeyEvent { action=ACTION_DOWN, keyCode=KEYCODE_DEL, scanCode=0, metaState=0, flags=0x6, repeatCount=0, eventTime=180620406, downTime=180620406, deviceId=-1, source=0x0, displayId=0 }
09-20 14:32:00.062 24155 24155 I ViewRootImpl@5a17997[ShadowsocksSettingsActivity]: ViewPostIme key 0
09-20 14:32:00.065 24155 24155 V InputMethodManager: dispatchKeyEventFromInputMethod: KeyEvent=KeyEvent { action=ACTION_UP, keyCode=KEYCODE_DEL, scanCode=0, metaState=0, flags=0x6, repeatCount=0, eventTime=180620407, downTime=180620406, deviceId=-1, source=0x0, displayId=0 }
09-20 14:32:00.066 24155 24155 I ViewRootImpl@5a17997[ShadowsocksSettingsActivity]: ViewPostIme key 1
09-20 14:32:00.119 24155 24155 V InputMethodManager: dispatchKeyEventFromInputMethod: KeyEvent=KeyEvent { action=ACTION_DOWN, keyCode=KEYCODE_DEL, scanCode=0, metaState=0, flags=0x6, repeatCount=0, eventTime=180620464, downTime=180620464, deviceId=-1, source=0x0, displayId=0 }
09-20 14:32:00.119 24155 24155 V InputMethodManager: dispatchKeyEventFromInputMethod: KeyEvent=KeyEvent { action=ACTION_UP, keyCode=KEYCODE_DEL, scanCode=0, metaState=0, flags=0x6, repeatCount=0, eventTime=180620464, downTime=180620464, deviceId=-1, source=0x0, displayId=0 }
09-20 14:32:00.119 24155 24155 I ViewRootImpl@5a17997[ShadowsocksSettingsActivity]: ViewPostIme key 0
09-20 14:32:00.122 24155 24155 I ViewRootImpl@5a17997[ShadowsocksSettingsActivity]: ViewPostIme key 1
09-20 14:32:00.175 24155 24155 V InputMethodManager: dispatchKeyEventFromInputMethod: KeyEvent=KeyEvent { action=ACTION_DOWN, keyCode=KEYCODE_DEL, scanCode=0, metaState=0, flags=0x6, repeatCount=0, eventTime=180620520, downTime=180620520, deviceId=-1, source=0x0, displayId=0 }
09-20 14:32:00.175 24155 24155 V InputMethodManager: dispatchKeyEventFromInputMethod: KeyEvent=KeyEvent { action=ACTION_UP, keyCode=KEYCODE_DEL, scanCode=0, metaState=0, flags=0x6, repeatCount=0, eventTime=180620520, downTime=180620520, deviceId=-1, source=0x0, displayId=0 }
09-20 14:32:00.175 24155 24155 I ViewRootImpl@5a17997[ShadowsocksSettingsActivity]: ViewPostIme key 0
09-20 14:32:00.178 24155 24155 I ViewRootImpl@5a17997[ShadowsocksSettingsActivity]: ViewPostIme key 1
09-20 14:32:00.232 24155 24155 V InputMethodManager: dispatchKeyEventFromInputMethod: KeyEvent=KeyEvent { action=ACTION_DOWN, keyCode=KEYCODE_DEL, scanCode=0, metaState=0, flags=0x6, repeatCount=0, eventTime=180620577, downTime=180620577, deviceId=-1, source=0x0, displayId=0 }
09-20 14:32:00.232 24155 24155 V InputMethodManager: dispatchKeyEventFromInputMethod: KeyEvent=KeyEvent { action=ACTION_UP, keyCode=KEYCODE_DEL, scanCode=0, metaState=0, flags=0x6, repeatCount=0, eventTime=180620577, downTime=180620577, deviceId=-1, source=0x0, displayId=0 }
09-20 14:32:00.232 24155 24155 I ViewRootImpl@5a17997[ShadowsocksSettingsActivity]: ViewPostIme key 0
09-20 14:32:00.235 24155 24155 I ViewRootImpl@5a17997[ShadowsocksSettingsActivity]: ViewPostIme key 1
09-20 14:32:00.290 24155 24155 V InputMethodManager: dispatchKeyEventFromInputMethod: KeyEvent=KeyEvent { action=ACTION_DOWN, keyCode=KEYCODE_DEL, scanCode=0, metaState=0, flags=0x6, repeatCount=0, eventTime=180620635, downTime=180620635, deviceId=-1, source=0x0, displayId=0 }
09-20 14:32:00.290 24155 24155 V InputMethodManager: dispatchKeyEventFromInputMethod: KeyEvent=KeyEvent { action=ACTION_UP, keyCode=KEYCODE_DEL, scanCode=0, metaState=0, flags=0x6, repeatCount=0, eventTime=180620635, downTime=180620635, deviceId=-1, source=0x0, displayId=0 }
09-20 14:32:00.291 24155 24155 I ViewRootImpl@5a17997[ShadowsocksSettingsActivity]: ViewPostIme key 0
09-20 14:32:00.294 24155 24155 I ViewRootImpl@5a17997[ShadowsocksSettingsActivity]: ViewPostIme key 1
09-20 14:32:00.348 24155 24155 V InputMethodManager: dispatchKeyEventFromInputMethod: KeyEvent=KeyEvent { action=ACTION_DOWN, keyCode=KEYCODE_DEL, scanCode=0, metaState=0, flags=0x6, repeatCount=0, eventTime=180620693, downTime=180620693, deviceId=-1, source=0x0, displayId=0 }
09-20 14:32:00.348 24155 24155 V InputMethodManager: dispatchKeyEventFromInputMethod: KeyEvent=KeyEvent { action=ACTION_UP, keyCode=KEYCODE_DEL, scanCode=0, metaState=0, flags=0x6, repeatCount=0, eventTime=180620693, downTime=180620693, deviceId=-1, source=0x0, displayId=0 }
09-20 14:32:00.348 24155 24155 I ViewRootImpl@5a17997[ShadowsocksSettingsActivity]: ViewPostIme key 0
09-20 14:32:00.352 24155 24155 I ViewRootImpl@5a17997[ShadowsocksSettingsActivity]: ViewPostIme key 1
09-20 14:32:00.404 24155 24155 V InputMethodManager: dispatchKeyEventFromInputMethod: KeyEvent=KeyEvent { action=ACTION_DOWN, keyCode=KEYCODE_DEL, scanCode=0, metaState=0, flags=0x6, repeatCount=0, eventTime=180620749, downTime=180620749, deviceId=-1, source=0x0, displayId=0 }
09-20 14:32:00.404 24155 24155 V InputMethodManager: dispatchKeyEventFromInputMethod: KeyEvent=KeyEvent { action=ACTION_UP, keyCode=KEYCODE_DEL, scanCode=0, metaState=0, flags=0x6, repeatCount=0, eventTime=180620750, downTime=180620749, deviceId=-1, source=0x0, displayId=0 }
09-20 14:32:00.405 24155 24155 I ViewRootImpl@5a17997[ShadowsocksSettingsActivity]: ViewPostIme key 0
09-20 14:32:00.408 24155 24155 I ViewRootImpl@5a17997[ShadowsocksSettingsActivity]: ViewPostIme key 1
09-20 14:32:00.574 24155 24155 V InputMethodManager: dispatchKeyEventFromInputMethod: KeyEvent=KeyEvent { action=ACTION_DOWN, keyCode=KEYCODE_DEL, scanCode=0, metaState=0, flags=0x6, repeatCount=0, eventTime=180620919, downTime=180620919, deviceId=-1, source=0x0, displayId=0 }
09-20 14:32:00.575 24155 24155 V InputMethodManager: dispatchKeyEventFromInputMethod: KeyEvent=KeyEvent { action=ACTION_UP, keyCode=KEYCODE_DEL, scanCode=0, metaState=0, flags=0x6, repeatCount=0, eventTime=180620919, downTime=180620919, deviceId=-1, source=0x0, displayId=0 }
09-20 14:32:00.575 24155 24155 I ViewRootImpl@5a17997[ShadowsocksSettingsActivity]: ViewPostIme key 0
09-20 14:32:00.575 24155 24155 I ViewRootImpl@5a17997[ShadowsocksSettingsActivity]: ViewPostIme key 1
09-20 14:32:00.631 24155 24155 V InputMethodManager: dispatchKeyEventFromInputMethod: KeyEvent=KeyEvent { action=ACTION_DOWN, keyCode=KEYCODE_DEL, scanCode=0, metaState=0, flags=0x6, repeatCount=0, eventTime=180620976, downTime=180620976, deviceId=-1, source=0x0, displayId=0 }
09-20 14:32:00.632 24155 24155 V InputMethodManager: dispatchKeyEventFromInputMethod: KeyEvent=KeyEvent { action=ACTION_UP, keyCode=KEYCODE_DEL, scanCode=0, metaState=0, flags=0x6, repeatCount=0, eventTime=180620976, downTime=180620976, deviceId=-1, source=0x0, displayId=0 }
09-20 14:32:00.632 24155 24155 I ViewRootImpl@5a17997[ShadowsocksSettingsActivity]: ViewPostIme key 0
09-20 14:32:00.632 24155 24155 I ViewRootImpl@5a17997[ShadowsocksSettingsActivity]: ViewPostIme key 1
09-20 14:32:00.688 24155 24155 V InputMethodManager: dispatchKeyEventFromInputMethod: KeyEvent=KeyEvent { action=ACTION_DOWN, keyCode=KEYCODE_DEL, scanCode=0, metaState=0, flags=0x6, repeatCount=0, eventTime=180621033, downTime=180621033, deviceId=-1, source=0x0, displayId=0 }
09-20 14:32:00.689 24155 24155 V InputMethodManager: dispatchKeyEventFromInputMethod: KeyEvent=KeyEvent { action=ACTION_UP, keyCode=KEYCODE_DEL, scanCode=0, metaState=0, flags=0x6, repeatCount=0, eventTime=180621033, downTime=180621033, deviceId=-1, source=0x0, displayId=0 }
09-20 14:32:00.689 24155 24155 I ViewRootImpl@5a17997[ShadowsocksSettingsActivity]: ViewPostIme key 0
09-20 14:32:00.689 24155 24155 I ViewRootImpl@5a17997[ShadowsocksSettingsActivity]: ViewPostIme key 1
09-20 14:32:00.745 24155 24155 V InputMethodManager: dispatchKeyEventFromInputMethod: KeyEvent=KeyEvent { action=ACTION_DOWN, keyCode=KEYCODE_DEL, scanCode=0, metaState=0, flags=0x6, repeatCount=0, eventTime=180621090, downTime=180621090, deviceId=-1, source=0x0, displayId=0 }
09-20 14:32:00.745 24155 24155 V InputMethodManager: dispatchKeyEventFromInputMethod: KeyEvent=KeyEvent { action=ACTION_UP, keyCode=KEYCODE_DEL, scanCode=0, metaState=0, flags=0x6, repeatCount=0, eventTime=180621090, downTime=180621090, deviceId=-1, source=0x0, displayId=0 }
09-20 14:32:00.745 24155 24155 I ViewRootImpl@5a17997[ShadowsocksSettingsActivity]: ViewPostIme key 0
09-20 14:32:00.746 24155 24155 I ViewRootImpl@5a17997[ShadowsocksSettingsActivity]: ViewPostIme key 1
09-20 14:32:03.914 24155 24155 I ViewRootImpl@5a17997[ShadowsocksSettingsActivity]: ViewPostIme pointer 0
09-20 14:32:04.012 24155 24155 I ViewRootImpl@5a17997[ShadowsocksSettingsActivity]: ViewPostIme pointer 1
09-20 14:32:04.013 24155 24155 I IMM_LC  : showSoftInput(View,I)
09-20 14:32:04.013 24155 24155 I IMM_LC  : ssi() - flag : 0 view : moe.matsuri.lite reason = SHOW_SOFT_INPUT
09-20 14:32:04.028 24155 24155 I ViewRootImpl@423c44c[PopupWindow:f587d76]: setView = android.widget.PopupWindow$PopupDecorView@191c19b TM=true
09-20 14:32:04.034 24155 24155 I ViewRootImpl@ceed938[PopupWindow:23fac13]: setView = android.widget.PopupWindow$PopupDecorView@3c0dc77 TM=true
09-20 14:32:04.037 24155 24155 D InsetsController: show(ime(), fromIme=true)
09-20 14:32:04.048 24155 24671 I ViewRootImpl@423c44c[PopupWindow:f587d76]: Resizing android.view.ViewRootImpl@3e4194d: frame=[207,522][260,585] reportDraw=true forceLayout=false backDropFrame=Rect(0, 0 - 53, 63)
09-20 14:32:04.051 24155 24155 I BufferQueueConsumer: [](id:5e5b0000001e,api:0,p:-1,c:24155) connect: controlledByApp=false
09-20 14:32:04.052 24155 24155 I BLASTBufferQueue: [ViewRootImpl@423c44c[PopupWindow:f587d76]#30] constructor()
09-20 14:32:04.052 24155 24155 I ViewRootImpl@423c44c[PopupWindow:f587d76]: Relayout returned: old=(0,45,720,1574) new=(207,522,260,585) req=(53,63)0 dur=11 res=0x7 s={true -5476376636276596736} ch=true fn=-1
09-20 14:32:04.053 24155 24240 I BufferQueueProducer: [ViewRootImpl@423c44c[PopupWindow:f587d76]#30(BLAST Consumer)30](id:5e5b0000001e,api:1,p:24155,c:24155) connect: api=1 producerControlledByApp=true
09-20 14:32:04.053 24155 24240 D OpenGLRenderer: eglCreateWindowSurface
09-20 14:32:04.053 24155 24155 I ViewRootImpl@423c44c[PopupWindow:f587d76]: [DP] dp(1) 0 android.view.ViewRootImpl.reportNextDraw:11420 android.view.ViewRootImpl.performTraversals:4193 android.view.ViewRootImpl.doTraversal:2919 
09-20 14:32:04.053 24155 24155 D ViewRootImpl@423c44c[PopupWindow:f587d76]: Creating frameDrawingCallback nextDrawUseBlastSync=false reportNextDraw=true hasBlurUpdates=false
09-20 14:32:04.054 24155 24155 D ViewRootImpl@423c44c[PopupWindow:f587d76]: Creating frameCompleteCallback
09-20 14:32:04.057 24155 24425 D ViewRootImpl@423c44c[PopupWindow:f587d76]: Received frameDrawingCallback frameNum=1. Creating transactionCompleteCallback=false
09-20 14:32:04.059 24155 24240 D ViewRootImpl@423c44c[PopupWindow:f587d76]: Received frameCompleteCallback  lastAcquiredFrameNum=1 lastAttemptedDrawFrameNum=1
09-20 14:32:04.066 24155 24167 I ViewRootImpl@ceed938[PopupWindow:23fac13]: Resizing android.view.ViewRootImpl@6626c02: frame=[207,470][260,522] reportDraw=true forceLayout=false backDropFrame=Rect(0, 0 - 53, 52)
09-20 14:32:04.068 24155 24155 I BufferQueueConsumer: [](id:5e5b0000001f,api:0,p:-1,c:24155) connect: controlledByApp=false
09-20 14:32:04.068 24155 24155 I BLASTBufferQueue: [ViewRootImpl@ceed938[PopupWindow:23fac13]#31] constructor()
09-20 14:32:04.069 24155 24155 I ViewRootImpl@ceed938[PopupWindow:23fac13]: Relayout returned: old=(0,45,720,1574) new=(207,470,260,522) req=(53,52)0 dur=7 res=0x7 s={true -5476376636276088832} ch=true fn=-1
09-20 14:32:04.070 24155 24240 I BufferQueueProducer: [ViewRootImpl@ceed938[PopupWindow:23fac13]#31(BLAST Consumer)31](id:5e5b0000001f,api:1,p:24155,c:24155) connect: api=1 producerControlledByApp=true
09-20 14:32:04.070 24155 24240 D OpenGLRenderer: eglCreateWindowSurface
09-20 14:32:04.072 24155 24155 I ViewRootImpl@ceed938[PopupWindow:23fac13]: [DP] dp(1) 0 android.view.ViewRootImpl.reportNextDraw:11420 android.view.ViewRootImpl.performTraversals:4193 android.view.ViewRootImpl.doTraversal:2919 
09-20 14:32:04.072 24155 24155 D ViewRootImpl@ceed938[PopupWindow:23fac13]: Creating frameDrawingCallback nextDrawUseBlastSync=false reportNextDraw=true hasBlurUpdates=false
09-20 14:32:04.072 24155 24155 D ViewRootImpl@ceed938[PopupWindow:23fac13]: Creating frameCompleteCallback
09-20 14:32:04.074 24155 24426 D ViewRootImpl@ceed938[PopupWindow:23fac13]: Received frameDrawingCallback frameNum=1. Creating transactionCompleteCallback=false
09-20 14:32:04.076 24155 24240 D ViewRootImpl@ceed938[PopupWindow:23fac13]: Received frameCompleteCallback  lastAcquiredFrameNum=1 lastAttemptedDrawFrameNum=1
09-20 14:32:04.077 24155 24155 I ViewRootImpl@ceed938[PopupWindow:23fac13]: [DP] pdf(0) 0 android.view.ViewRootImpl.lambda$addFrameCompleteCallbackIfNeeded$3$ViewRootImpl:4995 android.view.ViewRootImpl$$ExternalSyntheticLambda16.run:6 android.os.Handler.handleCallback:938 
09-20 14:32:04.077 24155 24155 I ViewRootImpl@ceed938[PopupWindow:23fac13]: [DP] rdf()
09-20 14:32:04.077 24155 24155 D ViewRootImpl@ceed938[PopupWindow:23fac13]: reportDrawFinished (fn: -1) 
09-20 14:32:04.078 24155 24155 I ViewRootImpl@423c44c[PopupWindow:f587d76]: [DP] pdf(0) 0 android.view.ViewRootImpl.lambda$addFrameCompleteCallbackIfNeeded$3$ViewRootImpl:4995 android.view.ViewRootImpl$$ExternalSyntheticLambda16.run:6 android.os.Handler.handleCallback:938 
09-20 14:32:04.078 24155 24155 I ViewRootImpl@423c44c[PopupWindow:f587d76]: [DP] rdf()
09-20 14:32:04.078 24155 24155 D ViewRootImpl@423c44c[PopupWindow:f587d76]: reportDrawFinished (fn: -1) 
09-20 14:32:04.079 24155 24155 I ViewRootImpl@423c44c[PopupWindow:f587d76]: handleResized, msg = 5 frames=ClientWindowFrames{frame=[207,522][260,585] display=[-10000,-10000][10000,10000] backdrop=[0,0][53,63]} forceNextWindowRelayout=false displayId=0 frameChanged=false backdropFrameChanged=true configChanged=false displayChanged=false mNextDrawUseBlastSync=false mergedConfiguration={mGlobalConfig={0.8 432mcc20mnc [fa_IR,en_US] ldrtl sw411dp w411dp h873dp 280dpi nrml long port night finger -keyb/v/h -nav/h winConfig={ mBounds=Rect(0, 0 - 720, 1600) mAppBounds=Rect(0, 45 - 720, 1574) mMaxBounds=Rect(0, 0 - 720, 1600) mWindowingMode=fullscreen mDisplayWindowingMode=fullscreen mActivityType=undefined mAlwaysOnTop=undefined mRotation=ROTATION_0 mPopOver=off mFreeformTaskPinningState=unpinned} s.9034 fontWeightAdjustment=0 ff=0 bf=1 bts=0 enb/d themeSeq=0} mOverrideConfig={0.8 432mcc20mnc [fa_IR,en_US] ldrtl sw411dp w411dp h873dp 280dpi nrml long port night finger -keyb/v/h -nav/h winConfig={ mBounds=Rect(0, 0 - 720, 1600) mAppBounds=Rect(0, 45 - 720, 1574) mMaxBounds=Rect(0, 0 - 720, 1600) mWindowingMode=fullscreen mDisplayWindowingMode=fullscreen mActivityType=standard mAlwaysOnTop=undefined mRotation=ROTATION_0 mPopOver=off mFreeformTaskPinningState=unpinned} s.1 fontWeightAdjustment=0 ff=0 bf=1 bts=0 enb/d themeSeq=0}}
09-20 14:32:04.079 24155 24155 I ViewRootImpl@423c44c[PopupWindow:f587d76]: [DP] dp(1) 0 android.view.ViewRootImpl.reportNextDraw:11420 android.view.ViewRootImpl.handleResized:2230 android.view.ViewRootImpl.access$1200:302 
09-20 14:32:04.079 24155 24155 D ViewRootImpl@423c44c[PopupWindow:f587d76]: Creating frameDrawingCallback nextDrawUseBlastSync=false reportNextDraw=true hasBlurUpdates=false
09-20 14:32:04.079 24155 24155 D ViewRootImpl@423c44c[PopupWindow:f587d76]: Creating frameCompleteCallback
09-20 14:32:04.082 24155 24425 D ViewRootImpl@423c44c[PopupWindow:f587d76]: Received frameDrawingCallback frameNum=2. Creating transactionCompleteCallback=false
09-20 14:32:04.085 24155 24240 D ViewRootImpl@423c44c[PopupWindow:f587d76]: Received frameCompleteCallback  lastAcquiredFrameNum=2 lastAttemptedDrawFrameNum=2
09-20 14:32:04.085 24155 24155 I ViewRootImpl@423c44c[PopupWindow:f587d76]: [DP] pdf(0) 0 android.view.ViewRootImpl.lambda$addFrameCompleteCallbackIfNeeded$3$ViewRootImpl:4995 android.view.ViewRootImpl$$ExternalSyntheticLambda16.run:6 android.os.Handler.handleCallback:938 
09-20 14:32:04.085 24155 24155 I ViewRootImpl@423c44c[PopupWindow:f587d76]: [DP] rdf()
09-20 14:32:04.085 24155 24155 D ViewRootImpl@423c44c[PopupWindow:f587d76]: reportDrawFinished (fn: -1) 
09-20 14:32:04.086 24155 24155 I ViewRootImpl@ceed938[PopupWindow:23fac13]: handleResized, msg = 5 frames=ClientWindowFrames{frame=[207,470][260,522] display=[-10000,-10000][10000,10000] backdrop=[0,0][53,52]} forceNextWindowRelayout=false displayId=0 frameChanged=false backdropFrameChanged=true configChanged=false displayChanged=false mNextDrawUseBlastSync=false mergedConfiguration={mGlobalConfig={0.8 432mcc20mnc [fa_IR,en_US] ldrtl sw411dp w411dp h873dp 280dpi nrml long port night finger -keyb/v/h -nav/h winConfig={ mBounds=Rect(0, 0 - 720, 1600) mAppBounds=Rect(0, 45 - 720, 1574) mMaxBounds=Rect(0, 0 - 720, 1600) mWindowingMode=fullscreen mDisplayWindowingMode=fullscreen mActivityType=undefined mAlwaysOnTop=undefined mRotation=ROTATION_0 mPopOver=off mFreeformTaskPinningState=unpinned} s.9034 fontWeightAdjustment=0 ff=0 bf=1 bts=0 enb/d themeSeq=0} mOverrideConfig={0.8 432mcc20mnc [fa_IR,en_US] ldrtl sw411dp w411dp h873dp 280dpi nrml long port night finger -keyb/v/h -nav/h winConfig={ mBounds=Rect(0, 0 - 720, 1600) mAppBounds=Rect(0, 45 - 720, 1574) mMaxBounds=Rect(0, 0 - 720, 1600) mWindowingMode=fullscreen mDisplayWindowingMode=fullscreen mActivityType=standard mAlwaysOnTop=undefined mRotation=ROTATION_0 mPopOver=off mFreeformTaskPinningState=unpinned} s.1 fontWeightAdjustment=0 ff=0 bf=1 bts=0 enb/d themeSeq=0}}
09-20 14:32:04.086 24155 24155 I ViewRootImpl@ceed938[PopupWindow:23fac13]: [DP] dp(1) 0 android.view.ViewRootImpl.reportNextDraw:11420 android.view.ViewRootImpl.handleResized:2230 android.view.ViewRootImpl.access$1200:302 
09-20 14:32:04.087 24155 24155 D ViewRootImpl@ceed938[PopupWindow:23fac13]: Creating frameDrawingCallback nextDrawUseBlastSync=false reportNextDraw=true hasBlurUpdates=false
09-20 14:32:04.087 24155 24155 D ViewRootImpl@ceed938[PopupWindow:23fac13]: Creating frameCompleteCallback
09-20 14:32:04.090 24155 24426 D ViewRootImpl@ceed938[PopupWindow:23fac13]: Received frameDrawingCallback frameNum=2. Creating transactionCompleteCallback=false
09-20 14:32:04.092 24155 24240 D ViewRootImpl@ceed938[PopupWindow:23fac13]: Received frameCompleteCallback  lastAcquiredFrameNum=2 lastAttemptedDrawFrameNum=2
09-20 14:32:04.099 24155 24155 I ViewRootImpl@ceed938[PopupWindow:23fac13]: [DP] pdf(0) 0 android.view.ViewRootImpl.lambda$addFrameCompleteCallbackIfNeeded$3$ViewRootImpl:4995 android.view.ViewRootImpl$$ExternalSyntheticLambda16.run:6 android.os.Handler.handleCallback:938 
09-20 14:32:04.099 24155 24155 I ViewRootImpl@ceed938[PopupWindow:23fac13]: [DP] rdf()
09-20 14:32:04.099 24155 24155 D ViewRootImpl@ceed938[PopupWindow:23fac13]: reportDrawFinished (fn: -1) 
09-20 14:32:04.682 24155 24155 I ViewRootImpl@5a17997[ShadowsocksSettingsActivity]: ViewPostIme pointer 0
09-20 14:32:04.795 24155 24155 I ViewRootImpl@5a17997[ShadowsocksSettingsActivity]: ViewPostIme pointer 1
09-20 14:32:04.796 24155 24155 I IMM_LC  : showSoftInput(View,I)
09-20 14:32:04.796 24155 24155 I IMM_LC  : ssi() - flag : 0 view : moe.matsuri.lite reason = SHOW_SOFT_INPUT
09-20 14:32:04.809 24155 24155 D InsetsController: show(ime(), fromIme=true)
09-20 14:32:04.827 24155 24155 I ViewRootImpl@423c44c[PopupWindow:f587d76]: Relayout returned: old=(207,522,260,585) new=(239,522,292,585) req=(53,63)0 dur=7 res=0x1 s={true -5476376636276596736} ch=false fn=9
09-20 14:32:04.837 24155 24155 I ViewRootImpl@ceed938[PopupWindow:23fac13]: Relayout returned: old=(207,470,260,522) new=(239,470,292,522) req=(53,52)0 dur=5 res=0x1 s={true -5476376636276088832} ch=false fn=3
09-20 14:32:05.179 24155 24155 I ViewRootImpl@5a17997[ShadowsocksSettingsActivity]: ViewPostIme pointer 0
09-20 14:32:05.278 24155 24155 I ViewRootImpl@5a17997[ShadowsocksSettingsActivity]: ViewPostIme pointer 1
09-20 14:32:05.279 24155 24155 I IMM_LC  : showSoftInput(View,I)
09-20 14:32:05.279 24155 24155 I IMM_LC  : ssi() - flag : 0 view : moe.matsuri.lite reason = SHOW_SOFT_INPUT
09-20 14:32:05.333 24155 24155 I ViewRootImpl@a901362[PopupWindow:6ec422d]: setView = android.widget.PopupWindow$PopupDecorView@3f7d429 TM=true
09-20 14:32:05.349 24155 24168 I ViewRootImpl@a901362[PopupWindow:6ec422d]: Resizing android.view.ViewRootImpl@d1044dc: frame=[-314,310][541,590] reportDraw=true forceLayout=false backDropFrame=Rect(0, 0 - 855, 280)
09-20 14:32:05.351 24155 24155 I BufferQueueConsumer: [](id:5e5b00000020,api:0,p:-1,c:24155) connect: controlledByApp=false
09-20 14:32:05.352 24155 24155 I BLASTBufferQueue: [ViewRootImpl@a901362[PopupWindow:6ec422d]#32] constructor()
09-20 14:32:05.352 24155 24155 I ViewRootImpl@a901362[PopupWindow:6ec422d]: Relayout returned: old=(0,45,720,1574) new=(-314,310,541,590) req=(855,280)0 dur=8 res=0x7 s={true -5476376636274298880} ch=true fn=-1
09-20 14:32:05.353 24155 24240 I BufferQueueProducer: [ViewRootImpl@a901362[PopupWindow:6ec422d]#32(BLAST Consumer)32](id:5e5b00000020,api:1,p:24155,c:24155) connect: api=1 producerControlledByApp=true
09-20 14:32:05.354 24155 24240 D OpenGLRenderer: eglCreateWindowSurface
09-20 14:32:05.360 24155 24155 D AbsListView:  in onLayout changed 
09-20 14:32:05.361 24155 24155 I ViewRootImpl@a901362[PopupWindow:6ec422d]: [DP] dp(1) 0 android.view.ViewRootImpl.reportNextDraw:11420 android.view.ViewRootImpl.performTraversals:4193 android.view.ViewRootImpl.doTraversal:2919 
09-20 14:32:05.362 24155 24155 D ViewRootImpl@a901362[PopupWindow:6ec422d]: Creating frameDrawingCallback nextDrawUseBlastSync=false reportNextDraw=true hasBlurUpdates=false
09-20 14:32:05.362 24155 24155 D ViewRootImpl@a901362[PopupWindow:6ec422d]: Creating frameCompleteCallback
09-20 14:32:05.367 24155 24425 D ViewRootImpl@a901362[PopupWindow:6ec422d]: Received frameDrawingCallback frameNum=1. Creating transactionCompleteCallback=false
09-20 14:32:05.370 24155 24240 D ViewRootImpl@a901362[PopupWindow:6ec422d]: Received frameCompleteCallback  lastAcquiredFrameNum=1 lastAttemptedDrawFrameNum=1
09-20 14:32:05.371 24155 24155 I ViewRootImpl@a901362[PopupWindow:6ec422d]: [DP] pdf(0) 0 android.view.ViewRootImpl.lambda$addFrameCompleteCallbackIfNeeded$3$ViewRootImpl:4995 android.view.ViewRootImpl$$ExternalSyntheticLambda16.run:6 android.os.Handler.handleCallback:938 
09-20 14:32:05.371 24155 24155 I ViewRootImpl@a901362[PopupWindow:6ec422d]: [DP] rdf()
09-20 14:32:05.371 24155 24155 D ViewRootImpl@a901362[PopupWindow:6ec422d]: reportDrawFinished (fn: -1) 
09-20 14:32:05.372 24155 24155 D InsetsController: show(ime(), fromIme=true)
09-20 14:32:05.386 24155 24155 I ViewRootImpl@a901362[PopupWindow:6ec422d]: handleResized, msg = 5 frames=ClientWindowFrames{frame=[-314,310][541,590] display=[-10000,-10000][10000,10000] backdrop=[0,0][855,280]} forceNextWindowRelayout=false displayId=0 frameChanged=false backdropFrameChanged=true configChanged=false displayChanged=false mNextDrawUseBlastSync=false mergedConfiguration={mGlobalConfig={0.8 432mcc20mnc [fa_IR,en_US] ldrtl sw411dp w411dp h873dp 280dpi nrml long port night finger -keyb/v/h -nav/h winConfig={ mBounds=Rect(0, 0 - 720, 1600) mAppBounds=Rect(0, 45 - 720, 1574) mMaxBounds=Rect(0, 0 - 720, 1600) mWindowingMode=fullscreen mDisplayWindowingMode=fullscreen mActivityType=undefined mAlwaysOnTop=undefined mRotation=ROTATION_0 mPopOver=off mFreeformTaskPinningState=unpinned} s.9034 fontWeightAdjustment=0 ff=0 bf=1 bts=0 enb/d themeSeq=0} mOverrideConfig={0.8 432mcc20mnc [fa_IR,en_US] ldrtl sw411dp w411dp h873dp 280dpi nrml long port night finger -keyb/v/h -nav/h winConfig={ mBounds=Rect(0, 0 - 720, 1600) mAppBounds=Rect(0, 45 - 720, 1574) mMaxBounds=Rect(0, 0 - 720, 1600) mWindowingMode=fullscreen mDisplayWindowingMode=fullscreen mActivityType=standard mAlwaysOnTop=undefined mRotation=ROTATION_0 mPopOver=off mFreeformTaskPinningState=unpinned} s.1 fontWeightAdjustment=0 ff=0 bf=1 bts=0 enb/d themeSeq=0}}
09-20 14:32:05.386 24155 24155 I ViewRootImpl@a901362[PopupWindow:6ec422d]: [DP] dp(1) 0 android.view.ViewRootImpl.reportNextDraw:11420 android.view.ViewRootImpl.handleResized:2230 android.view.ViewRootImpl.access$1200:302 
09-20 14:32:05.387 24155 24155 D ViewRootImpl@a901362[PopupWindow:6ec422d]: Creating frameDrawingCallback nextDrawUseBlastSync=false reportNextDraw=true hasBlurUpdates=false
09-20 14:32:05.388 24155 24155 D ViewRootImpl@a901362[PopupWindow:6ec422d]: Creating frameCompleteCallback
09-20 14:32:05.390 24155 24426 D ViewRootImpl@a901362[PopupWindow:6ec422d]: Received frameDrawingCallback frameNum=3. Creating transactionCompleteCallback=false
09-20 14:32:05.395 24155 24240 D ViewRootImpl@a901362[PopupWindow:6ec422d]: Received frameCompleteCallback  lastAcquiredFrameNum=3 lastAttemptedDrawFrameNum=3
09-20 14:32:05.400 24155 24155 I ViewRootImpl@a901362[PopupWindow:6ec422d]: [DP] pdf(0) 0 android.view.ViewRootImpl.lambda$addFrameCompleteCallbackIfNeeded$3$ViewRootImpl:4995 android.view.ViewRootImpl$$ExternalSyntheticLambda16.run:6 android.os.Handler.handleCallback:938 
09-20 14:32:05.400 24155 24155 I ViewRootImpl@a901362[PopupWindow:6ec422d]: [DP] rdf()
09-20 14:32:05.400 24155 24155 D ViewRootImpl@a901362[PopupWindow:6ec422d]: reportDrawFinished (fn: -1) 
09-20 14:32:05.830 24155 24155 I ViewRootImpl@5a17997[ShadowsocksSettingsActivity]: ViewPostIme pointer 0
09-20 14:32:05.904 24155 24240 D OpenGLRenderer: setSurface called with nullptr
09-20 14:32:05.904 24155 24240 D OpenGLRenderer: setSurface() destroyed EGLSurface
09-20 14:32:05.904 24155 24240 D OpenGLRenderer: destroyEglSurface
09-20 14:32:05.905 24155 24240 I BufferQueueProducer: [ViewRootImpl@a901362[PopupWindow:6ec422d]#32(BLAST Consumer)32](id:5e5b00000020,api:1,p:24155,c:24155) disconnect: api 1
09-20 14:32:05.906 24155 24155 I ViewRootImpl@a901362[PopupWindow:6ec422d]: dispatchDetachedFromWindow
09-20 14:32:05.911 24155 24168 I BLASTBufferQueue: [ViewRootImpl@a901362[PopupWindow:6ec422d]#32] destructor()
09-20 14:32:05.912 24155 24168 I BufferQueueConsumer: [ViewRootImpl@a901362[PopupWindow:6ec422d]#32(BLAST Consumer)32](id:5e5b00000020,api:0,p:-1,c:24155) disconnect
09-20 14:32:05.913 24155 24155 D InputTransport: Input channel destroyed: 'c8bfdf4', fd=374
09-20 14:32:05.928 24155 24155 I ViewRootImpl@5a17997[ShadowsocksSettingsActivity]: ViewPostIme pointer 1
09-20 14:32:05.928 24155 24155 D androidtc: Initializing SystemTextClassifier, type = System
09-20 14:32:05.931 24155 24155 I IMM_LC  : showSoftInput(View,I)
09-20 14:32:05.931 24155 24155 I IMM_LC  : ssi() - flag : 0 view : moe.matsuri.lite reason = SHOW_SOFT_INPUT
09-20 14:32:05.950 24155 24155 I ViewRootImpl@423c44c[PopupWindow:f587d76]: Relayout returned: old=(239,522,292,585) new=(194,522,247,585) req=(53,63)0 dur=6 res=0x1 s={true -5476376636276596736} ch=false fn=24
09-20 14:32:05.960 24155 24155 I ViewRootImpl@ceed938[PopupWindow:23fac13]: Relayout returned: old=(239,470,292,522) new=(194,470,247,522) req=(53,52)0 dur=5 res=0x1 s={true -5476376636276088832} ch=false fn=3
09-20 14:32:05.961 24155 24155 D InsetsController: show(ime(), fromIme=true)
09-20 14:32:06.261 24155 24155 I ViewRootImpl@5a17997[ShadowsocksSettingsActivity]: ViewPostIme pointer 0
09-20 14:32:06.377 24155 24155 I ViewRootImpl@5a17997[ShadowsocksSettingsActivity]: ViewPostIme pointer 1
09-20 14:32:06.378 24155 24155 I IMM_LC  : showSoftInput(View,I)
09-20 14:32:06.378 24155 24155 I IMM_LC  : ssi() - flag : 0 view : moe.matsuri.lite reason = SHOW_SOFT_INPUT
09-20 14:32:06.390 24155 24155 D InsetsController: show(ime(), fromIme=true)
09-20 14:32:06.409 24155 24155 I ViewRootImpl@423c44c[PopupWindow:f587d76]: Relayout returned: old=(194,522,247,585) new=(226,522,279,585) req=(53,63)0 dur=7 res=0x1 s={true -5476376636276596736} ch=false fn=33
09-20 14:32:06.418 24155 24155 I ViewRootImpl@ceed938[PopupWindow:23fac13]: Relayout returned: old=(194,470,247,522) new=(226,470,279,522) req=(53,52)0 dur=5 res=0x1 s={true -5476376636276088832} ch=false fn=3
09-20 14:32:08.578 24155 24155 I ViewRootImpl@5a17997[ShadowsocksSettingsActivity]: ViewPostIme pointer 0
09-20 14:32:08.695 24155 24155 I ViewRootImpl@5a17997[ShadowsocksSettingsActivity]: ViewPostIme pointer 1
09-20 14:32:08.696 24155 24155 I IMM_LC  : showSoftInput(View,I)
09-20 14:32:08.696 24155 24155 I IMM_LC  : ssi() - flag : 0 view : moe.matsuri.lite reason = SHOW_SOFT_INPUT
09-20 14:32:08.724 24155 24155 I ViewRootImpl@423c44c[PopupWindow:f587d76]: Relayout returned: old=(226,522,279,585) new=(389,522,442,585) req=(53,63)0 dur=7 res=0x1 s={true -5476376636276596736} ch=false fn=41
09-20 14:32:08.733 24155 24155 I ViewRootImpl@ceed938[PopupWindow:23fac13]: Relayout returned: old=(226,470,279,522) new=(389,470,442,522) req=(53,52)0 dur=5 res=0x1 s={true -5476376636276088832} ch=false fn=3
09-20 14:32:08.734 24155 24155 D InsetsController: show(ime(), fromIme=true)
09-20 14:32:10.626 24155 24155 I ViewRootImpl@5a17997[ShadowsocksSettingsActivity]: ViewPostIme pointer 0
09-20 14:32:10.708 24155 24155 I ViewRootImpl@5a17997[ShadowsocksSettingsActivity]: ViewPostIme pointer 1
09-20 14:32:10.724 24155 24240 D OpenGLRenderer: setSurface called with nullptr
09-20 14:32:10.724 24155 24240 D OpenGLRenderer: setSurface() destroyed EGLSurface
09-20 14:32:10.724 24155 24240 D OpenGLRenderer: destroyEglSurface
09-20 14:32:10.724 24155 24240 I BufferQueueProducer: [ViewRootImpl@5a17997[ShadowsocksSettingsActivity]#24(BLAST Consumer)24](id:5e5b00000018,api:1,p:24155,c:24155) disconnect: api 1
09-20 14:32:10.725 24155 24240 D OpenGLRenderer: endAllActiveAnimators on 0xb4000076ece99000 (RippleDrawable) with handle 0xb4000078f0822ee0
09-20 14:32:10.725 24155 24155 I ViewRootImpl@5a17997[ShadowsocksSettingsActivity]: dispatchDetachedFromWindow
09-20 14:32:10.739 24155 24168 I BLASTBufferQueue: [ViewRootImpl@5a17997[ShadowsocksSettingsActivity]#24] destructor()
09-20 14:32:10.739 24155 24168 I BufferQueueConsumer: [ViewRootImpl@5a17997[ShadowsocksSettingsActivity]#24(BLAST Consumer)24](id:5e5b00000018,api:0,p:-1,c:24155) disconnect
09-20 14:32:10.748 24155 24155 D InputTransport: Input channel destroyed: '3345f1b', fd=232
09-20 14:32:10.749 24155 24155 D InsetsSourceConsumer: setRequestedVisible: visible=false, type=19, host=moe.matsuri.lite/io.nekohasekai.sagernet.ui.profile.ShadowsocksSettingsActivity, from=android.view.InsetsSourceConsumer.hide:253 android.view.ImeInsetsSourceConsumer.hide:68 android.view.ImeInsetsSourceConsumer.setControl:128 android.view.InsetsController.onControlsChanged:863 android.view.ViewRootImpl.doDie:9856 android.view.ViewRootImpl.die:9804 android.view.WindowManagerGlobal.removeViewLocked:609 android.view.WindowManagerGlobal.removeView:550 android.view.WindowManagerImpl.removeViewImmediate:162 android.app.Dialog.dismissDialog:778 
09-20 14:32:10.754 24155 24155 D InsetsSourceConsumer: ensureControlAlpha: for ITYPE_STATUS_BAR on moe.matsuri.lite/io.nekohasekai.sagernet.ui.profile.ShadowsocksSettingsActivity
09-20 14:32:10.780 24155 24155 D InsetsSourceConsumer: ensureControlAlpha: for ITYPE_NAVIGATION_BAR on moe.matsuri.lite/io.nekohasekai.sagernet.ui.profile.ShadowsocksSettingsActivity
09-20 14:32:10.781 24155 24155 I ViewRootImpl@1fbc536[ShadowsocksSettingsActivity]: MSG_WINDOW_FOCUS_CHANGED 1 1
09-20 14:32:10.782 24155 24155 D InputMethodManager: startInputInner - Id : 0
09-20 14:32:10.782 24155 24155 I InputMethodManager: startInputInner - mService.startInputOrWindowGainedFocus
09-20 14:32:10.804 24155 24155 W IInputConnectionWrapper: requestCursorAnchorInfo on inactive InputConnection
09-20 14:32:10.808 24155 24240 D OpenGLRenderer: setSurface called with nullptr
09-20 14:32:10.808 24155 24240 D OpenGLRenderer: setSurface() destroyed EGLSurface
09-20 14:32:10.808 24155 24240 D OpenGLRenderer: destroyEglSurface
09-20 14:32:10.808 24155 24240 I BufferQueueProducer: [ViewRootImpl@423c44c[PopupWindow:f587d76]#30(BLAST Consumer)30](id:5e5b0000001e,api:1,p:24155,c:24155) disconnect: api 1
09-20 14:32:10.809 24155 24155 I ViewRootImpl@423c44c[PopupWindow:f587d76]: dispatchDetachedFromWindow
09-20 14:32:10.813 24155 24155 D InputTransport: Input channel destroyed: '9e0eb8a', fd=325
09-20 14:32:10.813 24155 24240 D OpenGLRenderer: setSurface called with nullptr
09-20 14:32:10.813 24155 24240 D OpenGLRenderer: setSurface() destroyed EGLSurface
09-20 14:32:10.813 24155 24240 D OpenGLRenderer: destroyEglSurface
09-20 14:32:10.814 24155 24240 I BufferQueueProducer: [ViewRootImpl@ceed938[PopupWindow:23fac13]#31(BLAST Consumer)31](id:5e5b0000001f,api:1,p:24155,c:24155) disconnect: api 1
09-20 14:32:10.815 24155 24155 I ViewRootImpl@ceed938[PopupWindow:23fac13]: dispatchDetachedFromWindow
09-20 14:32:10.815 24155 24155 I BLASTBufferQueue: [ViewRootImpl@ceed938[PopupWindow:23fac13]#31] destructor()
09-20 14:32:10.815 24155 24155 I BufferQueueConsumer: [ViewRootImpl@ceed938[PopupWindow:23fac13]#31(BLAST Consumer)31](id:5e5b0000001f,api:0,p:-1,c:24155) disconnect
09-20 14:32:10.820 24155 24155 D InputTransport: Input channel destroyed: '2660871', fd=341
09-20 14:32:10.823 24155 24671 I BLASTBufferQueue: [ViewRootImpl@423c44c[PopupWindow:f587d76]#30] destructor()
09-20 14:32:10.823 24155 24671 I BufferQueueConsumer: [ViewRootImpl@423c44c[PopupWindow:f587d76]#30(BLAST Consumer)30](id:5e5b0000001e,api:0,p:-1,c:24155) disconnect
09-20 14:32:19.437 24155 24155 I ViewRootImpl@1fbc536[ShadowsocksSettingsActivity]: ViewPostIme pointer 0
09-20 14:32:19.518 24155 24155 I ViewRootImpl@1fbc536[ShadowsocksSettingsActivity]: ViewPostIme pointer 1
09-20 14:32:19.546 24155 24155 I ViewRootImpl@9e4eac2[PopupWindow:97a5b0d]: setView = android.widget.PopupWindow$PopupDecorView@2fe9b09 TM=true
09-20 14:32:19.558 24155 24671 I ViewRootImpl@9e4eac2[PopupWindow:97a5b0d]: Resizing android.view.ViewRootImpl@b9af10e: frame=[300,157][594,1389] reportDraw=true forceLayout=false backDropFrame=Rect(0, 0 - 294, 1232)
09-20 14:32:19.561 24155 24155 I BufferQueueConsumer: [](id:5e5b00000021,api:0,p:-1,c:24155) connect: controlledByApp=false
09-20 14:32:19.562 24155 24155 I BLASTBufferQueue: [ViewRootImpl@9e4eac2[PopupWindow:97a5b0d]#33] constructor()
09-20 14:32:19.563 24155 24155 D InsetsSourceConsumer: ensureControlAlpha: for ITYPE_NAVIGATION_BAR on PopupWindow:97a5b0d
09-20 14:32:19.564 24155 24155 D InsetsSourceConsumer: ensureControlAlpha: for ITYPE_STATUS_BAR on PopupWindow:97a5b0d
09-20 14:32:19.565 24155 24155 I ViewRootImpl@9e4eac2[PopupWindow:97a5b0d]: Relayout returned: old=(0,45,720,1574) new=(300,157,594,1389) req=(294,1232)0 dur=8 res=0x7 s={true -5476376636276088832} ch=true fn=-1
09-20 14:32:19.568 24155 24240 I BufferQueueProducer: [ViewRootImpl@9e4eac2[PopupWindow:97a5b0d]#33(BLAST Consumer)33](id:5e5b00000021,api:1,p:24155,c:24155) connect: api=1 producerControlledByApp=true
09-20 14:32:19.569 24155 24240 D OpenGLRenderer: eglCreateWindowSurface
09-20 14:32:19.594 24155 24155 I ViewRootImpl@9e4eac2[PopupWindow:97a5b0d]: [DP] dp(1) 0 android.view.ViewRootImpl.reportNextDraw:11420 android.view.ViewRootImpl.performTraversals:4193 android.view.ViewRootImpl.doTraversal:2919 
09-20 14:32:19.594 24155 24155 D ViewRootImpl@9e4eac2[PopupWindow:97a5b0d]: Creating frameDrawingCallback nextDrawUseBlastSync=false reportNextDraw=true hasBlurUpdates=false
09-20 14:32:19.594 24155 24155 D ViewRootImpl@9e4eac2[PopupWindow:97a5b0d]: Creating frameCompleteCallback
09-20 14:32:19.602 24155 24425 D ViewRootImpl@9e4eac2[PopupWindow:97a5b0d]: Received frameDrawingCallback frameNum=1. Creating transactionCompleteCallback=false
09-20 14:32:19.605 24155 24240 D ViewRootImpl@9e4eac2[PopupWindow:97a5b0d]: Received frameCompleteCallback  lastAcquiredFrameNum=1 lastAttemptedDrawFrameNum=1
09-20 14:32:19.606 24155 24155 I ViewRootImpl@9e4eac2[PopupWindow:97a5b0d]: [DP] pdf(0) 0 android.view.ViewRootImpl.lambda$addFrameCompleteCallbackIfNeeded$3$ViewRootImpl:4995 android.view.ViewRootImpl$$ExternalSyntheticLambda16.run:6 android.os.Handler.handleCallback:938 
09-20 14:32:19.606 24155 24155 I ViewRootImpl@9e4eac2[PopupWindow:97a5b0d]: [DP] rdf()
09-20 14:32:19.606 24155 24155 D ViewRootImpl@9e4eac2[PopupWindow:97a5b0d]: reportDrawFinished (fn: -1) 
09-20 14:32:19.617 24155 24155 I ViewRootImpl@9e4eac2[PopupWindow:97a5b0d]: handleResized, msg = 5 frames=ClientWindowFrames{frame=[300,157][594,1389] display=[0,45][720,1574] backdrop=[0,0][294,1232]} forceNextWindowRelayout=false displayId=0 frameChanged=false backdropFrameChanged=true configChanged=false displayChanged=false mNextDrawUseBlastSync=false mergedConfiguration={mGlobalConfig={0.8 432mcc20mnc [fa_IR,en_US] ldrtl sw411dp w411dp h873dp 280dpi nrml long port night finger -keyb/v/h -nav/h winConfig={ mBounds=Rect(0, 0 - 720, 1600) mAppBounds=Rect(0, 45 - 720, 1574) mMaxBounds=Rect(0, 0 - 720, 1600) mWindowingMode=fullscreen mDisplayWindowingMode=fullscreen mActivityType=undefined mAlwaysOnTop=undefined mRotation=ROTATION_0 mPopOver=off mFreeformTaskPinningState=unpinned} s.9034 fontWeightAdjustment=0 ff=0 bf=1 bts=0 enb/d themeSeq=0} mOverrideConfig={0.8 432mcc20mnc [fa_IR,en_US] ldrtl sw411dp w411dp h873dp 280dpi nrml long port night finger -keyb/v/h -nav/h winConfig={ mBounds=Rect(0, 0 - 720, 1600) mAppBounds=Rect(0, 45 - 720, 1574) mMaxBounds=Rect(0, 0 - 720, 1600) mWindowingMode=fullscreen mDisplayWindowingMode=fullscreen mActivityType=standard mAlwaysOnTop=undefined mRotation=ROTATION_0 mPopOver=off mFreeformTaskPinningState=unpinned} s.1 fontWeightAdjustment=0 ff=0 bf=1 bts=0 enb/d themeSeq=0}}
09-20 14:32:19.618 24155 24155 I ViewRootImpl@9e4eac2[PopupWindow:97a5b0d]: [DP] dp(1) 0 android.view.ViewRootImpl.reportNextDraw:11420 android.view.ViewRootImpl.handleResized:2230 android.view.ViewRootImpl.access$1200:302 
09-20 14:32:19.618 24155 24155 D ViewRootImpl@9e4eac2[PopupWindow:97a5b0d]: Creating frameDrawingCallback nextDrawUseBlastSync=false reportNextDraw=true hasBlurUpdates=false
09-20 14:32:19.618 24155 24155 D ViewRootImpl@9e4eac2[PopupWindow:97a5b0d]: Creating frameCompleteCallback
09-20 14:32:19.623 24155 24426 D ViewRootImpl@9e4eac2[PopupWindow:97a5b0d]: Received frameDrawingCallback frameNum=2. Creating transactionCompleteCallback=false
09-20 14:32:19.626 24155 24240 D ViewRootImpl@9e4eac2[PopupWindow:97a5b0d]: Received frameCompleteCallback  lastAcquiredFrameNum=2 lastAttemptedDrawFrameNum=2
09-20 14:32:19.626 24155 24155 I ViewRootImpl@9e4eac2[PopupWindow:97a5b0d]: [DP] pdf(0) 0 android.view.ViewRootImpl.lambda$addFrameCompleteCallbackIfNeeded$3$ViewRootImpl:4995 android.view.ViewRootImpl$$ExternalSyntheticLambda16.run:6 android.os.Handler.handleCallback:938 
09-20 14:32:19.626 24155 24155 I ViewRootImpl@9e4eac2[PopupWindow:97a5b0d]: [DP] rdf()
09-20 14:32:19.626 24155 24155 D ViewRootImpl@9e4eac2[PopupWindow:97a5b0d]: reportDrawFinished (fn: -1) 
09-20 14:32:19.627 24155 24155 I ViewRootImpl@1fbc536[ShadowsocksSettingsActivity]: MSG_WINDOW_FOCUS_CHANGED 0 1
09-20 14:32:19.639 24155 24155 I ViewRootImpl@9e4eac2[PopupWindow:97a5b0d]: MSG_WINDOW_FOCUS_CHANGED 1 1
09-20 14:32:19.640 24155 24155 D InputMethodManager: startInputInner - Id : 0
09-20 14:32:19.640 24155 24155 I InputMethodManager: startInputInner - mService.startInputOrWindowGainedFocus
09-20 14:32:21.552 24155 24155 I ViewRootImpl@9e4eac2[PopupWindow:97a5b0d]: ViewPostIme pointer 0
09-20 14:32:22.798 24155 24155 I ViewRootImpl@9e4eac2[PopupWindow:97a5b0d]: ViewPostIme pointer 1
09-20 14:32:23.083 24155 24155 I ViewRootImpl@9e4eac2[PopupWindow:97a5b0d]: ViewPostIme pointer 0
09-20 14:32:23.265 24155 24155 I ViewRootImpl@9e4eac2[PopupWindow:97a5b0d]: ViewPostIme pointer 1
09-20 14:32:24.319 24155 24155 I ViewRootImpl@9e4eac2[PopupWindow:97a5b0d]: ViewPostIme pointer 0
09-20 14:32:24.329 24155 24240 D OpenGLRenderer: setSurface called with nullptr
09-20 14:32:24.329 24155 24240 D OpenGLRenderer: setSurface() destroyed EGLSurface
09-20 14:32:24.329 24155 24240 D OpenGLRenderer: destroyEglSurface
09-20 14:32:24.329 24155 24240 I BufferQueueProducer: [ViewRootImpl@9e4eac2[PopupWindow:97a5b0d]#33(BLAST Consumer)33](id:5e5b00000021,api:1,p:24155,c:24155) disconnect: api 1
09-20 14:32:24.331 24155 24155 I ViewRootImpl@9e4eac2[PopupWindow:97a5b0d]: dispatchDetachedFromWindow
09-20 14:32:24.331 24155 24155 I BLASTBufferQueue: [ViewRootImpl@9e4eac2[PopupWindow:97a5b0d]#33] destructor()
09-20 14:32:24.332 24155 24155 I BufferQueueConsumer: [ViewRootImpl@9e4eac2[PopupWindow:97a5b0d]#33(BLAST Consumer)33](id:5e5b00000021,api:0,p:-1,c:24155) disconnect
09-20 14:32:24.348 24155 24155 W InputEventReceiver: Attempted to finish an input event but the input event receiver has already been disposed.
09-20 14:32:24.348 24155 24155 D InputTransport: Input channel destroyed: '309daa ', fd=252
09-20 14:32:24.349 24155 24155 D InsetsSourceConsumer: ensureControlAlpha: for ITYPE_NAVIGATION_BAR on moe.matsuri.lite/io.nekohasekai.sagernet.ui.profile.ShadowsocksSettingsActivity
09-20 14:32:24.350 24155 24155 D InsetsSourceConsumer: ensureControlAlpha: for ITYPE_STATUS_BAR on moe.matsuri.lite/io.nekohasekai.sagernet.ui.profile.ShadowsocksSettingsActivity
09-20 14:32:24.359 24155 24155 I ViewRootImpl@1fbc536[ShadowsocksSettingsActivity]: MSG_WINDOW_FOCUS_CHANGED 1 1
09-20 14:32:24.362 24155 24155 D InputMethodManager: startInputInner - Id : 0
09-20 14:32:24.362 24155 24155 I InputMethodManager: startInputInner - mService.startInputOrWindowGainedFocus
