09-20 14:30:00.587 24155 24155 D InsetsSourceConsumer: ensureControlAlpha: for ITYPE_NAVIGATION_BAR on moe.matsuri.lite/io.nekohasekai.sagernet.ui.GroupSettingsActivity
09-20 14:30:00.588 24155 24155 I ViewRootImpl@fccbef[GroupSettingsActivity]: MSG_WINDOW_FOCUS_CHANGED 1 1
09-20 14:30:00.591 24155 24155 D InputMethodManager: startInputInner - Id : 0
09-20 14:30:00.591 24155 24155 I InputMethodManager: startInputInner - mService.startInputOrWindowGainedFocus
09-20 14:30:00.616 24155 24155 W IInputConnectionWrapper: requestCursorAnchorInfo on inactive InputConnection
09-20 14:30:08.831 24155 24155 I ViewRootImpl@fccbef[GroupSettingsActivity]: ViewPostIme pointer 0
09-20 14:30:09.444 24155 24155 I ViewRootImpl@fccbef[GroupSettingsActivity]: ViewPostIme pointer 1
09-20 14:30:21.203 24155 24155 I ViewRootImpl@fccbef[GroupSettingsActivity]: ViewPostIme pointer 0
09-20 14:30:21.285 24155 24155 I ViewRootImpl@fccbef[GroupSettingsActivity]: ViewPostIme pointer 1
09-20 14:30:23.386 24155 24155 I ViewRootImpl@fccbef[GroupSettingsActivity]: ViewPostIme pointer 0
09-20 14:30:23.517 24155 24155 I ViewRootImpl@fccbef[GroupSettingsActivity]: ViewPostIme pointer 1
09-20 14:30:25.518 24155 24155 I ViewRootImpl@fccbef[GroupSettingsActivity]: ViewPostIme pointer 0
09-20 14:30:25.632 24155 24155 I ViewRootImpl@fccbef[GroupSettingsActivity]: ViewPostIme pointer 1
09-20 14:30:25.637 24155 24155 D ScrollView: initGoToTop
09-20 14:30:25.646 24155 24155 I Dialog  : mIsDeviceDefault = false, mIsSamsungBasicInteraction = false, isMetaDataInActivity = false
09-20 14:30:25.650 24155 24155 I DecorView: [INFO] isPopOver=false, config=false
09-20 14:30:25.650 24155 24155 I DecorView: updateCaptionType >> DecorView@d7e5745[], isFloating=true, isApplication=true, hasWindowControllerCallback=false, hasWindowDecorCaption=false
09-20 14:30:25.650 24155 24155 D DecorView: setCaptionType = 0, this = DecorView@d7e5745[]
09-20 14:30:25.665 24155 24155 D ScrollView: initGoToTop
09-20 14:30:25.674 24155 24155 D InsetsController: show(ime(), fromIme=false)
09-20 14:30:25.674 24155 24155 I IMM_LC  : requestImeShow
09-20 14:30:25.686 24155 24155 I ViewRootImpl@9e9c03e[GroupSettingsActivity]: setView = com.android.internal.policy.DecorView@d7e5745 TM=true
09-20 14:30:25.705 24155 24155 I BufferQueueConsumer: [](id:5e5b0000000e,api:0,p:-1,c:24155) connect: controlledByApp=false
09-20 14:30:25.706 24155 24155 I BLASTBufferQueue: [ViewRootImpl@9e9c03e[GroupSettingsActivity]#14] constructor()
09-20 14:30:25.706 24155 24155 D InsetsSourceConsumer: ensureControlAlpha: for ITYPE_NAVIGATION_BAR on moe.matsuri.lite/io.nekohasekai.sagernet.ui.GroupSettingsActivity
09-20 14:30:25.707 24155 24155 D InsetsSourceConsumer: ensureControlAlpha: for ITYPE_STATUS_BAR on moe.matsuri.lite/io.nekohasekai.sagernet.ui.GroupSettingsActivity
09-20 14:30:25.708 24155 24155 I ViewRootImpl@9e9c03e[GroupSettingsActivity]: Relayout returned: old=(0,45,720,1574) new=(18,662,701,956) req=(683,294)0 dur=8 res=0x7 s={true -5476376636100501504} ch=true fn=-1
09-20 14:30:25.709 24155 24240 I BufferQueueProducer: [ViewRootImpl@9e9c03e[GroupSettingsActivity]#14(BLAST Consumer)14](id:5e5b0000000e,api:1,p:24155,c:24155) connect: api=1 producerControlledByApp=true
09-20 14:30:25.709 24155 24240 D OpenGLRenderer: eglCreateWindowSurface
09-20 14:30:25.716 24155 24155 D ScrollView:  onsize change changed 
09-20 14:30:25.716 24155 24155 D ScrollView:  onsize change changed 
09-20 14:30:25.717 24155 24155 I ViewRootImpl@9e9c03e[GroupSettingsActivity]: [DP] dp(1) 1 android.view.ViewRootImpl.reportNextDraw:11420 android.view.ViewRootImpl.performTraversals:4193 android.view.ViewRootImpl.doTraversal:2919 
09-20 14:30:25.717 24155 24155 D ViewRootImpl@9e9c03e[GroupSettingsActivity]: Creating frameDrawingCallback nextDrawUseBlastSync=false reportNextDraw=true hasBlurUpdates=false
09-20 14:30:25.717 24155 24155 D ViewRootImpl@9e9c03e[GroupSettingsActivity]: Creating frameCompleteCallback
09-20 14:30:25.725 24155 24425 D ViewRootImpl@9e9c03e[GroupSettingsActivity]: Received frameDrawingCallback frameNum=1. Creating transactionCompleteCallback=false
09-20 14:30:25.728 24155 24240 D ViewRootImpl@9e9c03e[GroupSettingsActivity]: Received frameCompleteCallback  lastAcquiredFrameNum=1 lastAttemptedDrawFrameNum=1
09-20 14:30:25.730 24155 24155 I ViewRootImpl@9e9c03e[GroupSettingsActivity]: [DP] pdf(0) 1 android.view.ViewRootImpl.lambda$addFrameCompleteCallbackIfNeeded$3$ViewRootImpl:4995 android.view.ViewRootImpl$$ExternalSyntheticLambda16.run:6 android.os.Handler.handleCallback:938 
09-20 14:30:25.730 24155 24155 I ViewRootImpl@9e9c03e[GroupSettingsActivity]: [DP] rdf()
09-20 14:30:25.730 24155 24155 D ViewRootImpl@9e9c03e[GroupSettingsActivity]: reportDrawFinished (fn: -1) 
09-20 14:30:25.743 24155 24155 I AssistStructure: Flattened final assist data: 3484 bytes, containing 2 windows, 28 views
09-20 14:30:25.743 24155 24155 I ViewRootImpl@fccbef[GroupSettingsActivity]: MSG_WINDOW_FOCUS_CHANGED 0 1
09-20 14:30:25.759 24155 24155 I ViewRootImpl@9e9c03e[GroupSettingsActivity]: MSG_WINDOW_FOCUS_CHANGED 1 1
09-20 14:30:25.761 24155 24155 D InputMethodManager: startInputInner - Id : 0
09-20 14:30:25.761 24155 24155 I InputMethodManager: startInputInner - mService.startInputOrWindowGainedFocus
09-20 14:30:25.780 24155 24155 I IMM_LC  : requestImeShow
09-20 14:30:25.781 24155 24155 I IMM_LC  : ssi() - flag : 0 view : moe.matsuri.lite reason = SHOW_SOFT_INPUT_BY_INSETS_API
09-20 14:30:25.949 24155 24155 D InsetsController: show(ime(), fromIme=true)
09-20 14:30:25.949 24155 24155 D InsetsSourceConsumer: setRequestedVisible: visible=true, type=19, host=moe.matsuri.lite/io.nekohasekai.sagernet.ui.GroupSettingsActivity, from=android.view.InsetsSourceConsumer.show:246 android.view.InsetsController.showDirectly:1489 android.view.InsetsController.controlAnimationUnchecked:1137 android.view.InsetsController.show:942 android.view.ViewRootImpl$ViewRootHandler.handleMessageImpl:6478 android.view.ViewRootImpl$ViewRootHandler.handleMessage:6403 android.os.Handler.dispatchMessage:106 android.os.Looper.loopOnce:226 android.os.Looper.loop:313 android.app.ActivityThread.main:8663 
09-20 14:30:27.067 24155 24155 I ViewRootImpl@9e9c03e[GroupSettingsActivity]: ViewPostIme pointer 0
09-20 14:30:27.164 24155 24155 I ViewRootImpl@9e9c03e[GroupSettingsActivity]: ViewPostIme pointer 1
09-20 14:30:27.180 24155 24240 D OpenGLRenderer: setSurface called with nullptr
09-20 14:30:27.181 24155 24240 D OpenGLRenderer: setSurface() destroyed EGLSurface
09-20 14:30:27.181 24155 24240 D OpenGLRenderer: destroyEglSurface
09-20 14:30:27.182 24155 24240 I BufferQueueProducer: [ViewRootImpl@9e9c03e[GroupSettingsActivity]#14(BLAST Consumer)14](id:5e5b0000000e,api:1,p:24155,c:24155) disconnect: api 1
09-20 14:30:27.182 24155 24240 D OpenGLRenderer: endAllActiveAnimators on 0xb4000076ed054a00 (RippleDrawable) with handle 0xb4000078e22ab7a0
09-20 14:30:27.183 24155 24155 I ViewRootImpl@9e9c03e[GroupSettingsActivity]: dispatchDetachedFromWindow
09-20 14:30:27.195 24155 24695 I BLASTBufferQueue: [ViewRootImpl@9e9c03e[GroupSettingsActivity]#14] destructor()
09-20 14:30:27.195 24155 24695 I BufferQueueConsumer: [ViewRootImpl@9e9c03e[GroupSettingsActivity]#14(BLAST Consumer)14](id:5e5b0000000e,api:0,p:-1,c:24155) disconnect
09-20 14:30:27.198 24155 24155 D InputTransport: Input channel destroyed: '294505f', fd=234
09-20 14:30:27.199 24155 24155 D InsetsSourceConsumer: setRequestedVisible: visible=false, type=19, host=moe.matsuri.lite/io.nekohasekai.sagernet.ui.GroupSettingsActivity, from=android.view.InsetsSourceConsumer.hide:253 android.view.ImeInsetsSourceConsumer.hide:68 android.view.ImeInsetsSourceConsumer.setControl:128 android.view.InsetsController.onControlsChanged:863 android.view.ViewRootImpl.doDie:9856 android.view.ViewRootImpl.die:9804 android.view.WindowManagerGlobal.removeViewLocked:609 android.view.WindowManagerGlobal.removeView:550 android.view.WindowManagerImpl.removeViewImmediate:162 android.app.Dialog.dismissDialog:778 
09-20 14:30:27.200 24155 24155 D InsetsSourceConsumer: ensureControlAlpha: for ITYPE_STATUS_BAR on moe.matsuri.lite/io.nekohasekai.sagernet.ui.GroupSettingsActivity
09-20 14:30:27.232 24155 24155 D InsetsSourceConsumer: ensureControlAlpha: for ITYPE_NAVIGATION_BAR on moe.matsuri.lite/io.nekohasekai.sagernet.ui.GroupSettingsActivity
09-20 14:30:27.233 24155 24155 I ViewRootImpl@fccbef[GroupSettingsActivity]: MSG_WINDOW_FOCUS_CHANGED 1 1
09-20 14:30:27.236 24155 24155 D InputMethodManager: startInputInner - Id : 0
09-20 14:30:27.236 24155 24155 I InputMethodManager: startInputInner - mService.startInputOrWindowGainedFocus
09-20 14:30:27.243 24155 24155 W IInputConnectionWrapper: requestCursorAnchorInfo on inactive InputConnection
09-20 14:30:31.148 24155 24155 I ViewRootImpl@fccbef[GroupSettingsActivity]: ViewPostIme pointer 0
09-20 14:30:31.263 24155 24155 I ViewRootImpl@fccbef[GroupSettingsActivity]: ViewPostIme pointer 1
09-20 14:30:32.279 24155 24155 I ViewRootImpl@fccbef[GroupSettingsActivity]: ViewPostIme pointer 0
09-20 14:30:32.594 24155 24155 I ViewRootImpl@fccbef[GroupSettingsActivity]: ViewPostIme pointer 1
09-20 14:30:33.328 24155 24155 I ViewRootImpl@fccbef[GroupSettingsActivity]: ViewPostIme pointer 0
09-20 14:30:33.443 24155 24155 I ViewRootImpl@fccbef[GroupSettingsActivity]: ViewPostIme pointer 1
09-20 14:30:33.447 24155 24155 D ScrollView: initGoToTop
09-20 14:30:33.454 24155 24155 I Dialog  : mIsDeviceDefault = false, mIsSamsungBasicInteraction = false, isMetaDataInActivity = false
09-20 14:30:33.458 24155 24155 I DecorView: [INFO] isPopOver=false, config=false
09-20 14:30:33.458 24155 24155 I DecorView: updateCaptionType >> DecorView@df91c68[], isFloating=true, isApplication=true, hasWindowControllerCallback=false, hasWindowDecorCaption=false
09-20 14:30:33.458 24155 24155 D DecorView: setCaptionType = 0, this = DecorView@df91c68[]
09-20 14:30:33.475 24155 24155 D ScrollView: initGoToTop
09-20 14:30:33.484 24155 24155 D InsetsController: show(ime(), fromIme=false)
09-20 14:30:33.484 24155 24155 I IMM_LC  : requestImeShow
09-20 14:30:33.492 24155 24155 I ViewRootImpl@3cf8575[GroupSettingsActivity]: setView = com.android.internal.policy.DecorView@df91c68 TM=true
09-20 14:30:33.509 24155 24155 I BufferQueueConsumer: [](id:5e5b0000000f,api:0,p:-1,c:24155) connect: controlledByApp=false
09-20 14:30:33.510 24155 24155 I BLASTBufferQueue: [ViewRootImpl@3cf8575[GroupSettingsActivity]#15] constructor()
09-20 14:30:33.510 24155 24155 D InsetsSourceConsumer: ensureControlAlpha: for ITYPE_NAVIGATION_BAR on moe.matsuri.lite/io.nekohasekai.sagernet.ui.GroupSettingsActivity
09-20 14:30:33.511 24155 24155 D InsetsSourceConsumer: ensureControlAlpha: for ITYPE_STATUS_BAR on moe.matsuri.lite/io.nekohasekai.sagernet.ui.GroupSettingsActivity
09-20 14:30:33.511 24155 24155 I ViewRootImpl@3cf8575[GroupSettingsActivity]: Relayout returned: old=(0,45,720,1574) new=(18,662,701,956) req=(683,294)0 dur=9 res=0x7 s={true -5476376636100501504} ch=true fn=-1
09-20 14:30:33.512 24155 24240 I BufferQueueProducer: [ViewRootImpl@3cf8575[GroupSettingsActivity]#15(BLAST Consumer)15](id:5e5b0000000f,api:1,p:24155,c:24155) connect: api=1 producerControlledByApp=true
09-20 14:30:33.512 24155 24240 D OpenGLRenderer: eglCreateWindowSurface
09-20 14:30:33.519 24155 24155 D ScrollView:  onsize change changed 
09-20 14:30:33.519 24155 24155 D ScrollView:  onsize change changed 
09-20 14:30:33.520 24155 24155 I ViewRootImpl@3cf8575[GroupSettingsActivity]: [DP] dp(1) 1 android.view.ViewRootImpl.reportNextDraw:11420 android.view.ViewRootImpl.performTraversals:4193 android.view.ViewRootImpl.doTraversal:2919 
09-20 14:30:33.521 24155 24155 D ViewRootImpl@3cf8575[GroupSettingsActivity]: Creating frameDrawingCallback nextDrawUseBlastSync=false reportNextDraw=true hasBlurUpdates=false
09-20 14:30:33.521 24155 24155 D ViewRootImpl@3cf8575[GroupSettingsActivity]: Creating frameCompleteCallback
09-20 14:30:33.529 24155 24426 D ViewRootImpl@3cf8575[GroupSettingsActivity]: Received frameDrawingCallback frameNum=1. Creating transactionCompleteCallback=false
09-20 14:30:33.533 24155 24240 D ViewRootImpl@3cf8575[GroupSettingsActivity]: Received frameCompleteCallback  lastAcquiredFrameNum=1 lastAttemptedDrawFrameNum=1
09-20 14:30:33.534 24155 24155 I ViewRootImpl@3cf8575[GroupSettingsActivity]: [DP] pdf(0) 1 android.view.ViewRootImpl.lambda$addFrameCompleteCallbackIfNeeded$3$ViewRootImpl:4995 android.view.ViewRootImpl$$ExternalSyntheticLambda16.run:6 android.os.Handler.handleCallback:938 
09-20 14:30:33.534 24155 24155 I ViewRootImpl@3cf8575[GroupSettingsActivity]: [DP] rdf()
09-20 14:30:33.534 24155 24155 D ViewRootImpl@3cf8575[GroupSettingsActivity]: reportDrawFinished (fn: -1) 
09-20 14:30:33.546 24155 24155 I AssistStructure: Flattened final assist data: 3548 bytes, containing 2 windows, 28 views
09-20 14:30:33.546 24155 24155 I ViewRootImpl@fccbef[GroupSettingsActivity]: MSG_WINDOW_FOCUS_CHANGED 0 1
09-20 14:30:33.554 24155 24155 I ViewRootImpl@3cf8575[GroupSettingsActivity]: MSG_WINDOW_FOCUS_CHANGED 1 1
09-20 14:30:33.556 24155 24155 D InputMethodManager: startInputInner - Id : 0
09-20 14:30:33.556 24155 24155 I InputMethodManager: startInputInner - mService.startInputOrWindowGainedFocus
09-20 14:30:33.572 24155 24155 I IMM_LC  : requestImeShow
09-20 14:30:33.572 24155 24155 I IMM_LC  : ssi() - flag : 0 view : moe.matsuri.lite reason = SHOW_SOFT_INPUT_BY_INSETS_API
09-20 14:30:33.702 24155 24155 D InsetsController: show(ime(), fromIme=true)
09-20 14:30:33.703 24155 24155 D InsetsSourceConsumer: setRequestedVisible: visible=true, type=19, host=moe.matsuri.lite/io.nekohasekai.sagernet.ui.GroupSettingsActivity, from=android.view.InsetsSourceConsumer.show:246 android.view.InsetsController.showDirectly:1489 android.view.InsetsController.controlAnimationUnchecked:1137 android.view.InsetsController.show:942 android.view.ViewRootImpl$ViewRootHandler.handleMessageImpl:6478 android.view.ViewRootImpl$ViewRootHandler.handleMessage:6403 android.os.Handler.dispatchMessage:106 android.os.Looper.loopOnce:226 android.os.Looper.loop:313 android.app.ActivityThread.main:8663 
09-20 14:30:38.766 24155 24155 V InputMethodManager: dispatchKeyEventFromInputMethod: KeyEvent=KeyEvent { action=ACTION_DOWN, keyCode=KEYCODE_DEL, scanCode=0, metaState=0, flags=0x6, repeatCount=0, eventTime=180539109, downTime=180539109, deviceId=-1, source=0x0, displayId=0 }
09-20 14:30:38.767 24155 24155 V InputMethodManager: dispatchKeyEventFromInputMethod: KeyEvent=KeyEvent { action=ACTION_UP, keyCode=KEYCODE_DEL, scanCode=0, metaState=0, flags=0x6, repeatCount=0, eventTime=180539111, downTime=180539109, deviceId=-1, source=0x0, displayId=0 }
09-20 14:30:38.767 24155 24155 I ViewRootImpl@3cf8575[GroupSettingsActivity]: ViewPostIme key 0
09-20 14:30:38.786 24155 24155 I ViewRootImpl@3cf8575[GroupSettingsActivity]: ViewPostIme key 1
09-20 14:30:38.981 24155 24155 V InputMethodManager: dispatchKeyEventFromInputMethod: KeyEvent=KeyEvent { action=ACTION_DOWN, keyCode=KEYCODE_DEL, scanCode=0, metaState=0, flags=0x6, repeatCount=0, eventTime=180539326, downTime=180539326, deviceId=-1, source=0x0, displayId=0 }
09-20 14:30:38.982 24155 24155 V InputMethodManager: dispatchKeyEventFromInputMethod: KeyEvent=KeyEvent { action=ACTION_UP, keyCode=KEYCODE_DEL, scanCode=0, metaState=0, flags=0x6, repeatCount=0, eventTime=180539327, downTime=180539326, deviceId=-1, source=0x0, displayId=0 }
09-20 14:30:38.982 24155 24155 I ViewRootImpl@3cf8575[GroupSettingsActivity]: ViewPostIme key 0
09-20 14:30:38.984 24155 24155 I ViewRootImpl@3cf8575[GroupSettingsActivity]: ViewPostIme key 1
09-20 14:30:39.436 24155 24155 V InputMethodManager: dispatchKeyEventFromInputMethod: KeyEvent=KeyEvent { action=ACTION_DOWN, keyCode=KEYCODE_DEL, scanCode=0, metaState=0, flags=0x6, repeatCount=0, eventTime=180539781, downTime=180539781, deviceId=-1, source=0x0, displayId=0 }
09-20 14:30:39.436 24155 24155 V InputMethodManager: dispatchKeyEventFromInputMethod: KeyEvent=KeyEvent { action=ACTION_UP, keyCode=KEYCODE_DEL, scanCode=0, metaState=0, flags=0x6, repeatCount=0, eventTime=180539782, downTime=180539781, deviceId=-1, source=0x0, displayId=0 }
09-20 14:30:39.437 24155 24155 I ViewRootImpl@3cf8575[GroupSettingsActivity]: ViewPostIme key 0
09-20 14:30:39.440 24155 24155 I ViewRootImpl@3cf8575[GroupSettingsActivity]: ViewPostIme key 1
09-20 14:30:39.913 24155 24155 V InputMethodManager: dispatchKeyEventFromInputMethod: KeyEvent=KeyEvent { action=ACTION_DOWN, keyCode=KEYCODE_DEL, scanCode=0, metaState=0, flags=0x6, repeatCount=0, eventTime=180540258, downTime=180540258, deviceId=-1, source=0x0, displayId=0 }
09-20 14:30:39.913 24155 24155 V InputMethodManager: dispatchKeyEventFromInputMethod: KeyEvent=KeyEvent { action=ACTION_UP, keyCode=KEYCODE_DEL, scanCode=0, metaState=0, flags=0x6, repeatCount=0, eventTime=180540258, downTime=180540258, deviceId=-1, source=0x0, displayId=0 }
09-20 14:30:39.913 24155 24155 I ViewRootImpl@3cf8575[GroupSettingsActivity]: ViewPostIme key 0
09-20 14:30:39.915 24155 24155 I ViewRootImpl@3cf8575[GroupSettingsActivity]: ViewPostIme key 1
09-20 14:30:49.376 24155 24155 V InputMethodManager: dispatchKeyEventFromInputMethod: KeyEvent=KeyEvent { action=ACTION_DOWN, keyCode=KEYCODE_DEL, scanCode=0, metaState=0, flags=0x6, repeatCount=0, eventTime=180549721, downTime=180549721, deviceId=-1, source=0x0, displayId=0 }
09-20 14:30:49.376 24155 24155 V InputMethodManager: dispatchKeyEventFromInputMethod: KeyEvent=KeyEvent { action=ACTION_UP, keyCode=KEYCODE_DEL, scanCode=0, metaState=0, flags=0x6, repeatCount=0, eventTime=180549721, downTime=180549721, deviceId=-1, source=0x0, displayId=0 }
09-20 14:30:49.377 24155 24155 I ViewRootImpl@3cf8575[GroupSettingsActivity]: ViewPostIme key 0
09-20 14:30:49.380 24155 24155 I ViewRootImpl@3cf8575[GroupSettingsActivity]: ViewPostIme key 1
09-20 14:30:49.783 24155 24155 V InputMethodManager: dispatchKeyEventFromInputMethod: KeyEvent=KeyEvent { action=ACTION_DOWN, keyCode=KEYCODE_DEL, scanCode=0, metaState=0, flags=0x6, repeatCount=0, eventTime=180550128, downTime=180550128, deviceId=-1, source=0x0, displayId=0 }
09-20 14:30:49.783 24155 24155 V InputMethodManager: dispatchKeyEventFromInputMethod: KeyEvent=KeyEvent { action=ACTION_UP, keyCode=KEYCODE_DEL, scanCode=0, metaState=0, flags=0x6, repeatCount=0, eventTime=180550129, downTime=180550128, deviceId=-1, source=0x0, displayId=0 }
09-20 14:30:49.784 24155 24155 I ViewRootImpl@3cf8575[GroupSettingsActivity]: ViewPostIme key 0
09-20 14:30:49.786 24155 24155 I ViewRootImpl@3cf8575[GroupSettingsActivity]: ViewPostIme key 1
09-20 14:30:49.841 24155 24155 V InputMethodManager: dispatchKeyEventFromInputMethod: KeyEvent=KeyEvent { action=ACTION_DOWN, keyCode=KEYCODE_DEL, scanCode=0, metaState=0, flags=0x6, repeatCount=0, eventTime=180550186, downTime=180550186, deviceId=-1, source=0x0, displayId=0 }
09-20 14:30:49.841 24155 24155 I ViewRootImpl@3cf8575[GroupSettingsActivity]: ViewPostIme key 0
09-20 14:30:49.857 24155 24155 V InputMethodManager: dispatchKeyEventFromInputMethod: KeyEvent=KeyEvent { action=ACTION_UP, keyCode=KEYCODE_DEL, scanCode=0, metaState=0, flags=0x6, repeatCount=0, eventTime=180550186, downTime=180550186, deviceId=-1, source=0x0, displayId=0 }
09-20 14:30:49.858 24155 24155 I ViewRootImpl@3cf8575[GroupSettingsActivity]: ViewPostIme key 1
09-20 14:30:49.899 24155 24155 V InputMethodManager: dispatchKeyEventFromInputMethod: KeyEvent=KeyEvent { action=ACTION_DOWN, keyCode=KEYCODE_DEL, scanCode=0, metaState=0, flags=0x6, repeatCount=0, eventTime=180550244, downTime=180550244, deviceId=-1, source=0x0, displayId=0 }
09-20 14:30:49.899 24155 24155 V InputMethodManager: dispatchKeyEventFromInputMethod: KeyEvent=KeyEvent { action=ACTION_UP, keyCode=KEYCODE_DEL, scanCode=0, metaState=0, flags=0x6, repeatCount=0, eventTime=180550244, downTime=180550244, deviceId=-1, source=0x0, displayId=0 }
09-20 14:30:49.899 24155 24155 I ViewRootImpl@3cf8575[GroupSettingsActivity]: ViewPostIme key 0
09-20 14:30:49.899 24155 24155 I ViewRootImpl@3cf8575[GroupSettingsActivity]: ViewPostIme key 1
09-20 14:30:49.955 24155 24155 V InputMethodManager: dispatchKeyEventFromInputMethod: KeyEvent=KeyEvent { action=ACTION_DOWN, keyCode=KEYCODE_DEL, scanCode=0, metaState=0, flags=0x6, repeatCount=0, eventTime=180550299, downTime=180550299, deviceId=-1, source=0x0, displayId=0 }
09-20 14:30:49.955 24155 24155 V InputMethodManager: dispatchKeyEventFromInputMethod: KeyEvent=KeyEvent { action=ACTION_UP, keyCode=KEYCODE_DEL, scanCode=0, metaState=0, flags=0x6, repeatCount=0, eventTime=180550300, downTime=180550299, deviceId=-1, source=0x0, displayId=0 }
09-20 14:30:49.955 24155 24155 I ViewRootImpl@3cf8575[GroupSettingsActivity]: ViewPostIme key 0
09-20 14:30:49.955 24155 24155 I ViewRootImpl@3cf8575[GroupSettingsActivity]: ViewPostIme key 1
09-20 14:30:50.010 24155 24155 V InputMethodManager: dispatchKeyEventFromInputMethod: KeyEvent=KeyEvent { action=ACTION_DOWN, keyCode=KEYCODE_DEL, scanCode=0, metaState=0, flags=0x6, repeatCount=0, eventTime=180550355, downTime=180550355, deviceId=-1, source=0x0, displayId=0 }
09-20 14:30:50.011 24155 24155 V InputMethodManager: dispatchKeyEventFromInputMethod: KeyEvent=KeyEvent { action=ACTION_UP, keyCode=KEYCODE_DEL, scanCode=0, metaState=0, flags=0x6, repeatCount=0, eventTime=180550355, downTime=180550355, deviceId=-1, source=0x0, displayId=0 }
09-20 14:30:50.011 24155 24155 I ViewRootImpl@3cf8575[GroupSettingsActivity]: ViewPostIme key 0
09-20 14:30:50.011 24155 24155 I ViewRootImpl@3cf8575[GroupSettingsActivity]: ViewPostIme key 1
09-20 14:30:51.032 24155 24155 I ViewRootImpl@3cf8575[GroupSettingsActivity]: ViewPostIme pointer 0
09-20 14:30:51.164 24155 24155 I ViewRootImpl@3cf8575[GroupSettingsActivity]: ViewPostIme pointer 1
09-20 14:30:51.168 24155 24240 D OpenGLRenderer: setSurface called with nullptr
09-20 14:30:51.168 24155 24240 D OpenGLRenderer: setSurface() destroyed EGLSurface
09-20 14:30:51.168 24155 24240 D OpenGLRenderer: destroyEglSurface
09-20 14:30:51.169 24155 24240 I BufferQueueProducer: [ViewRootImpl@3cf8575[GroupSettingsActivity]#15(BLAST Consumer)15](id:5e5b0000000f,api:1,p:24155,c:24155) disconnect: api 1
09-20 14:30:51.170 24155 24240 D OpenGLRenderer: endAllActiveAnimators on 0xb4000078f1592c00 (RippleDrawable) with handle 0xb40000771daa5e40
09-20 14:30:51.170 24155 24155 I ViewRootImpl@3cf8575[GroupSettingsActivity]: dispatchDetachedFromWindow
09-20 14:30:51.175 24155 24170 I BLASTBufferQueue: [ViewRootImpl@3cf8575[GroupSettingsActivity]#15] destructor()
09-20 14:30:51.175 24155 24170 I BufferQueueConsumer: [ViewRootImpl@3cf8575[GroupSettingsActivity]#15(BLAST Consumer)15](id:5e5b0000000f,api:0,p:-1,c:24155) disconnect
09-20 14:30:51.183 24155 24155 D InputTransport: Input channel destroyed: '51b30eb', fd=271
09-20 14:30:51.183 24155 24155 D InsetsSourceConsumer: setRequestedVisible: visible=false, type=19, host=moe.matsuri.lite/io.nekohasekai.sagernet.ui.GroupSettingsActivity, from=android.view.InsetsSourceConsumer.hide:253 android.view.ImeInsetsSourceConsumer.hide:68 android.view.ImeInsetsSourceConsumer.setControl:128 android.view.InsetsController.onControlsChanged:863 android.view.ViewRootImpl.doDie:9856 android.view.ViewRootImpl.die:9804 android.view.WindowManagerGlobal.removeViewLocked:609 android.view.WindowManagerGlobal.removeView:550 android.view.WindowManagerImpl.removeViewImmediate:162 android.app.Dialog.dismissDialog:778 
09-20 14:30:51.184 24155 24155 D InsetsSourceConsumer: ensureControlAlpha: for ITYPE_STATUS_BAR on moe.matsuri.lite/io.nekohasekai.sagernet.ui.GroupSettingsActivity
09-20 14:30:51.216 24155 24155 D InsetsSourceConsumer: ensureControlAlpha: for ITYPE_NAVIGATION_BAR on moe.matsuri.lite/io.nekohasekai.sagernet.ui.GroupSettingsActivity
09-20 14:30:51.217 24155 24155 I ViewRootImpl@fccbef[GroupSettingsActivity]: MSG_WINDOW_FOCUS_CHANGED 1 1
09-20 14:30:51.219 24155 24155 D InputMethodManager: startInputInner - Id : 0
09-20 14:30:51.219 24155 24155 I InputMethodManager: startInputInner - mService.startInputOrWindowGainedFocus
09-20 14:30:51.233 24155 24155 W IInputConnectionWrapper: requestCursorAnchorInfo on inactive InputConnection
09-20 14:30:52.999 24155 24155 I ViewRootImpl@fccbef[GroupSettingsActivity]: ViewPostIme pointer 0
09-20 14:30:53.096 24155 24155 I ViewRootImpl@fccbef[GroupSettingsActivity]: ViewPostIme pointer 1
09-20 14:30:53.109 24155 24155 D ScrollView: initGoToTop
09-20 14:30:53.117 24155 24155 I Dialog  : mIsDeviceDefault = false, mIsSamsungBasicInteraction = false, isMetaDataInActivity = false
09-20 14:30:53.125 24155 24155 I DecorView: [INFO] isPopOver=false, config=false
09-20 14:30:53.126 24155 24155 I DecorView: updateCaptionType >> DecorView@c8e8927[], isFloating=true, isApplication=true, hasWindowControllerCallback=false, hasWindowDecorCaption=false
09-20 14:30:53.126 24155 24155 D DecorView: setCaptionType = 0, this = DecorView@c8e8927[]
09-20 14:30:53.147 24155 24155 D ScrollView: initGoToTop
09-20 14:30:53.157 24155 24155 D InsetsController: show(ime(), fromIme=false)
09-20 14:30:53.157 24155 24155 I IMM_LC  : requestImeShow
09-20 14:30:53.166 24155 24155 I ViewRootImpl@fdb7458[GroupSettingsActivity]: setView = com.android.internal.policy.DecorView@c8e8927 TM=true
09-20 14:30:53.185 24155 24155 I BufferQueueConsumer: [](id:5e5b00000010,api:0,p:-1,c:24155) connect: controlledByApp=false
09-20 14:30:53.186 24155 24155 I BLASTBufferQueue: [ViewRootImpl@fdb7458[GroupSettingsActivity]#16] constructor()
09-20 14:30:53.187 24155 24155 D InsetsSourceConsumer: ensureControlAlpha: for ITYPE_NAVIGATION_BAR on moe.matsuri.lite/io.nekohasekai.sagernet.ui.GroupSettingsActivity
09-20 14:30:53.187 24155 24155 D InsetsSourceConsumer: ensureControlAlpha: for ITYPE_STATUS_BAR on moe.matsuri.lite/io.nekohasekai.sagernet.ui.GroupSettingsActivity
09-20 14:30:53.188 24155 24155 I ViewRootImpl@fdb7458[GroupSettingsActivity]: Relayout returned: old=(0,45,720,1574) new=(18,662,701,956) req=(683,294)0 dur=6 res=0x7 s={true -5476376636100501504} ch=true fn=-1
09-20 14:30:53.189 24155 24240 I BufferQueueProducer: [ViewRootImpl@fdb7458[GroupSettingsActivity]#16(BLAST Consumer)16](id:5e5b00000010,api:1,p:24155,c:24155) connect: api=1 producerControlledByApp=true
09-20 14:30:53.189 24155 24240 D OpenGLRenderer: eglCreateWindowSurface
09-20 14:30:53.197 24155 24155 D ScrollView:  onsize change changed 
09-20 14:30:53.197 24155 24155 D ScrollView:  onsize change changed 
09-20 14:30:53.198 24155 24155 I ViewRootImpl@fdb7458[GroupSettingsActivity]: [DP] dp(1) 1 android.view.ViewRootImpl.reportNextDraw:11420 android.view.ViewRootImpl.performTraversals:4193 android.view.ViewRootImpl.doTraversal:2919 
09-20 14:30:53.199 24155 24155 D ViewRootImpl@fdb7458[GroupSettingsActivity]: Creating frameDrawingCallback nextDrawUseBlastSync=false reportNextDraw=true hasBlurUpdates=false
09-20 14:30:53.199 24155 24155 D ViewRootImpl@fdb7458[GroupSettingsActivity]: Creating frameCompleteCallback
09-20 14:30:53.207 24155 24425 D ViewRootImpl@fdb7458[GroupSettingsActivity]: Received frameDrawingCallback frameNum=1. Creating transactionCompleteCallback=false
09-20 14:30:53.210 24155 24240 D ViewRootImpl@fdb7458[GroupSettingsActivity]: Received frameCompleteCallback  lastAcquiredFrameNum=1 lastAttemptedDrawFrameNum=1
09-20 14:30:53.211 24155 24155 I ViewRootImpl@fdb7458[GroupSettingsActivity]: [DP] pdf(0) 1 android.view.ViewRootImpl.lambda$addFrameCompleteCallbackIfNeeded$3$ViewRootImpl:4995 android.view.ViewRootImpl$$ExternalSyntheticLambda16.run:6 android.os.Handler.handleCallback:938 
09-20 14:30:53.211 24155 24155 I ViewRootImpl@fdb7458[GroupSettingsActivity]: [DP] rdf()
09-20 14:30:53.211 24155 24155 D ViewRootImpl@fdb7458[GroupSettingsActivity]: reportDrawFinished (fn: -1) 
09-20 14:30:53.223 24155 24155 I AssistStructure: Flattened final assist data: 3548 bytes, containing 2 windows, 28 views
09-20 14:30:53.224 24155 24155 I ViewRootImpl@fccbef[GroupSettingsActivity]: MSG_WINDOW_FOCUS_CHANGED 0 1
09-20 14:30:53.240 24155 24155 I ViewRootImpl@fdb7458[GroupSettingsActivity]: MSG_WINDOW_FOCUS_CHANGED 1 1
09-20 14:30:53.242 24155 24155 D InputMethodManager: startInputInner - Id : 0
09-20 14:30:53.242 24155 24155 I InputMethodManager: startInputInner - mService.startInputOrWindowGainedFocus
09-20 14:30:53.258 24155 24155 I IMM_LC  : requestImeShow
09-20 14:30:53.259 24155 24155 I IMM_LC  : ssi() - flag : 0 view : moe.matsuri.lite reason = SHOW_SOFT_INPUT_BY_INSETS_API
09-20 14:30:53.319 24155 24163 I oe.matsuri.lit: Background concurrent copying GC freed 189820(9208KB) AllocSpace objects, 45(1156KB) LOS objects, 49% free, 13MB/27MB, paused 307us,198us total 206.505ms
09-20 14:30:53.322 24155 24240 D OpenGLRenderer: setSurface called with nullptr
09-20 14:30:53.322 24155 24240 D OpenGLRenderer: setSurface called with nullptr
09-20 14:30:53.323 24155 24240 D OpenGLRenderer: setSurface called with nullptr
09-20 14:30:53.324 24155 24164 D InputTransport: Input channel destroyed: 'ClientS', fd=251
09-20 14:30:53.324 24155 24240 D OpenGLRenderer: setSurface called with nullptr
09-20 14:30:53.327 24155 24164 D InputTransport: Input channel destroyed: 'ClientS', fd=229
09-20 14:30:53.328 24155 24164 D InputTransport: Input channel destroyed: 'ClientS', fd=249
09-20 14:30:53.328 24155 24240 D OpenGLRenderer: setSurface called with nullptr
09-20 14:30:53.329 24155 24164 D InputTransport: Input channel destroyed: 'ClientS', fd=268
09-20 14:30:53.329 24155 24164 D InputTransport: Input channel destroyed: 'ClientS', fd=116
09-20 14:30:53.329 24155 24240 D OpenGLRenderer: setSurface called with nullptr
09-20 14:30:53.329 24155 24164 D InputTransport: Input channel destroyed: 'ClientS', fd=237
09-20 14:30:53.329 24155 24164 D InputTransport: Input channel destroyed: 'ClientS', fd=227
09-20 14:30:53.329 24155 24240 D OpenGLRenderer: setSurface called with nullptr
09-20 14:30:53.330 24155 24164 D InputTransport: Input channel destroyed: 'ClientS', fd=281
09-20 14:30:53.330 24155 24164 D InputTransport: Input channel destroyed: 'ClientS', fd=255
09-20 14:30:53.331 24155 24240 D OpenGLRenderer: setSurface called with nullptr
09-20 14:30:53.332 24155 24164 D InputTransport: Input channel destroyed: 'ClientS', fd=283
09-20 14:30:53.332 24155 24164 D InputTransport: Input channel destroyed: 'ClientS', fd=260
09-20 14:30:53.333 24155 24240 D OpenGLRenderer: setSurface called with nullptr
09-20 14:30:53.333 24155 24164 D InputTransport: Input channel destroyed: 'ClientS', fd=285
09-20 14:30:53.334 24155 24164 D InputTransport: Input channel destroyed: 'ClientS', fd=271
09-20 14:30:53.334 24155 24240 D OpenGLRenderer: setSurface called with nullptr
09-20 14:30:53.336 24155 24164 D InputTransport: Input channel destroyed: 'ClientS', fd=239
09-20 14:30:53.336 24155 24240 D OpenGLRenderer: setSurface called with nullptr
09-20 14:30:53.337 24155 24240 D OpenGLRenderer: setSurface called with nullptr
09-20 14:30:53.430 24155 24155 D InsetsController: show(ime(), fromIme=true)
09-20 14:30:53.430 24155 24155 D InsetsSourceConsumer: setRequestedVisible: visible=true, type=19, host=moe.matsuri.lite/io.nekohasekai.sagernet.ui.GroupSettingsActivity, from=android.view.InsetsSourceConsumer.show:246 android.view.InsetsController.showDirectly:1489 android.view.InsetsController.controlAnimationUnchecked:1137 android.view.InsetsController.show:942 android.view.ViewRootImpl$ViewRootHandler.handleMessageImpl:6478 android.view.ViewRootImpl$ViewRootHandler.handleMessage:6403 android.os.Handler.dispatchMessage:106 android.os.Looper.loopOnce:226 android.os.Looper.loop:313 android.app.ActivityThread.main:8663 
09-20 14:30:54.021 24155 24155 V InputMethodManager: dispatchKeyEventFromInputMethod: KeyEvent=KeyEvent { action=ACTION_DOWN, keyCode=KEYCODE_DEL, scanCode=0, metaState=0, flags=0x6, repeatCount=0, eventTime=180554350, downTime=180554350, deviceId=-1, source=0x0, displayId=0 }
09-20 14:30:54.021 24155 24155 V InputMethodManager: dispatchKeyEventFromInputMethod: KeyEvent=KeyEvent { action=ACTION_UP, keyCode=KEYCODE_DEL, scanCode=0, metaState=0, flags=0x6, repeatCount=0, eventTime=180554350, downTime=180554350, deviceId=-1, source=0x0, displayId=0 }
09-20 14:30:54.022 24155 24155 I ViewRootImpl@fdb7458[GroupSettingsActivity]: ViewPostIme key 0
09-20 14:30:54.028 24155 24155 I ViewRootImpl@fdb7458[GroupSettingsActivity]: ViewPostIme key 1
09-20 14:30:54.417 24155 24155 V InputMethodManager: dispatchKeyEventFromInputMethod: KeyEvent=KeyEvent { action=ACTION_DOWN, keyCode=KEYCODE_DEL, scanCode=0, metaState=0, flags=0x6, repeatCount=0, eventTime=180554762, downTime=180554762, deviceId=-1, source=0x0, displayId=0 }
09-20 14:30:54.417 24155 24155 V InputMethodManager: dispatchKeyEventFromInputMethod: KeyEvent=KeyEvent { action=ACTION_UP, keyCode=KEYCODE_DEL, scanCode=0, metaState=0, flags=0x6, repeatCount=0, eventTime=180554762, downTime=180554762, deviceId=-1, source=0x0, displayId=0 }
09-20 14:30:54.417 24155 24155 I ViewRootImpl@fdb7458[GroupSettingsActivity]: ViewPostIme key 0
09-20 14:30:54.421 24155 24155 I ViewRootImpl@fdb7458[GroupSettingsActivity]: ViewPostIme key 1
09-20 14:30:54.474 24155 24155 V InputMethodManager: dispatchKeyEventFromInputMethod: KeyEvent=KeyEvent { action=ACTION_DOWN, keyCode=KEYCODE_DEL, scanCode=0, metaState=0, flags=0x6, repeatCount=0, eventTime=180554819, downTime=180554819, deviceId=-1, source=0x0, displayId=0 }
09-20 14:30:54.475 24155 24155 V InputMethodManager: dispatchKeyEventFromInputMethod: KeyEvent=KeyEvent { action=ACTION_UP, keyCode=KEYCODE_DEL, scanCode=0, metaState=0, flags=0x6, repeatCount=0, eventTime=180554820, downTime=180554819, deviceId=-1, source=0x0, displayId=0 }
09-20 14:30:54.475 24155 24155 I ViewRootImpl@fdb7458[GroupSettingsActivity]: ViewPostIme key 0
09-20 14:30:54.477 24155 24155 I ViewRootImpl@fdb7458[GroupSettingsActivity]: ViewPostIme key 1
09-20 14:30:54.532 24155 24155 V InputMethodManager: dispatchKeyEventFromInputMethod: KeyEvent=KeyEvent { action=ACTION_DOWN, keyCode=KEYCODE_DEL, scanCode=0, metaState=0, flags=0x6, repeatCount=0, eventTime=180554877, downTime=180554877, deviceId=-1, source=0x0, displayId=0 }
09-20 14:30:54.532 24155 24155 V InputMethodManager: dispatchKeyEventFromInputMethod: KeyEvent=KeyEvent { action=ACTION_UP, keyCode=KEYCODE_DEL, scanCode=0, metaState=0, flags=0x6, repeatCount=0, eventTime=180554877, downTime=180554877, deviceId=-1, source=0x0, displayId=0 }
09-20 14:30:54.532 24155 24155 I ViewRootImpl@fdb7458[GroupSettingsActivity]: ViewPostIme key 0
09-20 14:30:54.534 24155 24155 I ViewRootImpl@fdb7458[GroupSettingsActivity]: ViewPostIme key 1
09-20 14:30:54.588 24155 24155 V InputMethodManager: dispatchKeyEventFromInputMethod: KeyEvent=KeyEvent { action=ACTION_DOWN, keyCode=KEYCODE_DEL, scanCode=0, metaState=0, flags=0x6, repeatCount=0, eventTime=180554933, downTime=180554933, deviceId=-1, source=0x0, displayId=0 }
09-20 14:30:54.588 24155 24155 V InputMethodManager: dispatchKeyEventFromInputMethod: KeyEvent=KeyEvent { action=ACTION_UP, keyCode=KEYCODE_DEL, scanCode=0, metaState=0, flags=0x6, repeatCount=0, eventTime=180554933, downTime=180554933, deviceId=-1, source=0x0, displayId=0 }
09-20 14:30:54.588 24155 24155 I ViewRootImpl@fdb7458[GroupSettingsActivity]: ViewPostIme key 0
09-20 14:30:54.589 24155 24155 I ViewRootImpl@fdb7458[GroupSettingsActivity]: ViewPostIme key 1
09-20 14:30:54.645 24155 24155 V InputMethodManager: dispatchKeyEventFromInputMethod: KeyEvent=KeyEvent { action=ACTION_DOWN, keyCode=KEYCODE_DEL, scanCode=0, metaState=0, flags=0x6, repeatCount=0, eventTime=180554990, downTime=180554990, deviceId=-1, source=0x0, displayId=0 }
09-20 14:30:54.645 24155 24155 V InputMethodManager: dispatchKeyEventFromInputMethod: KeyEvent=KeyEvent { action=ACTION_UP, keyCode=KEYCODE_DEL, scanCode=0, metaState=0, flags=0x6, repeatCount=0, eventTime=180554990, downTime=180554990, deviceId=-1, source=0x0, displayId=0 }
09-20 14:30:54.645 24155 24155 I ViewRootImpl@fdb7458[GroupSettingsActivity]: ViewPostIme key 0
09-20 14:30:54.645 24155 24155 I ViewRootImpl@fdb7458[GroupSettingsActivity]: ViewPostIme key 1
09-20 14:30:54.701 24155 24155 V InputMethodManager: dispatchKeyEventFromInputMethod: KeyEvent=KeyEvent { action=ACTION_DOWN, keyCode=KEYCODE_DEL, scanCode=0, metaState=0, flags=0x6, repeatCount=0, eventTime=180555046, downTime=180555046, deviceId=-1, source=0x0, displayId=0 }
09-20 14:30:54.701 24155 24155 V InputMethodManager: dispatchKeyEventFromInputMethod: KeyEvent=KeyEvent { action=ACTION_UP, keyCode=KEYCODE_DEL, scanCode=0, metaState=0, flags=0x6, repeatCount=0, eventTime=180555046, downTime=180555046, deviceId=-1, source=0x0, displayId=0 }
09-20 14:30:54.701 24155 24155 I ViewRootImpl@fdb7458[GroupSettingsActivity]: ViewPostIme key 0
09-20 14:30:54.701 24155 24155 I ViewRootImpl@fdb7458[GroupSettingsActivity]: ViewPostIme key 1
09-20 14:30:55.945 24155 24155 I ViewRootImpl@fdb7458[GroupSettingsActivity]: ViewPostIme pointer 0
09-20 14:30:56.044 24155 24155 I ViewRootImpl@fdb7458[GroupSettingsActivity]: ViewPostIme pointer 1
09-20 14:30:56.059 24155 24240 D OpenGLRenderer: setSurface called with nullptr
09-20 14:30:56.059 24155 24240 D OpenGLRenderer: setSurface() destroyed EGLSurface
09-20 14:30:56.059 24155 24240 D OpenGLRenderer: destroyEglSurface
09-20 14:30:56.060 24155 24240 I BufferQueueProducer: [ViewRootImpl@fdb7458[GroupSettingsActivity]#16(BLAST Consumer)16](id:5e5b00000010,api:1,p:24155,c:24155) disconnect: api 1
09-20 14:30:56.061 24155 24240 D OpenGLRenderer: endAllActiveAnimators on 0xb4000078f16a7c00 (RippleDrawable) with handle 0xb4000078f080b300
09-20 14:30:56.061 24155 24155 I ViewRootImpl@fdb7458[GroupSettingsActivity]: dispatchDetachedFromWindow
09-20 14:30:56.073 24155 24170 I BLASTBufferQueue: [ViewRootImpl@fdb7458[GroupSettingsActivity]#16] destructor()
09-20 14:30:56.074 24155 24170 I BufferQueueConsumer: [ViewRootImpl@fdb7458[GroupSettingsActivity]#16(BLAST Consumer)16](id:5e5b00000010,api:0,p:-1,c:24155) disconnect
09-20 14:30:56.075 24155 24155 D InputTransport: Input channel destroyed: '59a2369', fd=300
09-20 14:30:56.075 24155 24155 D InsetsSourceConsumer: setRequestedVisible: visible=false, type=19, host=moe.matsuri.lite/io.nekohasekai.sagernet.ui.GroupSettingsActivity, from=android.view.InsetsSourceConsumer.hide:253 android.view.ImeInsetsSourceConsumer.hide:68 android.view.ImeInsetsSourceConsumer.setControl:128 android.view.InsetsController.onControlsChanged:863 android.view.ViewRootImpl.doDie:9856 android.view.ViewRootImpl.die:9804 android.view.WindowManagerGlobal.removeViewLocked:609 android.view.WindowManagerGlobal.removeView:550 android.view.WindowManagerImpl.removeViewImmediate:162 android.app.Dialog.dismissDialog:778 
09-20 14:30:56.076 24155 24155 D InsetsSourceConsumer: ensureControlAlpha: for ITYPE_STATUS_BAR on moe.matsuri.lite/io.nekohasekai.sagernet.ui.GroupSettingsActivity
09-20 14:30:56.087 24155 24155 D InsetsSourceConsumer: ensureControlAlpha: for ITYPE_NAVIGATION_BAR on moe.matsuri.lite/io.nekohasekai.sagernet.ui.GroupSettingsActivity
09-20 14:30:56.112 24155 24155 I ViewRootImpl@fccbef[GroupSettingsActivity]: MSG_WINDOW_FOCUS_CHANGED 1 1
09-20 14:30:56.114 24155 24155 D InputMethodManager: startInputInner - Id : 0
09-20 14:30:56.114 24155 24155 I InputMethodManager: startInputInner - mService.startInputOrWindowGainedFocus
09-20 14:30:56.124 24155 24155 W IInputConnectionWrapper: requestCursorAnchorInfo on inactive InputConnection
09-20 14:30:56.963 24155 24155 I ViewRootImpl@fccbef[GroupSettingsActivity]: ViewPostIme pointer 0
09-20 14:30:57.043 24155 24155 I ViewRootImpl@fccbef[GroupSettingsActivity]: ViewPostIme pointer 1
09-20 14:30:57.056 24155 24155 D ScrollView: initGoToTop
09-20 14:30:57.064 24155 24155 I Dialog  : mIsDeviceDefault = false, mIsSamsungBasicInteraction = false, isMetaDataInActivity = false
09-20 14:30:57.068 24155 24155 I DecorView: [INFO] isPopOver=false, config=false
09-20 14:30:57.069 24155 24155 I DecorView: updateCaptionType >> DecorView@60534e7[], isFloating=true, isApplication=true, hasWindowControllerCallback=false, hasWindowDecorCaption=false
09-20 14:30:57.069 24155 24155 D DecorView: setCaptionType = 0, this = DecorView@60534e7[]
09-20 14:30:57.083 24155 24155 D ScrollView: initGoToTop
09-20 14:30:57.093 24155 24155 D InsetsController: show(ime(), fromIme=false)
09-20 14:30:57.093 24155 24155 I IMM_LC  : requestImeShow
09-20 14:30:57.101 24155 24155 I ViewRootImpl@bc93918[GroupSettingsActivity]: setView = com.android.internal.policy.DecorView@60534e7 TM=true
09-20 14:30:57.116 24155 24155 I BufferQueueConsumer: [](id:5e5b00000011,api:0,p:-1,c:24155) connect: controlledByApp=false
09-20 14:30:57.117 24155 24155 I BLASTBufferQueue: [ViewRootImpl@bc93918[GroupSettingsActivity]#17] constructor()
09-20 14:30:57.117 24155 24155 D InsetsSourceConsumer: ensureControlAlpha: for ITYPE_NAVIGATION_BAR on moe.matsuri.lite/io.nekohasekai.sagernet.ui.GroupSettingsActivity
09-20 14:30:57.118 24155 24155 D InsetsSourceConsumer: ensureControlAlpha: for ITYPE_STATUS_BAR on moe.matsuri.lite/io.nekohasekai.sagernet.ui.GroupSettingsActivity
09-20 14:30:57.119 24155 24155 I ViewRootImpl@bc93918[GroupSettingsActivity]: Relayout returned: old=(0,45,720,1574) new=(18,662,701,956) req=(683,294)0 dur=7 res=0x7 s={true -5476376636100501504} ch=true fn=-1
09-20 14:30:57.120 24155 24240 I BufferQueueProducer: [ViewRootImpl@bc93918[GroupSettingsActivity]#17(BLAST Consumer)17](id:5e5b00000011,api:1,p:24155,c:24155) connect: api=1 producerControlledByApp=true
09-20 14:30:57.120 24155 24240 D OpenGLRenderer: eglCreateWindowSurface
09-20 14:30:57.128 24155 24155 D ScrollView:  onsize change changed 
09-20 14:30:57.128 24155 24155 D ScrollView:  onsize change changed 
09-20 14:30:57.129 24155 24155 I ViewRootImpl@bc93918[GroupSettingsActivity]: [DP] dp(1) 1 android.view.ViewRootImpl.reportNextDraw:11420 android.view.ViewRootImpl.performTraversals:4193 android.view.ViewRootImpl.doTraversal:2919 
09-20 14:30:57.129 24155 24155 D ViewRootImpl@bc93918[GroupSettingsActivity]: Creating frameDrawingCallback nextDrawUseBlastSync=false reportNextDraw=true hasBlurUpdates=false
09-20 14:30:57.129 24155 24155 D ViewRootImpl@bc93918[GroupSettingsActivity]: Creating frameCompleteCallback
09-20 14:30:57.136 24155 24426 D ViewRootImpl@bc93918[GroupSettingsActivity]: Received frameDrawingCallback frameNum=1. Creating transactionCompleteCallback=false
09-20 14:30:57.139 24155 24240 D ViewRootImpl@bc93918[GroupSettingsActivity]: Received frameCompleteCallback  lastAcquiredFrameNum=1 lastAttemptedDrawFrameNum=1
09-20 14:30:57.140 24155 24155 I ViewRootImpl@bc93918[GroupSettingsActivity]: [DP] pdf(0) 1 android.view.ViewRootImpl.lambda$addFrameCompleteCallbackIfNeeded$3$ViewRootImpl:4995 android.view.ViewRootImpl$$ExternalSyntheticLambda16.run:6 android.os.Handler.handleCallback:938 
09-20 14:30:57.140 24155 24155 I ViewRootImpl@bc93918[GroupSettingsActivity]: [DP] rdf()
09-20 14:30:57.140 24155 24155 D ViewRootImpl@bc93918[GroupSettingsActivity]: reportDrawFinished (fn: -1) 
09-20 14:30:57.157 24155 24155 I AssistStructure: Flattened final assist data: 3548 bytes, containing 2 windows, 28 views
09-20 14:30:57.158 24155 24155 I ViewRootImpl@fccbef[GroupSettingsActivity]: MSG_WINDOW_FOCUS_CHANGED 0 1
09-20 14:30:57.161 24155 24155 I ViewRootImpl@bc93918[GroupSettingsActivity]: MSG_WINDOW_FOCUS_CHANGED 1 1
09-20 14:30:57.163 24155 24155 D InputMethodManager: startInputInner - Id : 0
09-20 14:30:57.163 24155 24155 I InputMethodManager: startInputInner - mService.startInputOrWindowGainedFocus
09-20 14:30:57.177 24155 24155 I IMM_LC  : requestImeShow
09-20 14:30:57.177 24155 24155 I IMM_LC  : ssi() - flag : 0 view : moe.matsuri.lite reason = SHOW_SOFT_INPUT_BY_INSETS_API
09-20 14:30:57.310 24155 24155 D InsetsController: show(ime(), fromIme=true)
09-20 14:30:57.311 24155 24155 D InsetsSourceConsumer: setRequestedVisible: visible=true, type=19, host=moe.matsuri.lite/io.nekohasekai.sagernet.ui.GroupSettingsActivity, from=android.view.InsetsSourceConsumer.show:246 android.view.InsetsController.showDirectly:1489 android.view.InsetsController.controlAnimationUnchecked:1137 android.view.InsetsController.show:942 android.view.ViewRootImpl$ViewRootHandler.handleMessageImpl:6478 android.view.ViewRootImpl$ViewRootHandler.handleMessage:6403 android.os.Handler.dispatchMessage:106 android.os.Looper.loopOnce:226 android.os.Looper.loop:313 android.app.ActivityThread.main:8663 
09-20 14:30:57.885 24155 24155 V InputMethodManager: dispatchKeyEventFromInputMethod: KeyEvent=KeyEvent { action=ACTION_DOWN, keyCode=KEYCODE_DEL, scanCode=0, metaState=0, flags=0x6, repeatCount=0, eventTime=180558214, downTime=180558214, deviceId=-1, source=0x0, displayId=0 }
09-20 14:30:57.885 24155 24155 V InputMethodManager: dispatchKeyEventFromInputMethod: KeyEvent=KeyEvent { action=ACTION_UP, keyCode=KEYCODE_DEL, scanCode=0, metaState=0, flags=0x6, repeatCount=0, eventTime=180558215, downTime=180558214, deviceId=-1, source=0x0, displayId=0 }
09-20 14:30:57.886 24155 24155 I ViewRootImpl@bc93918[GroupSettingsActivity]: ViewPostIme key 0
09-20 14:30:57.894 24155 24155 I ViewRootImpl@bc93918[GroupSettingsActivity]: ViewPostIme key 1
09-20 14:30:58.279 24155 24155 V InputMethodManager: dispatchKeyEventFromInputMethod: KeyEvent=KeyEvent { action=ACTION_DOWN, keyCode=KEYCODE_DEL, scanCode=0, metaState=0, flags=0x6, repeatCount=0, eventTime=180558623, downTime=180558623, deviceId=-1, source=0x0, displayId=0 }
09-20 14:30:58.279 24155 24155 I ViewRootImpl@bc93918[GroupSettingsActivity]: ViewPostIme key 0
09-20 14:30:58.286 24155 24155 V InputMethodManager: dispatchKeyEventFromInputMethod: KeyEvent=KeyEvent { action=ACTION_UP, keyCode=KEYCODE_DEL, scanCode=0, metaState=0, flags=0x6, repeatCount=0, eventTime=180558624, downTime=180558623, deviceId=-1, source=0x0, displayId=0 }
09-20 14:30:58.287 24155 24155 I ViewRootImpl@bc93918[GroupSettingsActivity]: ViewPostIme key 1
09-20 14:30:58.335 24155 24155 V InputMethodManager: dispatchKeyEventFromInputMethod: KeyEvent=KeyEvent { action=ACTION_DOWN, keyCode=KEYCODE_DEL, scanCode=0, metaState=0, flags=0x6, repeatCount=0, eventTime=180558680, downTime=180558680, deviceId=-1, source=0x0, displayId=0 }
09-20 14:30:58.335 24155 24155 V InputMethodManager: dispatchKeyEventFromInputMethod: KeyEvent=KeyEvent { action=ACTION_UP, keyCode=KEYCODE_DEL, scanCode=0, metaState=0, flags=0x6, repeatCount=0, eventTime=180558680, downTime=180558680, deviceId=-1, source=0x0, displayId=0 }
09-20 14:30:58.335 24155 24155 I ViewRootImpl@bc93918[GroupSettingsActivity]: ViewPostIme key 0
09-20 14:30:58.338 24155 24155 I ViewRootImpl@bc93918[GroupSettingsActivity]: ViewPostIme key 1
09-20 14:30:58.393 24155 24155 V InputMethodManager: dispatchKeyEventFromInputMethod: KeyEvent=KeyEvent { action=ACTION_DOWN, keyCode=KEYCODE_DEL, scanCode=0, metaState=0, flags=0x6, repeatCount=0, eventTime=180558737, downTime=180558737, deviceId=-1, source=0x0, displayId=0 }
09-20 14:30:58.393 24155 24155 V InputMethodManager: dispatchKeyEventFromInputMethod: KeyEvent=KeyEvent { action=ACTION_UP, keyCode=KEYCODE_DEL, scanCode=0, metaState=0, flags=0x6, repeatCount=0, eventTime=180558738, downTime=180558737, deviceId=-1, source=0x0, displayId=0 }
09-20 14:30:58.393 24155 24155 I ViewRootImpl@bc93918[GroupSettingsActivity]: ViewPostIme key 0
09-20 14:30:58.395 24155 24155 I ViewRootImpl@bc93918[GroupSettingsActivity]: ViewPostIme key 1
09-20 14:30:58.449 24155 24155 V InputMethodManager: dispatchKeyEventFromInputMethod: KeyEvent=KeyEvent { action=ACTION_DOWN, keyCode=KEYCODE_DEL, scanCode=0, metaState=0, flags=0x6, repeatCount=0, eventTime=180558794, downTime=180558794, deviceId=-1, source=0x0, displayId=0 }
09-20 14:30:58.449 24155 24155 V InputMethodManager: dispatchKeyEventFromInputMethod: KeyEvent=KeyEvent { action=ACTION_UP, keyCode=KEYCODE_DEL, scanCode=0, metaState=0, flags=0x6, repeatCount=0, eventTime=180558794, downTime=180558794, deviceId=-1, source=0x0, displayId=0 }
09-20 14:30:58.449 24155 24155 I ViewRootImpl@bc93918[GroupSettingsActivity]: ViewPostIme key 0
09-20 14:30:58.450 24155 24155 I ViewRootImpl@bc93918[GroupSettingsActivity]: ViewPostIme key 1
09-20 14:30:58.504 24155 24155 V InputMethodManager: dispatchKeyEventFromInputMethod: KeyEvent=KeyEvent { action=ACTION_DOWN, keyCode=KEYCODE_DEL, scanCode=0, metaState=0, flags=0x6, repeatCount=0, eventTime=180558850, downTime=180558850, deviceId=-1, source=0x0, displayId=0 }
09-20 14:30:58.505 24155 24155 V InputMethodManager: dispatchKeyEventFromInputMethod: KeyEvent=KeyEvent { action=ACTION_UP, keyCode=KEYCODE_DEL, scanCode=0, metaState=0, flags=0x6, repeatCount=0, eventTime=180558850, downTime=180558850, deviceId=-1, source=0x0, displayId=0 }
09-20 14:30:58.505 24155 24155 I ViewRootImpl@bc93918[GroupSettingsActivity]: ViewPostIme key 0
09-20 14:30:58.505 24155 24155 I ViewRootImpl@bc93918[GroupSettingsActivity]: ViewPostIme key 1
09-20 14:30:58.562 24155 24155 V InputMethodManager: dispatchKeyEventFromInputMethod: KeyEvent=KeyEvent { action=ACTION_DOWN, keyCode=KEYCODE_DEL, scanCode=0, metaState=0, flags=0x6, repeatCount=0, eventTime=180558906, downTime=180558906, deviceId=-1, source=0x0, displayId=0 }
09-20 14:30:58.562 24155 24155 V InputMethodManager: dispatchKeyEventFromInputMethod: KeyEvent=KeyEvent { action=ACTION_UP, keyCode=KEYCODE_DEL, scanCode=0, metaState=0, flags=0x6, repeatCount=0, eventTime=180558907, downTime=180558906, deviceId=-1, source=0x0, displayId=0 }
09-20 14:30:58.562 24155 24155 I ViewRootImpl@bc93918[GroupSettingsActivity]: ViewPostIme key 0
09-20 14:30:58.562 24155 24155 I ViewRootImpl@bc93918[GroupSettingsActivity]: ViewPostIme key 1
09-20 14:30:58.618 24155 24155 V InputMethodManager: dispatchKeyEventFromInputMethod: KeyEvent=KeyEvent { action=ACTION_DOWN, keyCode=KEYCODE_DEL, scanCode=0, metaState=0, flags=0x6, repeatCount=0, eventTime=180558963, downTime=180558963, deviceId=-1, source=0x0, displayId=0 }
