09-20 14:33:21.775 24155 24240 D ViewRootImpl@a1a2ade[ShadowsocksSettingsActivity]: Received frameCompleteCallback  lastAcquiredFrameNum=1 lastAttemptedDrawFrameNum=1
09-20 14:33:21.776 24155 24155 I ViewRootImpl@a1a2ade[ShadowsocksSettingsActivity]: [DP] pdf(0) 1 android.view.ViewRootImpl.lambda$addFrameCompleteCallbackIfNeeded$3$ViewRootImpl:4995 android.view.ViewRootImpl$$ExternalSyntheticLambda16.run:6 android.os.Handler.handleCallback:938 
09-20 14:33:21.776 24155 24155 I ViewRootImpl@a1a2ade[ShadowsocksSettingsActivity]: [DP] rdf()
09-20 14:33:21.776 24155 24155 D ViewRootImpl@a1a2ade[ShadowsocksSettingsActivity]: reportDrawFinished (fn: -1) 
09-20 14:33:21.782 24155 24155 I ViewRootImpl@74fec3c[MainActivity]: MSG_WINDOW_FOCUS_CHANGED 0 1
09-20 14:33:21.809 24155 24155 D InsetsSourceConsumer: ensureControlAlpha: for ITYPE_NAVIGATION_BAR on moe.matsuri.lite/io.nekohasekai.sagernet.ui.profile.ShadowsocksSettingsActivity
09-20 14:33:21.810 24155 24155 D InsetsSourceConsumer: ensureControlAlpha: for ITYPE_STATUS_BAR on moe.matsuri.lite/io.nekohasekai.sagernet.ui.profile.ShadowsocksSettingsActivity
09-20 14:33:21.908 24155 24155 I ViewRootImpl@a1a2ade[ShadowsocksSettingsActivity]: Relayout returned: old=(0,0,720,1600) new=(0,0,720,1600) req=(720,1600)0 dur=5 res=0x1 s={true -5476376636041629696} ch=false fn=3
09-20 14:33:21.933 24155 24155 I ViewRootImpl@a1a2ade[ShadowsocksSettingsActivity]: MSG_WINDOW_FOCUS_CHANGED 1 1
09-20 14:33:21.935 24155 24155 D InputMethodManager: startInputInner - Id : 0
09-20 14:33:21.935 24155 24155 I InputMethodManager: startInputInner - mService.startInputOrWindowGainedFocus
09-20 14:33:21.942 24155 24155 I GestureDetector: handleMessage TAP
09-20 14:33:21.999 24155 24155 I ViewRootImpl@74fec3c[MainActivity]: handleAppVisibility mAppVisible=true visible=false
09-20 14:33:22.022 24155 24240 D OpenGLRenderer: setSurface called with nullptr
09-20 14:33:22.022 24155 24240 D OpenGLRenderer: setSurface() destroyed EGLSurface
09-20 14:33:22.022 24155 24240 D OpenGLRenderer: destroyEglSurface
09-20 14:33:22.022 24155 24240 I BufferQueueProducer: [ViewRootImpl@74fec3c[MainActivity]#36(BLAST Consumer)36](id:5e5b00000024,api:1,p:24155,c:24155) disconnect: api 1
09-20 14:33:22.028 24155 24155 I BLASTBufferQueue: [ViewRootImpl@74fec3c[MainActivity]#36] destructor()
09-20 14:33:22.028 24155 24155 I BufferQueueConsumer: [ViewRootImpl@74fec3c[MainActivity]#36(BLAST Consumer)36](id:5e5b00000024,api:0,p:-1,c:24155) disconnect
09-20 14:33:22.030 24155 24155 I ViewRootImpl@74fec3c[MainActivity]: Relayout returned: old=(0,0,720,1600) new=(0,0,720,1600) req=(720,1600)8 dur=4 res=0x5 s={false 0} ch=true fn=384
09-20 14:33:22.031 24155 24155 I ViewRootImpl@74fec3c[MainActivity]: stopped(true) old=false
09-20 14:33:22.053 24155 24155 I ViewRootImpl@74fec3c[MainActivity]: Relayout returned: old=(0,0,720,1600) new=(0,0,720,1600) req=(720,1600)8 dur=5 res=0x5 s={false 0} ch=false fn=-1
09-20 14:33:22.494 24155 24155 I ViewRootImpl@a1a2ade[ShadowsocksSettingsActivity]: ViewPostIme pointer 0
09-20 14:33:22.589 24155 24155 I ViewRootImpl@a1a2ade[ShadowsocksSettingsActivity]: ViewPostIme pointer 1
09-20 14:33:22.618 24155 24155 D ScrollView: initGoToTop
09-20 14:33:22.625 24155 24155 I Dialog  : mIsDeviceDefault = false, mIsSamsungBasicInteraction = false, isMetaDataInActivity = false
09-20 14:33:22.628 24155 24155 I DecorView: [INFO] isPopOver=false, config=false
09-20 14:33:22.628 24155 24155 I DecorView: updateCaptionType >> DecorView@47d9e57[], isFloating=true, isApplication=true, hasWindowControllerCallback=false, hasWindowDecorCaption=false
09-20 14:33:22.628 24155 24155 D DecorView: setCaptionType = 0, this = DecorView@47d9e57[]
09-20 14:33:22.644 24155 24155 D ScrollView: initGoToTop
09-20 14:33:22.657 24155 24155 D InsetsController: show(ime(), fromIme=false)
09-20 14:33:22.657 24155 24155 I IMM_LC  : requestImeShow
09-20 14:33:22.666 24155 24155 I ViewRootImpl@2b01ec8[ShadowsocksSettingsActivity]: setView = com.android.internal.policy.DecorView@47d9e57 TM=true
09-20 14:33:22.684 24155 24155 I BufferQueueConsumer: [](id:5e5b00000029,api:0,p:-1,c:24155) connect: controlledByApp=false
09-20 14:33:22.684 24155 24155 I BLASTBufferQueue: [ViewRootImpl@2b01ec8[ShadowsocksSettingsActivity]#41] constructor()
09-20 14:33:22.685 24155 24155 D InsetsSourceConsumer: ensureControlAlpha: for ITYPE_NAVIGATION_BAR on moe.matsuri.lite/io.nekohasekai.sagernet.ui.profile.ShadowsocksSettingsActivity
09-20 14:33:22.686 24155 24155 D InsetsSourceConsumer: ensureControlAlpha: for ITYPE_STATUS_BAR on moe.matsuri.lite/io.nekohasekai.sagernet.ui.profile.ShadowsocksSettingsActivity
09-20 14:33:22.687 24155 24155 I ViewRootImpl@2b01ec8[ShadowsocksSettingsActivity]: Relayout returned: old=(0,45,720,1574) new=(18,662,701,956) req=(683,294)0 dur=8 res=0x7 s={true -5476376636276088832} ch=true fn=-1
09-20 14:33:22.689 24155 24240 I BufferQueueProducer: [ViewRootImpl@2b01ec8[ShadowsocksSettingsActivity]#41(BLAST Consumer)41](id:5e5b00000029,api:1,p:24155,c:24155) connect: api=1 producerControlledByApp=true
09-20 14:33:22.689 24155 24240 D OpenGLRenderer: eglCreateWindowSurface
09-20 14:33:22.695 24155 24155 D ScrollView:  onsize change changed 
09-20 14:33:22.696 24155 24155 D ScrollView:  onsize change changed 
09-20 14:33:22.696 24155 24155 I ViewRootImpl@2b01ec8[ShadowsocksSettingsActivity]: [DP] dp(1) 1 android.view.ViewRootImpl.reportNextDraw:11420 android.view.ViewRootImpl.performTraversals:4193 android.view.ViewRootImpl.doTraversal:2919 
09-20 14:33:22.697 24155 24155 D ViewRootImpl@2b01ec8[ShadowsocksSettingsActivity]: Creating frameDrawingCallback nextDrawUseBlastSync=false reportNextDraw=true hasBlurUpdates=false
09-20 14:33:22.697 24155 24155 D ViewRootImpl@2b01ec8[ShadowsocksSettingsActivity]: Creating frameCompleteCallback
09-20 14:33:22.707 24155 24426 D ViewRootImpl@2b01ec8[ShadowsocksSettingsActivity]: Received frameDrawingCallback frameNum=1. Creating transactionCompleteCallback=false
09-20 14:33:22.711 24155 24240 D ViewRootImpl@2b01ec8[ShadowsocksSettingsActivity]: Received frameCompleteCallback  lastAcquiredFrameNum=1 lastAttemptedDrawFrameNum=1
09-20 14:33:22.712 24155 24155 I ViewRootImpl@2b01ec8[ShadowsocksSettingsActivity]: [DP] pdf(0) 1 android.view.ViewRootImpl.lambda$addFrameCompleteCallbackIfNeeded$3$ViewRootImpl:4995 android.view.ViewRootImpl$$ExternalSyntheticLambda16.run:6 android.os.Handler.handleCallback:938 
09-20 14:33:22.712 24155 24155 I ViewRootImpl@2b01ec8[ShadowsocksSettingsActivity]: [DP] rdf()
09-20 14:33:22.712 24155 24155 D ViewRootImpl@2b01ec8[ShadowsocksSettingsActivity]: reportDrawFinished (fn: -1) 
09-20 14:33:22.727 24155 24155 I AssistStructure: Flattened final assist data: 3648 bytes, containing 2 windows, 28 views
09-20 14:33:22.727 24155 24155 I ViewRootImpl@a1a2ade[ShadowsocksSettingsActivity]: MSG_WINDOW_FOCUS_CHANGED 0 1
09-20 14:33:22.749 24155 24155 I ViewRootImpl@2b01ec8[ShadowsocksSettingsActivity]: MSG_WINDOW_FOCUS_CHANGED 1 1
09-20 14:33:22.751 24155 24155 D InputMethodManager: startInputInner - Id : 0
09-20 14:33:22.751 24155 24155 I InputMethodManager: startInputInner - mService.startInputOrWindowGainedFocus
09-20 14:33:22.802 24155 24155 I IMM_LC  : requestImeShow
09-20 14:33:22.802 24155 24155 I IMM_LC  : ssi() - flag : 0 view : moe.matsuri.lite reason = SHOW_SOFT_INPUT_BY_INSETS_API
09-20 14:33:22.978 24155 24155 D InsetsController: show(ime(), fromIme=true)
09-20 14:33:22.979 24155 24155 D InsetsSourceConsumer: setRequestedVisible: visible=true, type=19, host=moe.matsuri.lite/io.nekohasekai.sagernet.ui.profile.ShadowsocksSettingsActivity, from=android.view.InsetsSourceConsumer.show:246 android.view.InsetsController.showDirectly:1489 android.view.InsetsController.controlAnimationUnchecked:1137 android.view.InsetsController.show:942 android.view.ViewRootImpl$ViewRootHandler.handleMessageImpl:6478 android.view.ViewRootImpl$ViewRootHandler.handleMessage:6403 android.os.Handler.dispatchMessage:106 android.os.Looper.loopOnce:226 android.os.Looper.loop:313 android.app.ActivityThread.main:8663 
09-20 14:33:23.590 24155 24155 I ViewRootImpl@2b01ec8[ShadowsocksSettingsActivity]: ViewPostIme pointer 0
09-20 14:33:23.705 24155 24155 I ViewRootImpl@2b01ec8[ShadowsocksSettingsActivity]: ViewPostIme pointer 1
09-20 14:33:23.706 24155 24155 I IMM_LC  : showSoftInput(View,I)
09-20 14:33:23.706 24155 24155 I IMM_LC  : ssi() - flag : 0 view : moe.matsuri.lite reason = SHOW_SOFT_INPUT
09-20 14:33:23.722 24155 24155 I ViewRootImpl@e52d6c2[PopupWindow:c7c770d]: setView = android.widget.PopupWindow$PopupDecorView@a067709 TM=true
09-20 14:33:23.734 24155 24155 I ViewRootImpl@9d0532f[PopupWindow:6fb9d0e]: setView = android.widget.PopupWindow$PopupDecorView@2587c1a TM=true
09-20 14:33:23.746 24155 29163 I ViewRootImpl@e52d6c2[PopupWindow:c7c770d]: Resizing android.view.ViewRootImpl@142a128: frame=[263,522][316,585] reportDraw=true forceLayout=false backDropFrame=Rect(0, 0 - 53, 63)
09-20 14:33:23.749 24155 24155 I BufferQueueConsumer: [](id:5e5b0000002a,api:0,p:-1,c:24155) connect: controlledByApp=false
09-20 14:33:23.750 24155 24155 I BLASTBufferQueue: [ViewRootImpl@e52d6c2[PopupWindow:c7c770d]#42] constructor()
09-20 14:33:23.750 24155 24155 I ViewRootImpl@e52d6c2[PopupWindow:c7c770d]: Relayout returned: old=(0,45,720,1574) new=(263,522,316,585) req=(53,63)0 dur=9 res=0x7 s={true -5476376627436716032} ch=true fn=-1
09-20 14:33:23.751 24155 24240 I BufferQueueProducer: [ViewRootImpl@e52d6c2[PopupWindow:c7c770d]#42(BLAST Consumer)42](id:5e5b0000002a,api:1,p:24155,c:24155) connect: api=1 producerControlledByApp=true
09-20 14:33:23.751 24155 24240 D OpenGLRenderer: eglCreateWindowSurface
09-20 14:33:23.752 24155 24155 I ViewRootImpl@e52d6c2[PopupWindow:c7c770d]: [DP] dp(1) 0 android.view.ViewRootImpl.reportNextDraw:11420 android.view.ViewRootImpl.performTraversals:4193 android.view.ViewRootImpl.doTraversal:2919 
09-20 14:33:23.752 24155 24155 D ViewRootImpl@e52d6c2[PopupWindow:c7c770d]: Creating frameDrawingCallback nextDrawUseBlastSync=false reportNextDraw=true hasBlurUpdates=false
09-20 14:33:23.752 24155 24155 D ViewRootImpl@e52d6c2[PopupWindow:c7c770d]: Creating frameCompleteCallback
09-20 14:33:23.754 24155 24426 D ViewRootImpl@e52d6c2[PopupWindow:c7c770d]: Received frameDrawingCallback frameNum=1. Creating transactionCompleteCallback=false
09-20 14:33:23.757 24155 24240 D ViewRootImpl@e52d6c2[PopupWindow:c7c770d]: Received frameCompleteCallback  lastAcquiredFrameNum=1 lastAttemptedDrawFrameNum=1
09-20 14:33:23.765 24155 24167 I ViewRootImpl@9d0532f[PopupWindow:6fb9d0e]: Resizing android.view.ViewRootImpl@368fe41: frame=[263,470][316,522] reportDraw=true forceLayout=false backDropFrame=Rect(0, 0 - 53, 52)
09-20 14:33:23.768 24155 24155 I BufferQueueConsumer: [](id:5e5b0000002b,api:0,p:-1,c:24155) connect: controlledByApp=false
09-20 14:33:23.769 24155 24155 I BLASTBufferQueue: [ViewRootImpl@9d0532f[PopupWindow:6fb9d0e]#43] constructor()
09-20 14:33:23.770 24155 24155 I ViewRootImpl@9d0532f[PopupWindow:6fb9d0e]: Relayout returned: old=(0,45,720,1574) new=(263,470,316,522) req=(53,52)0 dur=9 res=0x7 s={true -5476376627436609536} ch=true fn=-1
09-20 14:33:23.770 24155 24240 I BufferQueueProducer: [ViewRootImpl@9d0532f[PopupWindow:6fb9d0e]#43(BLAST Consumer)43](id:5e5b0000002b,api:1,p:24155,c:24155) connect: api=1 producerControlledByApp=true
09-20 14:33:23.771 24155 24240 D OpenGLRenderer: eglCreateWindowSurface
09-20 14:33:23.771 24155 24155 I ViewRootImpl@9d0532f[PopupWindow:6fb9d0e]: [DP] dp(1) 0 android.view.ViewRootImpl.reportNextDraw:11420 android.view.ViewRootImpl.performTraversals:4193 android.view.ViewRootImpl.doTraversal:2919 
09-20 14:33:23.771 24155 24155 D ViewRootImpl@9d0532f[PopupWindow:6fb9d0e]: Creating frameDrawingCallback nextDrawUseBlastSync=false reportNextDraw=true hasBlurUpdates=false
09-20 14:33:23.771 24155 24155 D ViewRootImpl@9d0532f[PopupWindow:6fb9d0e]: Creating frameCompleteCallback
09-20 14:33:23.774 24155 24425 D ViewRootImpl@9d0532f[PopupWindow:6fb9d0e]: Received frameDrawingCallback frameNum=1. Creating transactionCompleteCallback=false
09-20 14:33:23.777 24155 24240 D ViewRootImpl@9d0532f[PopupWindow:6fb9d0e]: Received frameCompleteCallback  lastAcquiredFrameNum=1 lastAttemptedDrawFrameNum=1
09-20 14:33:23.780 24155 24155 I ViewRootImpl@9d0532f[PopupWindow:6fb9d0e]: [DP] pdf(0) 0 android.view.ViewRootImpl.lambda$addFrameCompleteCallbackIfNeeded$3$ViewRootImpl:4995 android.view.ViewRootImpl$$ExternalSyntheticLambda16.run:6 android.os.Handler.handleCallback:938 
09-20 14:33:23.780 24155 24155 I ViewRootImpl@9d0532f[PopupWindow:6fb9d0e]: [DP] rdf()
09-20 14:33:23.780 24155 24155 D ViewRootImpl@9d0532f[PopupWindow:6fb9d0e]: reportDrawFinished (fn: -1) 
09-20 14:33:23.780 24155 24155 I ViewRootImpl@e52d6c2[PopupWindow:c7c770d]: [DP] pdf(0) 0 android.view.ViewRootImpl.lambda$addFrameCompleteCallbackIfNeeded$3$ViewRootImpl:4995 android.view.ViewRootImpl$$ExternalSyntheticLambda16.run:6 android.os.Handler.handleCallback:938 
09-20 14:33:23.780 24155 24155 I ViewRootImpl@e52d6c2[PopupWindow:c7c770d]: [DP] rdf()
09-20 14:33:23.780 24155 24155 D ViewRootImpl@e52d6c2[PopupWindow:c7c770d]: reportDrawFinished (fn: -1) 
09-20 14:33:23.783 24155 24155 D InsetsController: show(ime(), fromIme=true)
09-20 14:33:23.788 24155 24155 I ViewRootImpl@e52d6c2[PopupWindow:c7c770d]: handleResized, msg = 5 frames=ClientWindowFrames{frame=[263,522][316,585] display=[-10000,-10000][10000,10000] backdrop=[0,0][53,63]} forceNextWindowRelayout=false displayId=0 frameChanged=false backdropFrameChanged=true configChanged=false displayChanged=false mNextDrawUseBlastSync=false mergedConfiguration={mGlobalConfig={0.8 432mcc20mnc [fa_IR,en_US] ldrtl sw411dp w411dp h873dp 280dpi nrml long port night finger -keyb/v/h -nav/h winConfig={ mBounds=Rect(0, 0 - 720, 1600) mAppBounds=Rect(0, 45 - 720, 1574) mMaxBounds=Rect(0, 0 - 720, 1600) mWindowingMode=fullscreen mDisplayWindowingMode=fullscreen mActivityType=undefined mAlwaysOnTop=undefined mRotation=ROTATION_0 mPopOver=off mFreeformTaskPinningState=unpinned} s.9034 fontWeightAdjustment=0 ff=0 bf=1 bts=0 enb/d themeSeq=0} mOverrideConfig={0.8 432mcc20mnc [fa_IR,en_US] ldrtl sw411dp w411dp h873dp 280dpi nrml long port night finger -keyb/v/h -nav/h winConfig={ mBounds=Rect(0, 0 - 720, 1600) mAppBounds=Rect(0, 45 - 720, 1574) mMaxBounds=Rect(0, 0 - 720, 1600) mWindowingMode=fullscreen mDisplayWindowingMode=fullscreen mActivityType=standard mAlwaysOnTop=undefined mRotation=ROTATION_0 mPopOver=off mFreeformTaskPinningState=unpinned} s.1 fontWeightAdjustment=0 ff=0 bf=1 bts=0 enb/d themeSeq=0}}
09-20 14:33:23.789 24155 24155 I ViewRootImpl@e52d6c2[PopupWindow:c7c770d]: [DP] dp(1) 0 android.view.ViewRootImpl.reportNextDraw:11420 android.view.ViewRootImpl.handleResized:2230 android.view.ViewRootImpl.access$1200:302 
09-20 14:33:23.789 24155 24155 I ViewRootImpl@9d0532f[PopupWindow:6fb9d0e]: handleResized, msg = 5 frames=ClientWindowFrames{frame=[263,470][316,522] display=[-10000,-10000][10000,10000] backdrop=[0,0][53,52]} forceNextWindowRelayout=false displayId=0 frameChanged=false backdropFrameChanged=true configChanged=false displayChanged=false mNextDrawUseBlastSync=false mergedConfiguration={mGlobalConfig={0.8 432mcc20mnc [fa_IR,en_US] ldrtl sw411dp w411dp h873dp 280dpi nrml long port night finger -keyb/v/h -nav/h winConfig={ mBounds=Rect(0, 0 - 720, 1600) mAppBounds=Rect(0, 45 - 720, 1574) mMaxBounds=Rect(0, 0 - 720, 1600) mWindowingMode=fullscreen mDisplayWindowingMode=fullscreen mActivityType=undefined mAlwaysOnTop=undefined mRotation=ROTATION_0 mPopOver=off mFreeformTaskPinningState=unpinned} s.9034 fontWeightAdjustment=0 ff=0 bf=1 bts=0 enb/d themeSeq=0} mOverrideConfig={0.8 432mcc20mnc [fa_IR,en_US] ldrtl sw411dp w411dp h873dp 280dpi nrml long port night finger -keyb/v/h -nav/h winConfig={ mBounds=Rect(0, 0 - 720, 1600) mAppBounds=Rect(0, 45 - 720, 1574) mMaxBounds=Rect(0, 0 - 720, 1600) mWindowingMode=fullscreen mDisplayWindowingMode=fullscreen mActivityType=standard mAlwaysOnTop=undefined mRotation=ROTATION_0 mPopOver=off mFreeformTaskPinningState=unpinned} s.1 fontWeightAdjustment=0 ff=0 bf=1 bts=0 enb/d themeSeq=0}}
09-20 14:33:23.789 24155 24155 I ViewRootImpl@9d0532f[PopupWindow:6fb9d0e]: [DP] dp(1) 0 android.view.ViewRootImpl.reportNextDraw:11420 android.view.ViewRootImpl.handleResized:2230 android.view.ViewRootImpl.access$1200:302 
09-20 14:33:23.797 24155 24155 D ViewRootImpl@e52d6c2[PopupWindow:c7c770d]: Creating frameDrawingCallback nextDrawUseBlastSync=false reportNextDraw=true hasBlurUpdates=false
09-20 14:33:23.797 24155 24155 D ViewRootImpl@e52d6c2[PopupWindow:c7c770d]: Creating frameCompleteCallback
09-20 14:33:23.798 24155 24426 D ViewRootImpl@e52d6c2[PopupWindow:c7c770d]: Received frameDrawingCallback frameNum=3. Creating transactionCompleteCallback=false
09-20 14:33:23.803 24155 24240 D ViewRootImpl@e52d6c2[PopupWindow:c7c770d]: Received frameCompleteCallback  lastAcquiredFrameNum=3 lastAttemptedDrawFrameNum=3
09-20 14:33:23.804 24155 24155 D ViewRootImpl@9d0532f[PopupWindow:6fb9d0e]: Creating frameDrawingCallback nextDrawUseBlastSync=false reportNextDraw=true hasBlurUpdates=false
09-20 14:33:23.804 24155 24155 D ViewRootImpl@9d0532f[PopupWindow:6fb9d0e]: Creating frameCompleteCallback
09-20 14:33:23.806 24155 24425 D ViewRootImpl@9d0532f[PopupWindow:6fb9d0e]: Received frameDrawingCallback frameNum=2. Creating transactionCompleteCallback=false
09-20 14:33:23.808 24155 24240 D ViewRootImpl@9d0532f[PopupWindow:6fb9d0e]: Received frameCompleteCallback  lastAcquiredFrameNum=2 lastAttemptedDrawFrameNum=2
09-20 14:33:23.809 24155 24155 I ViewRootImpl@9d0532f[PopupWindow:6fb9d0e]: [DP] pdf(0) 0 android.view.ViewRootImpl.lambda$addFrameCompleteCallbackIfNeeded$3$ViewRootImpl:4995 android.view.ViewRootImpl$$ExternalSyntheticLambda16.run:6 android.os.Handler.handleCallback:938 
09-20 14:33:23.809 24155 24155 I ViewRootImpl@9d0532f[PopupWindow:6fb9d0e]: [DP] rdf()
09-20 14:33:23.809 24155 24155 D ViewRootImpl@9d0532f[PopupWindow:6fb9d0e]: reportDrawFinished (fn: -1) 
09-20 14:33:23.809 24155 24155 I ViewRootImpl@e52d6c2[PopupWindow:c7c770d]: [DP] pdf(0) 0 android.view.ViewRootImpl.lambda$addFrameCompleteCallbackIfNeeded$3$ViewRootImpl:4995 android.view.ViewRootImpl$$ExternalSyntheticLambda16.run:6 android.os.Handler.handleCallback:938 
09-20 14:33:23.809 24155 24155 I ViewRootImpl@e52d6c2[PopupWindow:c7c770d]: [DP] rdf()
09-20 14:33:23.809 24155 24155 D ViewRootImpl@e52d6c2[PopupWindow:c7c770d]: reportDrawFinished (fn: -1) 
09-20 14:33:23.831 24155 24240 D OpenGLRenderer: setSurface called with nullptr
09-20 14:33:23.831 24155 24240 D OpenGLRenderer: setSurface() destroyed EGLSurface
09-20 14:33:23.831 24155 24240 D OpenGLRenderer: destroyEglSurface
09-20 14:33:23.832 24155 24240 I BufferQueueProducer: [ViewRootImpl@e52d6c2[PopupWindow:c7c770d]#42(BLAST Consumer)42](id:5e5b0000002a,api:1,p:24155,c:24155) disconnect: api 1
09-20 14:33:23.833 24155 24155 I ViewRootImpl@e52d6c2[PopupWindow:c7c770d]: dispatchDetachedFromWindow
09-20 14:33:23.841 24155 24167 I BLASTBufferQueue: [ViewRootImpl@e52d6c2[PopupWindow:c7c770d]#42] destructor()
09-20 14:33:23.841 24155 24167 I BufferQueueConsumer: [ViewRootImpl@e52d6c2[PopupWindow:c7c770d]#42(BLAST Consumer)42](id:5e5b0000002a,api:0,p:-1,c:24155) disconnect
09-20 14:33:23.842 24155 24155 D InputTransport: Input channel destroyed: '4c0f28a', fd=266
09-20 14:33:23.842 24155 24240 D OpenGLRenderer: setSurface called with nullptr
09-20 14:33:23.842 24155 24240 D OpenGLRenderer: setSurface() destroyed EGLSurface
09-20 14:33:23.842 24155 24240 D OpenGLRenderer: destroyEglSurface
09-20 14:33:23.843 24155 24240 I BufferQueueProducer: [ViewRootImpl@9d0532f[PopupWindow:6fb9d0e]#43(BLAST Consumer)43](id:5e5b0000002b,api:1,p:24155,c:24155) disconnect: api 1
09-20 14:33:23.844 24155 24155 I ViewRootImpl@9d0532f[PopupWindow:6fb9d0e]: dispatchDetachedFromWindow
09-20 14:33:23.844 24155 24155 I BLASTBufferQueue: [ViewRootImpl@9d0532f[PopupWindow:6fb9d0e]#43] destructor()
09-20 14:33:23.844 24155 24155 I BufferQueueConsumer: [ViewRootImpl@9d0532f[PopupWindow:6fb9d0e]#43(BLAST Consumer)43](id:5e5b0000002b,api:0,p:-1,c:24155) disconnect
09-20 14:33:23.853 24155 24155 D InputTransport: Input channel destroyed: '2eefb71', fd=340
09-20 14:33:24.481 24155 24155 V InputMethodManager: dispatchKeyEventFromInputMethod: KeyEvent=KeyEvent { action=ACTION_DOWN, keyCode=KEYCODE_DEL, scanCode=0, metaState=0, flags=0x6, repeatCount=0, eventTime=180704826, downTime=180704826, deviceId=-1, source=0x0, displayId=0 }
09-20 14:33:24.481 24155 24155 V InputMethodManager: dispatchKeyEventFromInputMethod: KeyEvent=KeyEvent { action=ACTION_UP, keyCode=KEYCODE_DEL, scanCode=0, metaState=0, flags=0x6, repeatCount=0, eventTime=180704826, downTime=180704826, deviceId=-1, source=0x0, displayId=0 }
09-20 14:33:24.481 24155 24155 I ViewRootImpl@2b01ec8[ShadowsocksSettingsActivity]: ViewPostIme key 0
09-20 14:33:24.488 24155 24155 I ViewRootImpl@2b01ec8[ShadowsocksSettingsActivity]: ViewPostIme key 1
09-20 14:33:24.888 24155 24155 V InputMethodManager: dispatchKeyEventFromInputMethod: KeyEvent=KeyEvent { action=ACTION_DOWN, keyCode=KEYCODE_DEL, scanCode=0, metaState=0, flags=0x6, repeatCount=0, eventTime=180705233, downTime=180705233, deviceId=-1, source=0x0, displayId=0 }
09-20 14:33:24.888 24155 24155 V InputMethodManager: dispatchKeyEventFromInputMethod: KeyEvent=KeyEvent { action=ACTION_UP, keyCode=KEYCODE_DEL, scanCode=0, metaState=0, flags=0x6, repeatCount=0, eventTime=180705233, downTime=180705233, deviceId=-1, source=0x0, displayId=0 }
09-20 14:33:24.888 24155 24155 I ViewRootImpl@2b01ec8[ShadowsocksSettingsActivity]: ViewPostIme key 0
09-20 14:33:24.892 24155 24155 I ViewRootImpl@2b01ec8[ShadowsocksSettingsActivity]: ViewPostIme key 1
09-20 14:33:24.945 24155 24155 V InputMethodManager: dispatchKeyEventFromInputMethod: KeyEvent=KeyEvent { action=ACTION_DOWN, keyCode=KEYCODE_DEL, scanCode=0, metaState=0, flags=0x6, repeatCount=0, eventTime=180705290, downTime=180705290, deviceId=-1, source=0x0, displayId=0 }
09-20 14:33:24.946 24155 24155 V InputMethodManager: dispatchKeyEventFromInputMethod: KeyEvent=KeyEvent { action=ACTION_UP, keyCode=KEYCODE_DEL, scanCode=0, metaState=0, flags=0x6, repeatCount=0, eventTime=180705291, downTime=180705290, deviceId=-1, source=0x0, displayId=0 }
09-20 14:33:24.946 24155 24155 I ViewRootImpl@2b01ec8[ShadowsocksSettingsActivity]: ViewPostIme key 0
09-20 14:33:24.948 24155 24155 I ViewRootImpl@2b01ec8[ShadowsocksSettingsActivity]: ViewPostIme key 1
09-20 14:33:25.003 24155 24155 V InputMethodManager: dispatchKeyEventFromInputMethod: KeyEvent=KeyEvent { action=ACTION_DOWN, keyCode=KEYCODE_DEL, scanCode=0, metaState=0, flags=0x6, repeatCount=0, eventTime=180705348, downTime=180705348, deviceId=-1, source=0x0, displayId=0 }
09-20 14:33:25.003 24155 24155 V InputMethodManager: dispatchKeyEventFromInputMethod: KeyEvent=KeyEvent { action=ACTION_UP, keyCode=KEYCODE_DEL, scanCode=0, metaState=0, flags=0x6, repeatCount=0, eventTime=180705348, downTime=180705348, deviceId=-1, source=0x0, displayId=0 }
09-20 14:33:25.003 24155 24155 I ViewRootImpl@2b01ec8[ShadowsocksSettingsActivity]: ViewPostIme key 0
09-20 14:33:25.006 24155 24155 I ViewRootImpl@2b01ec8[ShadowsocksSettingsActivity]: ViewPostIme key 1
09-20 14:33:25.060 24155 24155 V InputMethodManager: dispatchKeyEventFromInputMethod: KeyEvent=KeyEvent { action=ACTION_DOWN, keyCode=KEYCODE_DEL, scanCode=0, metaState=0, flags=0x6, repeatCount=0, eventTime=180705405, downTime=180705405, deviceId=-1, source=0x0, displayId=0 }
09-20 14:33:25.060 24155 24155 V InputMethodManager: dispatchKeyEventFromInputMethod: KeyEvent=KeyEvent { action=ACTION_UP, keyCode=KEYCODE_DEL, scanCode=0, metaState=0, flags=0x6, repeatCount=0, eventTime=180705405, downTime=180705405, deviceId=-1, source=0x0, displayId=0 }
09-20 14:33:25.060 24155 24155 I ViewRootImpl@2b01ec8[ShadowsocksSettingsActivity]: ViewPostIme key 0
09-20 14:33:25.063 24155 24155 I ViewRootImpl@2b01ec8[ShadowsocksSettingsActivity]: ViewPostIme key 1
09-20 14:33:25.117 24155 24155 V InputMethodManager: dispatchKeyEventFromInputMethod: KeyEvent=KeyEvent { action=ACTION_DOWN, keyCode=KEYCODE_DEL, scanCode=0, metaState=0, flags=0x6, repeatCount=0, eventTime=180705461, downTime=180705461, deviceId=-1, source=0x0, displayId=0 }
09-20 14:33:25.117 24155 24155 V InputMethodManager: dispatchKeyEventFromInputMethod: KeyEvent=KeyEvent { action=ACTION_UP, keyCode=KEYCODE_DEL, scanCode=0, metaState=0, flags=0x6, repeatCount=0, eventTime=180705461, downTime=180705461, deviceId=-1, source=0x0, displayId=0 }
09-20 14:33:25.117 24155 24155 I ViewRootImpl@2b01ec8[ShadowsocksSettingsActivity]: ViewPostIme key 0
09-20 14:33:25.120 24155 24155 I ViewRootImpl@2b01ec8[ShadowsocksSettingsActivity]: ViewPostIme key 1
09-20 14:33:25.173 24155 24155 V InputMethodManager: dispatchKeyEventFromInputMethod: KeyEvent=KeyEvent { action=ACTION_DOWN, keyCode=KEYCODE_DEL, scanCode=0, metaState=0, flags=0x6, repeatCount=0, eventTime=180705518, downTime=180705518, deviceId=-1, source=0x0, displayId=0 }
09-20 14:33:25.174 24155 24155 V InputMethodManager: dispatchKeyEventFromInputMethod: KeyEvent=KeyEvent { action=ACTION_UP, keyCode=KEYCODE_DEL, scanCode=0, metaState=0, flags=0x6, repeatCount=0, eventTime=180705518, downTime=180705518, deviceId=-1, source=0x0, displayId=0 }
09-20 14:33:25.174 24155 24155 I ViewRootImpl@2b01ec8[ShadowsocksSettingsActivity]: ViewPostIme key 0
09-20 14:33:25.176 24155 24155 I ViewRootImpl@2b01ec8[ShadowsocksSettingsActivity]: ViewPostIme key 1
09-20 14:33:25.230 24155 24155 V InputMethodManager: dispatchKeyEventFromInputMethod: KeyEvent=KeyEvent { action=ACTION_DOWN, keyCode=KEYCODE_DEL, scanCode=0, metaState=0, flags=0x6, repeatCount=0, eventTime=180705575, downTime=180705575, deviceId=-1, source=0x0, displayId=0 }
09-20 14:33:25.230 24155 24155 I ViewRootImpl@2b01ec8[ShadowsocksSettingsActivity]: ViewPostIme key 0
09-20 14:33:25.232 24155 24155 V InputMethodManager: dispatchKeyEventFromInputMethod: KeyEvent=KeyEvent { action=ACTION_UP, keyCode=KEYCODE_DEL, scanCode=0, metaState=0, flags=0x6, repeatCount=0, eventTime=180705575, downTime=180705575, deviceId=-1, source=0x0, displayId=0 }
09-20 14:33:25.233 24155 24155 I ViewRootImpl@2b01ec8[ShadowsocksSettingsActivity]: ViewPostIme key 1
09-20 14:33:25.287 24155 24155 V InputMethodManager: dispatchKeyEventFromInputMethod: KeyEvent=KeyEvent { action=ACTION_DOWN, keyCode=KEYCODE_DEL, scanCode=0, metaState=0, flags=0x6, repeatCount=0, eventTime=180705632, downTime=180705632, deviceId=-1, source=0x0, displayId=0 }
09-20 14:33:25.287 24155 24155 V InputMethodManager: dispatchKeyEventFromInputMethod: KeyEvent=KeyEvent { action=ACTION_UP, keyCode=KEYCODE_DEL, scanCode=0, metaState=0, flags=0x6, repeatCount=0, eventTime=180705632, downTime=180705632, deviceId=-1, source=0x0, displayId=0 }
09-20 14:33:25.288 24155 24155 I ViewRootImpl@2b01ec8[ShadowsocksSettingsActivity]: ViewPostIme key 0
09-20 14:33:25.290 24155 24155 I ViewRootImpl@2b01ec8[ShadowsocksSettingsActivity]: ViewPostIme key 1
09-20 14:33:25.344 24155 24155 V InputMethodManager: dispatchKeyEventFromInputMethod: KeyEvent=KeyEvent { action=ACTION_DOWN, keyCode=KEYCODE_DEL, scanCode=0, metaState=0, flags=0x6, repeatCount=0, eventTime=180705689, downTime=180705689, deviceId=-1, source=0x0, displayId=0 }
09-20 14:33:25.344 24155 24155 V InputMethodManager: dispatchKeyEventFromInputMethod: KeyEvent=KeyEvent { action=ACTION_UP, keyCode=KEYCODE_DEL, scanCode=0, metaState=0, flags=0x6, repeatCount=0, eventTime=180705689, downTime=180705689, deviceId=-1, source=0x0, displayId=0 }
09-20 14:33:25.345 24155 24155 I ViewRootImpl@2b01ec8[ShadowsocksSettingsActivity]: ViewPostIme key 0
09-20 14:33:25.347 24155 24155 I ViewRootImpl@2b01ec8[ShadowsocksSettingsActivity]: ViewPostIme key 1
09-20 14:33:25.508 24155 24155 V InputMethodManager: dispatchKeyEventFromInputMethod: KeyEvent=KeyEvent { action=ACTION_DOWN, keyCode=KEYCODE_DEL, scanCode=0, metaState=0, flags=0x6, repeatCount=0, eventTime=180705853, downTime=180705853, deviceId=-1, source=0x0, displayId=0 }
09-20 14:33:25.508 24155 24155 V InputMethodManager: dispatchKeyEventFromInputMethod: KeyEvent=KeyEvent { action=ACTION_UP, keyCode=KEYCODE_DEL, scanCode=0, metaState=0, flags=0x6, repeatCount=0, eventTime=180705853, downTime=180705853, deviceId=-1, source=0x0, displayId=0 }
09-20 14:33:25.508 24155 24155 I ViewRootImpl@2b01ec8[ShadowsocksSettingsActivity]: ViewPostIme key 0
09-20 14:33:25.509 24155 24155 I ViewRootImpl@2b01ec8[ShadowsocksSettingsActivity]: ViewPostIme key 1
09-20 14:33:25.566 24155 24155 V InputMethodManager: dispatchKeyEventFromInputMethod: KeyEvent=KeyEvent { action=ACTION_DOWN, keyCode=KEYCODE_DEL, scanCode=0, metaState=0, flags=0x6, repeatCount=0, eventTime=180705910, downTime=180705910, deviceId=-1, source=0x0, displayId=0 }
09-20 14:33:25.566 24155 24155 V InputMethodManager: dispatchKeyEventFromInputMethod: KeyEvent=KeyEvent { action=ACTION_UP, keyCode=KEYCODE_DEL, scanCode=0, metaState=0, flags=0x6, repeatCount=0, eventTime=180705911, downTime=180705910, deviceId=-1, source=0x0, displayId=0 }
09-20 14:33:25.566 24155 24155 I ViewRootImpl@2b01ec8[ShadowsocksSettingsActivity]: ViewPostIme key 0
09-20 14:33:25.566 24155 24155 I ViewRootImpl@2b01ec8[ShadowsocksSettingsActivity]: ViewPostIme key 1
09-20 14:33:25.623 24155 24155 V InputMethodManager: dispatchKeyEventFromInputMethod: KeyEvent=KeyEvent { action=ACTION_DOWN, keyCode=KEYCODE_DEL, scanCode=0, metaState=0, flags=0x6, repeatCount=0, eventTime=180705968, downTime=180705968, deviceId=-1, source=0x0, displayId=0 }
09-20 14:33:25.623 24155 24155 V InputMethodManager: dispatchKeyEventFromInputMethod: KeyEvent=KeyEvent { action=ACTION_UP, keyCode=KEYCODE_DEL, scanCode=0, metaState=0, flags=0x6, repeatCount=0, eventTime=180705968, downTime=180705968, deviceId=-1, source=0x0, displayId=0 }
09-20 14:33:25.623 24155 24155 I ViewRootImpl@2b01ec8[ShadowsocksSettingsActivity]: ViewPostIme key 0
09-20 14:33:25.623 24155 24155 I ViewRootImpl@2b01ec8[ShadowsocksSettingsActivity]: ViewPostIme key 1
09-20 14:33:25.680 24155 24155 V InputMethodManager: dispatchKeyEventFromInputMethod: KeyEvent=KeyEvent { action=ACTION_DOWN, keyCode=KEYCODE_DEL, scanCode=0, metaState=0, flags=0x6, repeatCount=0, eventTime=180706024, downTime=180706024, deviceId=-1, source=0x0, displayId=0 }
09-20 14:33:25.680 24155 24155 V InputMethodManager: dispatchKeyEventFromInputMethod: KeyEvent=KeyEvent { action=ACTION_UP, keyCode=KEYCODE_DEL, scanCode=0, metaState=0, flags=0x6, repeatCount=0, eventTime=180706024, downTime=180706024, deviceId=-1, source=0x0, displayId=0 }
09-20 14:33:25.680 24155 24155 I ViewRootImpl@2b01ec8[ShadowsocksSettingsActivity]: ViewPostIme key 0
09-20 14:33:25.680 24155 24155 I ViewRootImpl@2b01ec8[ShadowsocksSettingsActivity]: ViewPostIme key 1
09-20 14:33:28.588 24155 24155 I ViewRootImpl@2b01ec8[ShadowsocksSettingsActivity]: ViewPostIme pointer 0
09-20 14:33:28.902 24155 24155 I ViewRootImpl@2b01ec8[ShadowsocksSettingsActivity]: ViewPostIme pointer 1
09-20 14:33:28.907 24155 24240 D OpenGLRenderer: setSurface called with nullptr
09-20 14:33:28.908 24155 24240 D OpenGLRenderer: setSurface() destroyed EGLSurface
09-20 14:33:28.908 24155 24240 D OpenGLRenderer: destroyEglSurface
09-20 14:33:28.908 24155 24240 I BufferQueueProducer: [ViewRootImpl@2b01ec8[ShadowsocksSettingsActivity]#41(BLAST Consumer)41](id:5e5b00000029,api:1,p:24155,c:24155) disconnect: api 1
09-20 14:33:28.910 24155 24155 I ViewRootImpl@2b01ec8[ShadowsocksSettingsActivity]: dispatchDetachedFromWindow
09-20 14:33:28.910 24155 24155 I BLASTBufferQueue: [ViewRootImpl@2b01ec8[ShadowsocksSettingsActivity]#41] destructor()
09-20 14:33:28.910 24155 24155 I BufferQueueConsumer: [ViewRootImpl@2b01ec8[ShadowsocksSettingsActivity]#41(BLAST Consumer)41](id:5e5b00000029,api:0,p:-1,c:24155) disconnect
09-20 14:33:28.924 24155 24155 D InputTransport: Input channel destroyed: 'be8ba41', fd=294
09-20 14:33:28.924 24155 24155 D InsetsSourceConsumer: setRequestedVisible: visible=false, type=19, host=moe.matsuri.lite/io.nekohasekai.sagernet.ui.profile.ShadowsocksSettingsActivity, from=android.view.InsetsSourceConsumer.hide:253 android.view.ImeInsetsSourceConsumer.hide:68 android.view.ImeInsetsSourceConsumer.setControl:128 android.view.InsetsController.onControlsChanged:863 android.view.ViewRootImpl.doDie:9856 android.view.ViewRootImpl.die:9804 android.view.WindowManagerGlobal.removeViewLocked:609 android.view.WindowManagerGlobal.removeView:550 android.view.WindowManagerImpl.removeViewImmediate:162 android.app.Dialog.dismissDialog:778 
09-20 14:33:28.926 24155 24155 D InsetsSourceConsumer: ensureControlAlpha: for ITYPE_STATUS_BAR on moe.matsuri.lite/io.nekohasekai.sagernet.ui.profile.ShadowsocksSettingsActivity
09-20 14:33:28.936 24155 24155 D InsetsSourceConsumer: ensureControlAlpha: for ITYPE_NAVIGATION_BAR on moe.matsuri.lite/io.nekohasekai.sagernet.ui.profile.ShadowsocksSettingsActivity
09-20 14:33:28.948 24155 24155 I ViewRootImpl@a1a2ade[ShadowsocksSettingsActivity]: MSG_WINDOW_FOCUS_CHANGED 1 1
09-20 14:33:28.950 24155 24155 D InputMethodManager: startInputInner - Id : 0
09-20 14:33:28.950 24155 24155 I InputMethodManager: startInputInner - mService.startInputOrWindowGainedFocus
09-20 14:33:28.961 24155 24155 W IInputConnectionWrapper: requestCursorAnchorInfo on inactive InputConnection
09-20 14:33:32.969 24155 24155 I ViewRootImpl@a1a2ade[ShadowsocksSettingsActivity]: ViewPostIme pointer 0
09-20 14:33:33.116 24155 24155 I ViewRootImpl@a1a2ade[ShadowsocksSettingsActivity]: ViewPostIme pointer 1
09-20 14:33:37.931 24155 24155 I ViewRootImpl@a1a2ade[ShadowsocksSettingsActivity]: ViewPostIme pointer 0
09-20 14:33:38.012 24155 24155 I ViewRootImpl@a1a2ade[ShadowsocksSettingsActivity]: ViewPostIme pointer 1
09-20 14:33:38.025 24155 24155 D ScrollView: initGoToTop
09-20 14:33:38.053 24155 24155 I Dialog  : mIsDeviceDefault = false, mIsSamsungBasicInteraction = false, isMetaDataInActivity = false
09-20 14:33:38.057 24155 24155 I DecorView: [INFO] isPopOver=false, config=false
09-20 14:33:38.057 24155 24155 I DecorView: updateCaptionType >> DecorView@274d2da[], isFloating=true, isApplication=true, hasWindowControllerCallback=false, hasWindowDecorCaption=false
09-20 14:33:38.057 24155 24155 D DecorView: setCaptionType = 0, this = DecorView@274d2da[]
09-20 14:33:38.072 24155 24155 D ScrollView: initGoToTop
09-20 14:33:38.083 24155 24155 D InsetsController: show(ime(), fromIme=false)
09-20 14:33:38.083 24155 24155 I IMM_LC  : requestImeShow
09-20 14:33:38.092 24155 24155 I ViewRootImpl@e9ac9df[ShadowsocksSettingsActivity]: setView = com.android.internal.policy.DecorView@274d2da TM=true
09-20 14:33:38.117 24155 24155 I BufferQueueConsumer: [](id:5e5b0000002c,api:0,p:-1,c:24155) connect: controlledByApp=false
09-20 14:33:38.117 24155 24155 I BLASTBufferQueue: [ViewRootImpl@e9ac9df[ShadowsocksSettingsActivity]#44] constructor()
09-20 14:33:38.118 24155 24155 D InsetsSourceConsumer: ensureControlAlpha: for ITYPE_NAVIGATION_BAR on moe.matsuri.lite/io.nekohasekai.sagernet.ui.profile.ShadowsocksSettingsActivity
09-20 14:33:38.119 24155 24155 D InsetsSourceConsumer: ensureControlAlpha: for ITYPE_STATUS_BAR on moe.matsuri.lite/io.nekohasekai.sagernet.ui.profile.ShadowsocksSettingsActivity
09-20 14:33:38.120 24155 24155 I ViewRootImpl@e9ac9df[ShadowsocksSettingsActivity]: Relayout returned: old=(0,45,720,1574) new=(18,662,701,956) req=(683,294)0 dur=7 res=0x7 s={true -5476376636276088832} ch=true fn=-1
09-20 14:33:38.121 24155 24240 I BufferQueueProducer: [ViewRootImpl@e9ac9df[ShadowsocksSettingsActivity]#44(BLAST Consumer)44](id:5e5b0000002c,api:1,p:24155,c:24155) connect: api=1 producerControlledByApp=true
09-20 14:33:38.121 24155 24240 D OpenGLRenderer: eglCreateWindowSurface
09-20 14:33:38.134 24155 24155 D ScrollView:  onsize change changed 
09-20 14:33:38.134 24155 24155 D ScrollView:  onsize change changed 
09-20 14:33:38.135 24155 24155 I ViewRootImpl@e9ac9df[ShadowsocksSettingsActivity]: [DP] dp(1) 1 android.view.ViewRootImpl.reportNextDraw:11420 android.view.ViewRootImpl.performTraversals:4193 android.view.ViewRootImpl.doTraversal:2919 
09-20 14:33:38.135 24155 24155 D ViewRootImpl@e9ac9df[ShadowsocksSettingsActivity]: Creating frameDrawingCallback nextDrawUseBlastSync=false reportNextDraw=true hasBlurUpdates=false
09-20 14:33:38.135 24155 24155 D ViewRootImpl@e9ac9df[ShadowsocksSettingsActivity]: Creating frameCompleteCallback
09-20 14:33:38.146 24155 24426 D ViewRootImpl@e9ac9df[ShadowsocksSettingsActivity]: Received frameDrawingCallback frameNum=1. Creating transactionCompleteCallback=false
09-20 14:33:38.150 24155 24240 D ViewRootImpl@e9ac9df[ShadowsocksSettingsActivity]: Received frameCompleteCallback  lastAcquiredFrameNum=1 lastAttemptedDrawFrameNum=1
09-20 14:33:38.151 24155 24155 I ViewRootImpl@e9ac9df[ShadowsocksSettingsActivity]: [DP] pdf(0) 1 android.view.ViewRootImpl.lambda$addFrameCompleteCallbackIfNeeded$3$ViewRootImpl:4995 android.view.ViewRootImpl$$ExternalSyntheticLambda16.run:6 android.os.Handler.handleCallback:938 
09-20 14:33:38.151 24155 24155 I ViewRootImpl@e9ac9df[ShadowsocksSettingsActivity]: [DP] rdf()
09-20 14:33:38.151 24155 24155 D ViewRootImpl@e9ac9df[ShadowsocksSettingsActivity]: reportDrawFinished (fn: -1) 
09-20 14:33:38.176 24155 24155 I AssistStructure: Flattened final assist data: 3816 bytes, containing 2 windows, 32 views
09-20 14:33:38.177 24155 24155 I ViewRootImpl@a1a2ade[ShadowsocksSettingsActivity]: MSG_WINDOW_FOCUS_CHANGED 0 1
09-20 14:33:38.187 24155 24155 I ViewRootImpl@e9ac9df[ShadowsocksSettingsActivity]: MSG_WINDOW_FOCUS_CHANGED 1 1
09-20 14:33:38.190 24155 24155 D InputMethodManager: startInputInner - Id : 0
09-20 14:33:38.190 24155 24155 I InputMethodManager: startInputInner - mService.startInputOrWindowGainedFocus
09-20 14:33:38.201 24155 24163 I oe.matsuri.lit: Background concurrent copying GC freed 329693(14MB) AllocSpace objects, 13(452KB) LOS objects, 49% free, 18MB/36MB, paused 211us,76us total 167.999ms
09-20 14:33:38.202 24155 24164 D InputTransport: Input channel destroyed: 'ClientS', fd=316
09-20 14:33:38.202 24155 24240 D OpenGLRenderer: setSurface called with nullptr
09-20 14:33:38.209 24155 24164 D InputTransport: Input channel destroyed: 'ClientS', fd=283
09-20 14:33:38.214 24155 24240 D OpenGLRenderer: setSurface called with nullptr
09-20 14:33:38.215 24155 24240 D OpenGLRenderer: setSurface called with nullptr
09-20 14:33:38.215 24155 24164 D InputTransport: Input channel destroyed: 'ClientS', fd=271
09-20 14:33:38.215 24155 24164 D InputTransport: Input channel destroyed: 'ClientS', fd=256
09-20 14:33:38.216 24155 24240 D OpenGLRenderer: setSurface called with nullptr
09-20 14:33:38.216 24155 24240 D OpenGLRenderer: setSurface called with nullptr
09-20 14:33:38.217 24155 24164 D InputTransport: Input channel destroyed: 'ClientS', fd=267
09-20 14:33:38.217 24155 24240 D OpenGLRenderer: setSurface called with nullptr
09-20 14:33:38.218 24155 24164 D InputTransport: Input channel destroyed: 'ClientS', fd=236
09-20 14:33:38.218 24155 24164 D InputTransport: Input channel destroyed: 'ClientS', fd=243
09-20 14:33:38.218 24155 24164 D InputTransport: Input channel destroyed: 'ClientS', fd=237
09-20 14:33:38.218 24155 24164 D InputTransport: Input channel destroyed: 'ClientS', fd=315
09-20 14:33:38.218 24155 24164 D InputTransport: Input channel destroyed: 'ClientS', fd=307
09-20 14:33:38.218 24155 24164 D InputTransport: Input channel destroyed: 'ClientS', fd=311
09-20 14:33:38.218 24155 24164 D InputTransport: Input channel destroyed: 'ClientS', fd=310
09-20 14:33:38.218 24155 24164 D InputTransport: Input channel destroyed: 'ClientS', fd=282
09-20 14:33:38.224 24155 24164 D InputTransport: Input channel destroyed: 'ClientS', fd=305
09-20 14:33:38.226 24155 24164 D InputTransport: Input channel destroyed: 'ClientS', fd=249
09-20 14:33:38.226 24155 24164 D InputTransport: Input channel destroyed: 'ClientS', fd=250
09-20 14:33:38.227 24155 24240 D OpenGLRenderer: setSurface called with nullptr
09-20 14:33:38.227 24155 24164 D InputTransport: Input channel destroyed: 'ClientS', fd=259
09-20 14:33:38.228 24155 24164 D InputTransport: Input channel destroyed: 'ClientS', fd=268
09-20 14:33:38.228 24155 24164 D InputTransport: Input channel destroyed: 'ClientS', fd=300
09-20 14:33:38.229 24155 24240 D OpenGLRenderer: setSurface called with nullptr
09-20 14:33:38.229 24155 24164 D InputTransport: Input channel destroyed: 'ClientS', fd=115
09-20 14:33:38.229 24155 24164 D InputTransport: Input channel destroyed: 'ClientS', fd=223
09-20 14:33:38.229 24155 24240 D OpenGLRenderer: setSurface called with nullptr
09-20 14:33:38.229 24155 24164 D InputTransport: Input channel destroyed: 'ClientS', fd=287
09-20 14:33:38.230 24155 24240 D OpenGLRenderer: setSurface called with nullptr
09-20 14:33:38.230 24155 24240 D OpenGLRenderer: setSurface called with nullptr
09-20 14:33:38.231 24155 24240 D OpenGLRenderer: setSurface called with nullptr
09-20 14:33:38.232 24155 24240 D OpenGLRenderer: setSurface called with nullptr
09-20 14:33:38.232 24155 24240 D OpenGLRenderer: setSurface called with nullptr
09-20 14:33:38.232 24155 24240 D OpenGLRenderer: setSurface called with nullptr
09-20 14:33:38.232 24155 24240 D OpenGLRenderer: setSurface called with nullptr
09-20 14:33:38.233 24155 24240 D OpenGLRenderer: setSurface called with nullptr
09-20 14:33:38.233 24155 24164 D InputTransport: Input channel destroyed: 'ClientS', fd=269
09-20 14:33:38.234 24155 24240 D OpenGLRenderer: setSurface called with nullptr
09-20 14:33:38.234 24155 24164 D InputTransport: Input channel destroyed: 'ClientS', fd=251
09-20 14:33:38.239 24155 24240 D OpenGLRenderer: setSurface called with nullptr
09-20 14:33:38.239 24155 24155 I IMM_LC  : requestImeShow
09-20 14:33:38.239 24155 24155 I IMM_LC  : ssi() - flag : 0 view : moe.matsuri.lite reason = SHOW_SOFT_INPUT_BY_INSETS_API
09-20 14:33:38.441 24155 24155 D InsetsController: show(ime(), fromIme=true)
09-20 14:33:38.441 24155 24155 D InsetsSourceConsumer: setRequestedVisible: visible=true, type=19, host=moe.matsuri.lite/io.nekohasekai.sagernet.ui.profile.ShadowsocksSettingsActivity, from=android.view.InsetsSourceConsumer.show:246 android.view.InsetsController.showDirectly:1489 android.view.InsetsController.controlAnimationUnchecked:1137 android.view.InsetsController.show:942 android.view.ViewRootImpl$ViewRootHandler.handleMessageImpl:6478 android.view.ViewRootImpl$ViewRootHandler.handleMessage:6403 android.os.Handler.dispatchMessage:106 android.os.Looper.loopOnce:226 android.os.Looper.loop:313 android.app.ActivityThread.main:8663 
09-20 14:33:39.046 24155 24155 I ViewRootImpl@e9ac9df[ShadowsocksSettingsActivity]: ViewPostIme pointer 0
09-20 14:33:39.128 24155 24155 I ViewRootImpl@e9ac9df[ShadowsocksSettingsActivity]: ViewPostIme pointer 1
09-20 14:33:39.141 24155 24155 D InputMethodManager: startInputInner - Id : 0
09-20 14:33:39.141 24155 24155 I InputMethodManager: startInputInner - mService.startInputOrWindowGainedFocus
09-20 14:33:39.186 24155 24155 D InsetsController: show(ime(), fromIme=true)
09-20 14:33:39.964 24155 24155 I ViewRootImpl@e9ac9df[ShadowsocksSettingsActivity]: ViewPostIme pointer 0
09-20 14:33:40.127 24155 24155 I ViewRootImpl@e9ac9df[ShadowsocksSettingsActivity]: ViewPostIme pointer 1
09-20 14:33:40.133 24155 24240 D OpenGLRenderer: setSurface called with nullptr
09-20 14:33:40.133 24155 24240 D OpenGLRenderer: setSurface() destroyed EGLSurface
09-20 14:33:40.133 24155 24240 D OpenGLRenderer: destroyEglSurface
09-20 14:33:40.133 24155 24240 I BufferQueueProducer: [ViewRootImpl@e9ac9df[ShadowsocksSettingsActivity]#44(BLAST Consumer)44](id:5e5b0000002c,api:1,p:24155,c:24155) disconnect: api 1
09-20 14:33:40.134 24155 24240 D OpenGLRenderer: endAllActiveAnimators on 0xb4000076f07d5400 (RippleDrawable) with handle 0xb4000078f080b680
09-20 14:33:40.135 24155 24155 I ViewRootImpl@e9ac9df[ShadowsocksSettingsActivity]: dispatchDetachedFromWindow
09-20 14:33:40.139 24155 29163 I BLASTBufferQueue: [ViewRootImpl@e9ac9df[ShadowsocksSettingsActivity]#44] destructor()
09-20 14:33:40.139 24155 29163 I BufferQueueConsumer: [ViewRootImpl@e9ac9df[ShadowsocksSettingsActivity]#44(BLAST Consumer)44](id:5e5b0000002c,api:0,p:-1,c:24155) disconnect
09-20 14:33:40.147 24155 24155 D InputTransport: Input channel destroyed: '699145 ', fd=317
09-20 14:33:40.148 24155 24155 D InsetsSourceConsumer: setRequestedVisible: visible=false, type=19, host=moe.matsuri.lite/io.nekohasekai.sagernet.ui.profile.ShadowsocksSettingsActivity, from=android.view.InsetsSourceConsumer.hide:253 android.view.ImeInsetsSourceConsumer.hide:68 android.view.ImeInsetsSourceConsumer.setControl:128 android.view.InsetsController.onControlsChanged:863 android.view.ViewRootImpl.doDie:9856 android.view.ViewRootImpl.die:9804 android.view.WindowManagerGlobal.removeViewLocked:609 android.view.WindowManagerGlobal.removeView:550 android.view.WindowManagerImpl.removeViewImmediate:162 android.app.Dialog.dismissDialog:778 
09-20 14:33:40.149 24155 24155 D InsetsSourceConsumer: ensureControlAlpha: for ITYPE_STATUS_BAR on moe.matsuri.lite/io.nekohasekai.sagernet.ui.profile.ShadowsocksSettingsActivity
09-20 14:33:40.174 24155 24155 D InsetsSourceConsumer: ensureControlAlpha: for ITYPE_NAVIGATION_BAR on moe.matsuri.lite/io.nekohasekai.sagernet.ui.profile.ShadowsocksSettingsActivity
09-20 14:33:40.176 24155 24155 I ViewRootImpl@a1a2ade[ShadowsocksSettingsActivity]: MSG_WINDOW_FOCUS_CHANGED 1 1
09-20 14:33:40.178 24155 24155 D InputMethodManager: startInputInner - Id : 0
09-20 14:33:40.178 24155 24155 I InputMethodManager: startInputInner - mService.startInputOrWindowGainedFocus
09-20 14:33:40.192 24155 24155 W IInputConnectionWrapper: requestCursorAnchorInfo on inactive InputConnection
09-20 14:33:44.528 24155 24155 I ViewRootImpl@a1a2ade[ShadowsocksSettingsActivity]: ViewPostIme pointer 0
09-20 14:33:44.607 24155 24155 I ViewRootImpl@a1a2ade[ShadowsocksSettingsActivity]: ViewPostIme pointer 1
09-20 14:33:44.650 24155 24155 I ViewRootImpl@74fec3c[MainActivity]: handleAppVisibility mAppVisible=false visible=true
09-20 14:33:44.650 24155 24155 I ViewRootImpl@74fec3c[MainActivity]: stopped(false) old=true
09-20 14:33:44.653 24155 24155 I ViewRootImpl@74fec3c[MainActivity]: stopped(false) old=false
09-20 14:33:44.656 24155 24240 D OpenGLRenderer: setSurface called with nullptr
09-20 14:33:44.669 24155 24155 I BufferQueueConsumer: [](id:5e5b0000002d,api:0,p:-1,c:24155) connect: controlledByApp=false
09-20 14:33:44.669 24155 24155 I BLASTBufferQueue: [ViewRootImpl@74fec3c[MainActivity]#45] constructor()
09-20 14:33:44.670 24155 24155 I ViewRootImpl@74fec3c[MainActivity]: Relayout returned: old=(0,0,720,1600) new=(0,0,720,1600) req=(720,1600)0 dur=11 res=0x7 s={true -5476376636276088832} ch=true fn=-1
09-20 14:33:44.672 24155 24240 I BufferQueueProducer: [ViewRootImpl@74fec3c[MainActivity]#45(BLAST Consumer)45](id:5e5b0000002d,api:1,p:24155,c:24155) connect: api=1 producerControlledByApp=true
09-20 14:33:44.673 24155 24240 D OpenGLRenderer: eglCreateWindowSurface
09-20 14:33:44.687 24155 24155 I ViewRootImpl@74fec3c[MainActivity]: [DP] dp(1) 1 android.view.ViewRootImpl.reportNextDraw:11420 android.view.ViewRootImpl.performTraversals:4193 android.view.ViewRootImpl.doTraversal:2919 
09-20 14:33:44.687 24155 24155 D ViewRootImpl@74fec3c[MainActivity]: Creating frameDrawingCallback nextDrawUseBlastSync=false reportNextDraw=true hasBlurUpdates=false
09-20 14:33:44.687 24155 24155 D ViewRootImpl@74fec3c[MainActivity]: Creating frameCompleteCallback
09-20 14:33:44.728 24155 24425 D ViewRootImpl@74fec3c[MainActivity]: Received frameDrawingCallback frameNum=1. Creating transactionCompleteCallback=false
09-20 14:33:44.734 24155 24240 D ViewRootImpl@74fec3c[MainActivity]: Received frameCompleteCallback  lastAcquiredFrameNum=1 lastAttemptedDrawFrameNum=1
09-20 14:33:44.736 24155 24155 I ViewRootImpl@74fec3c[MainActivity]: [DP] pdf(0) 1 android.view.ViewRootImpl.lambda$addFrameCompleteCallbackIfNeeded$3$ViewRootImpl:4995 android.view.ViewRootImpl$$ExternalSyntheticLambda16.run:6 android.os.Handler.handleCallback:938 
09-20 14:33:44.736 24155 24155 I ViewRootImpl@74fec3c[MainActivity]: [DP] rdf()
09-20 14:33:44.736 24155 24155 D ViewRootImpl@74fec3c[MainActivity]: reportDrawFinished (fn: -1) 
09-20 14:33:44.736 24155 24155 I ViewRootImpl@a1a2ade[ShadowsocksSettingsActivity]: MSG_WINDOW_FOCUS_CHANGED 0 1
09-20 14:33:44.749 24155 24155 D InsetsSourceConsumer: ensureControlAlpha: for ITYPE_NAVIGATION_BAR on moe.matsuri.lite/io.nekohasekai.sagernet.ui.MainActivity
09-20 14:33:44.750 24155 24155 D InsetsSourceConsumer: ensureControlAlpha: for ITYPE_STATUS_BAR on moe.matsuri.lite/io.nekohasekai.sagernet.ui.MainActivity
09-20 14:33:44.792 24155 24155 I ViewRootImpl@74fec3c[MainActivity]: MSG_WINDOW_FOCUS_CHANGED 1 1
09-20 14:33:44.796 24155 24155 D InputMethodManager: startInputInner - Id : 0
09-20 14:33:44.796 24155 24155 I InputMethodManager: startInputInner - mService.startInputOrWindowGainedFocus
09-20 14:33:44.916 24155 24155 I ViewRootImpl@a1a2ade[ShadowsocksSettingsActivity]: handleAppVisibility mAppVisible=true visible=false
09-20 14:33:44.933 24155 24240 D OpenGLRenderer: setSurface called with nullptr
09-20 14:33:44.933 24155 24240 D OpenGLRenderer: setSurface() destroyed EGLSurface
09-20 14:33:44.933 24155 24240 D OpenGLRenderer: destroyEglSurface
09-20 14:33:44.934 24155 24240 I BufferQueueProducer: [ViewRootImpl@a1a2ade[ShadowsocksSettingsActivity]#40(BLAST Consumer)40](id:5e5b00000028,api:1,p:24155,c:24155) disconnect: api 1
09-20 14:33:44.941 24155 24155 I BLASTBufferQueue: [ViewRootImpl@a1a2ade[ShadowsocksSettingsActivity]#40] destructor()
09-20 14:33:44.941 24155 24155 I BufferQueueConsumer: [ViewRootImpl@a1a2ade[ShadowsocksSettingsActivity]#40(BLAST Consumer)40](id:5e5b00000028,api:0,p:-1,c:24155) disconnect
