09-20 14:27:47.960 24155 24290 W VideoCapabilities: Unsupported mime video/mp43
09-20 14:27:47.960 24155 24290 W VideoCapabilities: Unsupported mime video/wvc1
09-20 14:27:47.961 24155 24290 W VideoCapabilities: Unsupported mime video/x-ms-wmv
09-20 14:27:47.961 24155 24290 W AudioCapabilities: Unsupported mime audio/x-ms-wma
09-20 14:27:47.961 24155 24290 W VideoCapabilities: Unsupported mime video/x-ms-wmv7
09-20 14:27:47.962 24155 24290 W VideoCapabilities: Unsupported mime video/x-ms-wmv8
09-20 14:27:47.963 24155 24423 E ion     : ioctl c0044901 failed with code -1: Invalid argument
09-20 14:27:47.964 24155 24290 W AudioCapabilities: Unsupported mime audio/x-adpcm-dvi-ima
09-20 14:27:47.964 24155 24290 W AudioCapabilities: Unsupported mime audio/x-adpcm-dvi-ima
09-20 14:27:47.964 24155 24290 W AudioCapabilities: Unsupported mime audio/x-adpcm-ms
09-20 14:27:47.964 24155 24290 W AudioCapabilities: Unsupported mime audio/x-adpcm-ms
09-20 14:27:47.973 24155 24290 W VideoCapabilities: Unrecognized profile/level 1/32 for video/mp4v-es
09-20 14:27:47.974 24155 24290 W VideoCapabilities: Unrecognized profile/level 1/32 for video/mp4v-es
09-20 14:27:47.993 24155 24155 I ViewRootImpl@2ded549[MainActivity]: [DP] dp(1) 1 android.view.ViewRootImpl.reportNextDraw:11420 android.view.ViewRootImpl.performTraversals:4193 android.view.ViewRootImpl.doTraversal:2919 
09-20 14:27:47.996 24155 24155 D ViewRootImpl@2ded549[MainActivity]: Creating frameDrawingCallback nextDrawUseBlastSync=false reportNextDraw=true hasBlurUpdates=false
09-20 14:27:47.996 24155 24155 D ViewRootImpl@2ded549[MainActivity]: Creating frameCompleteCallback
09-20 14:27:48.014 24155 24425 D ViewRootImpl@2ded549[MainActivity]: Received frameDrawingCallback frameNum=1. Creating transactionCompleteCallback=false
09-20 14:27:48.075 24155 24240 D ViewRootImpl@2ded549[MainActivity]: Received frameCompleteCallback  lastAcquiredFrameNum=1 lastAttemptedDrawFrameNum=1
09-20 14:27:48.091 24155 24424 I OpenGLRenderer: Davey! duration=1485ms; Flags=1, FrameTimelineVsyncId=4918716, IntendedVsync=180366931858416, Vsync=180368248525109, InputEventId=0, HandleInputStart=180368253356904, AnimationStart=180368253359289, PerformTraversalsStart=180368253966596, DrawStart=180368342901981, FrameDeadline=180366948525083, FrameInterval=180368253195904, FrameStartTime=16666667, SyncQueued=180368353662750, SyncStart=180368357701827, IssueDrawCommandsStart=180368359463596, SwapBuffers=180368417076596, FrameCompleted=180368421266289, DequeueBufferDuration=0, QueueBufferDuration=2582154, GpuCompleted=180368420467750, SwapBuffersCompleted=180368421266289, DisplayPresentTime=0, 
09-20 14:27:48.103 24155 24155 I ViewRootImpl@2ded549[MainActivity]: [DP] pdf(0) 1 android.view.ViewRootImpl.lambda$addFrameCompleteCallbackIfNeeded$3$ViewRootImpl:4995 android.view.ViewRootImpl$$ExternalSyntheticLambda16.run:6 android.os.Handler.handleCallback:938 
09-20 14:27:48.103 24155 24155 I ViewRootImpl@2ded549[MainActivity]: [DP] rdf()
09-20 14:27:48.103 24155 24155 D ViewRootImpl@2ded549[MainActivity]: reportDrawFinished (fn: -1) 
09-20 14:27:48.136 24155 24231 W Ads     : Update ad debug logging enablement as false
09-20 14:27:48.224 24155 24155 D InsetsSourceConsumer: ensureControlAlpha: for ITYPE_NAVIGATION_BAR on moe.matsuri.lite/io.nekohasekai.sagernet.ui.MainActivity
09-20 14:27:48.225 24155 24155 D InsetsSourceConsumer: ensureControlAlpha: for ITYPE_STATUS_BAR on moe.matsuri.lite/io.nekohasekai.sagernet.ui.MainActivity
09-20 14:27:48.228 24155 24155 I ViewRootImpl@2ded549[MainActivity]: MSG_WINDOW_FOCUS_CHANGED 1 1
09-20 14:27:48.230 24155 24155 D InputMethodManager: startInputInner - Id : 0
09-20 14:27:48.230 24155 24155 I InputMethodManager: startInputInner - mService.startInputOrWindowGainedFocus
09-20 14:27:48.266 24155 24155 D InputMethodManager: startInputInner - Id : 0
09-20 14:27:48.286 24155 24230 W Ads     : Not retrying to fetch app settings
09-20 14:27:48.299 24155 24438 W ConnectionStatusConfig: Dynamic lookup for intent failed for action: com.google.android.gms.ads.service.START
09-20 14:27:49.568 24155 24155 D MoeAd   : onAdFailedToLoad
09-20 14:27:49.569 24155 24155 I Ads     : Ad failed to load : 3
09-20 14:28:13.960 24155 24163 I oe.matsuri.lit: Background concurrent copying GC freed 197888(10MB) AllocSpace objects, 29(876KB) LOS objects, 49% free, 9740KB/19MB, paused 272us,115us total 144.564ms
09-20 14:28:13.970 24155 24165 W System  : A resource failed to call close. 
09-20 14:28:30.183 24155 24155 I ViewRootImpl@2ded549[MainActivity]: ViewPostIme pointer 0
09-20 14:28:30.298 24155 24155 I ViewRootImpl@2ded549[MainActivity]: ViewPostIme pointer 1
09-20 14:28:30.349 24190 24190 D CompatibilityChangeReporter: Compat change id reported: 160794467; UID 10366; state: ENABLED
09-20 14:28:30.385 24190 24190 D ConnectivityManager: StackLog: [android.net.ConnectivityManager.sendRequestForNetwork(ConnectivityManager.java:4300)] [android.net.ConnectivityManager.sendRequestForNetwork(ConnectivityManager.java:4342)] [android.net.ConnectivityManager.registerBestMatchingNetworkCallback(ConnectivityManager.java:4936)] [io.nekohasekai.sagernet.utils.DefaultNetworkListener$$ExternalSyntheticApiModelOutline0.m(Unknown Source:0)] [io.nekohasekai.sagernet.utils.DefaultNetworkListener.register(DefaultNetworkListener.kt:28)] [io.nekohasekai.sagernet.utils.DefaultNetworkListener.access$register(DefaultNetworkListener.kt:1)] [io.nekohasekai.sagernet.utils.DefaultNetworkListener$networkActor$1.invokeSuspend(DefaultNetworkListener.kt:131)] [kotlin.coroutines.jvm.internal.BaseContinuationImpl.resumeWith(ContinuationImpl.kt:9)] [kotlinx.coroutines.DispatchedTask.run(DispatchedTask.kt:109)] [kotlinx.coroutines.EventLoop.processUnconfinedEvent(EventLoop.common.kt:37)] [kotlinx.coroutines.internal.DispatchedContinuationKt.resumeCancellableWith(DispatchedContinuation.kt:186)] [kotlinx.coroutines.AbstractCoroutine.start$enumunboxing$(AbstractCoroutine.kt:87)] [io.nekohasekai.sagernet.ktx.AsyncsKt.runOnMainDispatcher(Asyncs.kt:63)] [io.nekohasekai.sagernet.bg.BaseService$Interface$DefaultImpls.onStartCommand(BaseService.kt:153)] [io.nekohasekai.sagernet.bg.VpnService.onStartCommand(VpnService.kt:38)] [android.app.ActivityThread.handleServiceArgs(ActivityThread.java:5092)] [android.app.ActivityThread.access$2100(ActivityThread.java:310)] [android.app.ActivityThread$H.handleMessage(ActivityThread.java:2319)]
09-20 14:28:30.758 24155 24155 I ViewRootImpl@2ded549[MainActivity]: ViewPostIme pointer 0
09-20 14:28:30.760 24155 24155 I GestureDetector: obtain mCurrentDownEvent. id: 486868818 caller: androidx.recyclerview.widget.ItemTouchHelper$2.onInterceptTouchEvent$1:9 androidx.recyclerview.widget.RecyclerView.findInterceptingOnItemTouchListener:23 androidx.recyclerview.widget.RecyclerView.onInterceptTouchEvent:10 
09-20 14:28:30.778 24155 24155 I GestureDetector: obtain mCurrentMotionEventRaw. action: 2 id: 255495832
09-20 14:28:30.881 24155 24155 I ViewRootImpl@2ded549[MainActivity]: ViewPostIme pointer 1
09-20 14:28:31.059 24155 24155 I GestureDetector: handleMessage TAP
09-20 14:28:31.081 24155 24155 I ViewRootImpl@2ded549[MainActivity]: ViewPostIme pointer 0
09-20 14:28:31.214 24155 24155 I ViewRootImpl@2ded549[MainActivity]: ViewPostIme pointer 1
09-20 14:28:32.031 24155 24155 I ViewRootImpl@2ded549[MainActivity]: ViewPostIme pointer 0
09-20 14:28:32.196 24155 24155 I ViewRootImpl@2ded549[MainActivity]: ViewPostIme pointer 1
09-20 14:28:32.397 24155 24155 I ViewRootImpl@2ded549[MainActivity]: ViewPostIme pointer 0
09-20 14:28:32.546 24155 24155 I ViewRootImpl@2ded549[MainActivity]: ViewPostIme pointer 1
09-20 14:28:33.430 24155 24155 I ViewRootImpl@2ded549[MainActivity]: ViewPostIme pointer 0
09-20 14:28:33.511 24155 24155 I ViewRootImpl@2ded549[MainActivity]: ViewPostIme pointer 1
09-20 14:28:35.212 24155 24155 I ViewRootImpl@2ded549[MainActivity]: ViewPostIme pointer 0
09-20 14:28:35.213 24155 24155 I GestureDetector: obtain mCurrentDownEvent. id: 832296149 caller: androidx.recyclerview.widget.ItemTouchHelper$2.onInterceptTouchEvent$1:9 androidx.recyclerview.widget.RecyclerView.findInterceptingOnItemTouchListener:23 androidx.recyclerview.widget.RecyclerView.onInterceptTouchEvent:10 
09-20 14:28:35.327 24155 24155 I ViewRootImpl@2ded549[MainActivity]: ViewPostIme pointer 1
09-20 14:28:35.328 24155 24155 I GestureDetector: obtain mCurrentMotionEventRaw. action: 1 id: 513775143
09-20 14:28:35.378 24155 24155 I ViewRootImpl@ad9b15c[PopupWindow:da613cf]: setView = android.widget.PopupWindow$PopupDecorView@b1a1deb TM=true
09-20 14:28:35.393 24155 24167 I ViewRootImpl@ad9b15c[PopupWindow:da613cf]: Resizing android.view.ViewRootImpl@57aadc7: frame=[377,630][720,910] reportDraw=true forceLayout=false backDropFrame=Rect(0, 0 - 343, 280)
09-20 14:28:35.395 24155 24155 I BufferQueueConsumer: [](id:5e5b00000001,api:0,p:-1,c:24155) connect: controlledByApp=false
09-20 14:28:35.396 24155 24155 I BLASTBufferQueue: [ViewRootImpl@ad9b15c[PopupWindow:da613cf]#1] constructor()
09-20 14:28:35.396 24155 24155 D InsetsSourceConsumer: ensureControlAlpha: for ITYPE_NAVIGATION_BAR on PopupWindow:da613cf
09-20 14:28:35.397 24155 24155 D InsetsSourceConsumer: ensureControlAlpha: for ITYPE_STATUS_BAR on PopupWindow:da613cf
09-20 14:28:35.397 24155 24155 I ViewRootImpl@ad9b15c[PopupWindow:da613cf]: Relayout returned: old=(0,45,720,1574) new=(377,630,720,910) req=(343,280)0 dur=9 res=0x7 s={true -5476376627559120896} ch=true fn=-1
09-20 14:28:35.398 24155 24240 I BufferQueueProducer: [ViewRootImpl@ad9b15c[PopupWindow:da613cf]#1(BLAST Consumer)1](id:5e5b00000001,api:1,p:24155,c:24155) connect: api=1 producerControlledByApp=true
09-20 14:28:35.399 24155 24240 D OpenGLRenderer: eglCreateWindowSurface
09-20 14:28:35.410 24155 24155 D AbsListView:  in onLayout changed 
09-20 14:28:35.414 24155 24155 I ViewRootImpl@ad9b15c[PopupWindow:da613cf]: [DP] dp(1) 0 android.view.ViewRootImpl.reportNextDraw:11420 android.view.ViewRootImpl.performTraversals:4193 android.view.ViewRootImpl.doTraversal:2919 
09-20 14:28:35.427 24155 24155 D ViewRootImpl@ad9b15c[PopupWindow:da613cf]: Creating frameDrawingCallback nextDrawUseBlastSync=false reportNextDraw=true hasBlurUpdates=false
09-20 14:28:35.427 24155 24155 D ViewRootImpl@ad9b15c[PopupWindow:da613cf]: Creating frameCompleteCallback
09-20 14:28:35.436 24155 24426 D ViewRootImpl@ad9b15c[PopupWindow:da613cf]: Received frameDrawingCallback frameNum=1. Creating transactionCompleteCallback=false
09-20 14:28:35.444 24155 24240 D ViewRootImpl@ad9b15c[PopupWindow:da613cf]: Received frameCompleteCallback  lastAcquiredFrameNum=1 lastAttemptedDrawFrameNum=1
09-20 14:28:35.455 24155 24155 I ViewRootImpl@ad9b15c[PopupWindow:da613cf]: [DP] pdf(0) 0 android.view.ViewRootImpl.lambda$addFrameCompleteCallbackIfNeeded$3$ViewRootImpl:4995 android.view.ViewRootImpl$$ExternalSyntheticLambda16.run:6 android.os.Handler.handleCallback:938 
09-20 14:28:35.456 24155 24155 I ViewRootImpl@ad9b15c[PopupWindow:da613cf]: [DP] rdf()
09-20 14:28:35.456 24155 24155 D ViewRootImpl@ad9b15c[PopupWindow:da613cf]: reportDrawFinished (fn: -1) 
09-20 14:28:35.464 24155 24155 I ViewRootImpl@ad9b15c[PopupWindow:da613cf]: handleResized, msg = 5 frames=ClientWindowFrames{frame=[377,630][720,910] display=[-10000,-10000][10000,10000] backdrop=[0,0][343,280]} forceNextWindowRelayout=false displayId=0 frameChanged=false backdropFrameChanged=true configChanged=false displayChanged=false mNextDrawUseBlastSync=false mergedConfiguration={mGlobalConfig={0.8 432mcc20mnc [en_US,fa_IR] ldltr sw411dp w411dp h873dp 280dpi nrml long port night finger -keyb/v/h -nav/h winConfig={ mBounds=Rect(0, 0 - 720, 1600) mAppBounds=Rect(0, 45 - 720, 1574) mMaxBounds=Rect(0, 0 - 720, 1600) mWindowingMode=fullscreen mDisplayWindowingMode=fullscreen mActivityType=undefined mAlwaysOnTop=undefined mRotation=ROTATION_0 mPopOver=off mFreeformTaskPinningState=unpinned} s.9032 fontWeightAdjustment=0 ff=0 bf=1 bts=0 enb/d themeSeq=0} mOverrideConfig={0.8 432mcc20mnc [en_US,fa_IR] ldltr sw411dp w411dp h873dp 280dpi nrml long port night finger -keyb/v/h -nav/h winConfig={ mBounds=Rect(0, 0 - 720, 1600) mAppBounds=Rect(0, 45 - 720, 1574) mMaxBounds=Rect(0, 0 - 720, 1600) mWindowingMode=fullscreen mDisplayWindowingMode=fullscreen mActivityType=standard mAlwaysOnTop=undefined mRotation=ROTATION_0 mPopOver=off mFreeformTaskPinningState=unpinned} s.1 fontWeightAdjustment=0 ff=0 bf=1 bts=0 enb/d themeSeq=0}}
09-20 14:28:35.465 24155 24155 I ViewRootImpl@ad9b15c[PopupWindow:da613cf]: [DP] dp(1) 0 android.view.ViewRootImpl.reportNextDraw:11420 android.view.ViewRootImpl.handleResized:2230 android.view.ViewRootImpl.access$1200:302 
09-20 14:28:35.465 24155 24155 D ViewRootImpl@ad9b15c[PopupWindow:da613cf]: Creating frameDrawingCallback nextDrawUseBlastSync=false reportNextDraw=true hasBlurUpdates=false
09-20 14:28:35.465 24155 24155 D ViewRootImpl@ad9b15c[PopupWindow:da613cf]: Creating frameCompleteCallback
09-20 14:28:35.468 24155 24425 D ViewRootImpl@ad9b15c[PopupWindow:da613cf]: Received frameDrawingCallback frameNum=2. Creating transactionCompleteCallback=false
09-20 14:28:35.470 24155 24240 D ViewRootImpl@ad9b15c[PopupWindow:da613cf]: Received frameCompleteCallback  lastAcquiredFrameNum=2 lastAttemptedDrawFrameNum=2
09-20 14:28:35.470 24155 24155 I ViewRootImpl@ad9b15c[PopupWindow:da613cf]: [DP] pdf(0) 0 android.view.ViewRootImpl.lambda$addFrameCompleteCallbackIfNeeded$3$ViewRootImpl:4995 android.view.ViewRootImpl$$ExternalSyntheticLambda16.run:6 android.os.Handler.handleCallback:938 
09-20 14:28:35.470 24155 24155 I ViewRootImpl@ad9b15c[PopupWindow:da613cf]: [DP] rdf()
09-20 14:28:35.470 24155 24155 D ViewRootImpl@ad9b15c[PopupWindow:da613cf]: reportDrawFinished (fn: -1) 
09-20 14:28:35.471 24155 24155 I ViewRootImpl@2ded549[MainActivity]: MSG_WINDOW_FOCUS_CHANGED 0 1
09-20 14:28:35.487 24155 24155 I ViewRootImpl@ad9b15c[PopupWindow:da613cf]: MSG_WINDOW_FOCUS_CHANGED 1 1
09-20 14:28:35.512 24155 24155 I GestureDetector: handleMessage TAP
09-20 14:28:36.546 24155 24155 I ViewRootImpl@ad9b15c[PopupWindow:da613cf]: ViewPostIme pointer 0
09-20 14:28:36.660 24155 24155 I ViewRootImpl@ad9b15c[PopupWindow:da613cf]: ViewPostIme pointer 1
09-20 14:28:36.660 24155 24155 D AbsListView: onTouchUp() mTouchMode : 2
09-20 14:28:36.686 24155 24155 I ViewRootImpl@d6c1b42[PopupWindow:3d5fd8d]: setView = android.widget.PopupWindow$PopupDecorView@7b1e589 TM=true
09-20 14:28:36.703 24155 24155 I ViewRootImpl@ad9b15c[PopupWindow:da613cf]: Relayout returned: old=(377,630,720,910) new=(377,630,720,910) req=(343,280)0 dur=7 res=0x1 s={true -5476376627559120896} ch=false fn=14
09-20 14:28:36.713 24155 24167 I ViewRootImpl@d6c1b42[PopupWindow:3d5fd8d]: Resizing android.view.ViewRootImpl@9c5d09a: frame=[377,630][720,910] reportDraw=true forceLayout=false backDropFrame=Rect(0, 0 - 343, 280)
09-20 14:28:36.716 24155 24155 I BufferQueueConsumer: [](id:5e5b00000002,api:0,p:-1,c:24155) connect: controlledByApp=false
09-20 14:28:36.717 24155 24155 I BLASTBufferQueue: [ViewRootImpl@d6c1b42[PopupWindow:3d5fd8d]#2] constructor()
09-20 14:28:36.718 24155 24155 D InsetsSourceConsumer: ensureControlAlpha: for ITYPE_NAVIGATION_BAR on PopupWindow:3d5fd8d
09-20 14:28:36.719 24155 24155 D InsetsSourceConsumer: ensureControlAlpha: for ITYPE_STATUS_BAR on PopupWindow:3d5fd8d
09-20 14:28:36.720 24155 24155 I ViewRootImpl@d6c1b42[PopupWindow:3d5fd8d]: Relayout returned: old=(0,45,720,1574) new=(377,630,720,910) req=(343,280)0 dur=8 res=0x7 s={true -5476376627559010304} ch=true fn=-1
09-20 14:28:36.720 24155 24240 I BufferQueueProducer: [ViewRootImpl@d6c1b42[PopupWindow:3d5fd8d]#2(BLAST Consumer)2](id:5e5b00000002,api:1,p:24155,c:24155) connect: api=1 producerControlledByApp=true
09-20 14:28:36.721 24155 24240 D OpenGLRenderer: eglCreateWindowSurface
09-20 14:28:36.727 24155 24155 D AbsListView:  in onLayout changed 
09-20 14:28:36.728 24155 24155 I ViewRootImpl@d6c1b42[PopupWindow:3d5fd8d]: [DP] dp(1) 0 android.view.ViewRootImpl.reportNextDraw:11420 android.view.ViewRootImpl.performTraversals:4193 android.view.ViewRootImpl.doTraversal:2919 
09-20 14:28:36.729 24155 24155 D ViewRootImpl@d6c1b42[PopupWindow:3d5fd8d]: Creating frameDrawingCallback nextDrawUseBlastSync=false reportNextDraw=true hasBlurUpdates=false
09-20 14:28:36.729 24155 24155 D ViewRootImpl@d6c1b42[PopupWindow:3d5fd8d]: Creating frameCompleteCallback
09-20 14:28:36.732 24155 24426 D ViewRootImpl@d6c1b42[PopupWindow:3d5fd8d]: Received frameDrawingCallback frameNum=1. Creating transactionCompleteCallback=false
09-20 14:28:36.740 24155 24240 D ViewRootImpl@d6c1b42[PopupWindow:3d5fd8d]: Received frameCompleteCallback  lastAcquiredFrameNum=1 lastAttemptedDrawFrameNum=1
09-20 14:28:36.741 24155 24155 I ViewRootImpl@d6c1b42[PopupWindow:3d5fd8d]: [DP] pdf(0) 0 android.view.ViewRootImpl.lambda$addFrameCompleteCallbackIfNeeded$3$ViewRootImpl:4995 android.view.ViewRootImpl$$ExternalSyntheticLambda16.run:6 android.os.Handler.handleCallback:938 
09-20 14:28:36.741 24155 24155 I ViewRootImpl@d6c1b42[PopupWindow:3d5fd8d]: [DP] rdf()
09-20 14:28:36.741 24155 24155 D ViewRootImpl@d6c1b42[PopupWindow:3d5fd8d]: reportDrawFinished (fn: -1) 
09-20 14:28:36.743 24155 24155 I ViewRootImpl@d6c1b42[PopupWindow:3d5fd8d]: handleResized, msg = 5 frames=ClientWindowFrames{frame=[377,630][720,910] display=[-10000,-10000][10000,10000] backdrop=[0,0][343,280]} forceNextWindowRelayout=false displayId=0 frameChanged=false backdropFrameChanged=true configChanged=false displayChanged=false mNextDrawUseBlastSync=false mergedConfiguration={mGlobalConfig={0.8 432mcc20mnc [en_US,fa_IR] ldltr sw411dp w411dp h873dp 280dpi nrml long port night finger -keyb/v/h -nav/h winConfig={ mBounds=Rect(0, 0 - 720, 1600) mAppBounds=Rect(0, 45 - 720, 1574) mMaxBounds=Rect(0, 0 - 720, 1600) mWindowingMode=fullscreen mDisplayWindowingMode=fullscreen mActivityType=undefined mAlwaysOnTop=undefined mRotation=ROTATION_0 mPopOver=off mFreeformTaskPinningState=unpinned} s.9032 fontWeightAdjustment=0 ff=0 bf=1 bts=0 enb/d themeSeq=0} mOverrideConfig={0.8 432mcc20mnc [en_US,fa_IR] ldltr sw411dp w411dp h873dp 280dpi nrml long port night finger -keyb/v/h -nav/h winConfig={ mBounds=Rect(0, 0 - 720, 1600) mAppBounds=Rect(0, 45 - 720, 1574) mMaxBounds=Rect(0, 0 - 720, 1600) mWindowingMode=fullscreen mDisplayWindowingMode=fullscreen mActivityType=standard mAlwaysOnTop=undefined mRotation=ROTATION_0 mPopOver=off mFreeformTaskPinningState=unpinned} s.1 fontWeightAdjustment=0 ff=0 bf=1 bts=0 enb/d themeSeq=0}}
09-20 14:28:36.744 24155 24155 I ViewRootImpl@d6c1b42[PopupWindow:3d5fd8d]: [DP] dp(1) 0 android.view.ViewRootImpl.reportNextDraw:11420 android.view.ViewRootImpl.handleResized:2230 android.view.ViewRootImpl.access$1200:302 
09-20 14:28:36.744 24155 24155 I ViewRootImpl@ad9b15c[PopupWindow:da613cf]: MSG_WINDOW_FOCUS_CHANGED 0 1
09-20 14:28:36.751 24155 24155 D ViewRootImpl@d6c1b42[PopupWindow:3d5fd8d]: Creating frameDrawingCallback nextDrawUseBlastSync=false reportNextDraw=true hasBlurUpdates=false
09-20 14:28:36.751 24155 24155 D ViewRootImpl@d6c1b42[PopupWindow:3d5fd8d]: Creating frameCompleteCallback
09-20 14:28:36.752 24155 24425 D ViewRootImpl@d6c1b42[PopupWindow:3d5fd8d]: Received frameDrawingCallback frameNum=2. Creating transactionCompleteCallback=false
09-20 14:28:36.758 24155 24240 D ViewRootImpl@d6c1b42[PopupWindow:3d5fd8d]: Received frameCompleteCallback  lastAcquiredFrameNum=2 lastAttemptedDrawFrameNum=2
09-20 14:28:36.759 24155 24155 I ViewRootImpl@d6c1b42[PopupWindow:3d5fd8d]: [DP] pdf(0) 0 android.view.ViewRootImpl.lambda$addFrameCompleteCallbackIfNeeded$3$ViewRootImpl:4995 android.view.ViewRootImpl$$ExternalSyntheticLambda16.run:6 android.os.Handler.handleCallback:938 
09-20 14:28:36.759 24155 24155 I ViewRootImpl@d6c1b42[PopupWindow:3d5fd8d]: [DP] rdf()
09-20 14:28:36.760 24155 24155 D ViewRootImpl@d6c1b42[PopupWindow:3d5fd8d]: reportDrawFinished (fn: -1) 
09-20 14:28:36.760 24155 24155 I ViewRootImpl@d6c1b42[PopupWindow:3d5fd8d]: MSG_WINDOW_FOCUS_CHANGED 1 1
09-20 14:28:36.889 24155 24240 D OpenGLRenderer: setSurface called with nullptr
09-20 14:28:36.889 24155 24240 D OpenGLRenderer: setSurface() destroyed EGLSurface
09-20 14:28:36.889 24155 24240 D OpenGLRenderer: destroyEglSurface
09-20 14:28:36.889 24155 24240 I BufferQueueProducer: [ViewRootImpl@ad9b15c[PopupWindow:da613cf]#1(BLAST Consumer)1](id:5e5b00000001,api:1,p:24155,c:24155) disconnect: api 1
09-20 14:28:36.891 24155 24155 I ViewRootImpl@ad9b15c[PopupWindow:da613cf]: dispatchDetachedFromWindow
09-20 14:28:36.891 24155 24155 I BLASTBufferQueue: [ViewRootImpl@ad9b15c[PopupWindow:da613cf]#1] destructor()
09-20 14:28:36.891 24155 24155 I BufferQueueConsumer: [ViewRootImpl@ad9b15c[PopupWindow:da613cf]#1(BLAST Consumer)1](id:5e5b00000001,api:0,p:-1,c:24155) disconnect
09-20 14:28:36.897 24155 24155 D InputTransport: Input channel destroyed: 'b1572c5', fd=241
09-20 14:28:38.693 24155 24155 I ViewRootImpl@d6c1b42[PopupWindow:3d5fd8d]: ViewPostIme pointer 0
09-20 14:28:39.392 24155 24155 I ViewRootImpl@d6c1b42[PopupWindow:3d5fd8d]: ViewPostIme pointer 1
09-20 14:28:39.392 24155 24155 D AbsListView: onTouchUp() mTouchMode : 2
09-20 14:28:39.465 24155 24155 I ViewRootImpl@d6c1b42[PopupWindow:3d5fd8d]: Relayout returned: old=(377,630,720,910) new=(377,630,720,910) req=(343,280)0 dur=15 res=0x1 s={true -5476376627559010304} ch=false fn=18
09-20 14:28:39.475 24155 24155 D InsetsSourceConsumer: ensureControlAlpha: for ITYPE_NAVIGATION_BAR on moe.matsuri.lite/io.nekohasekai.sagernet.ui.MainActivity
09-20 14:28:39.477 24155 24155 D InsetsSourceConsumer: ensureControlAlpha: for ITYPE_STATUS_BAR on moe.matsuri.lite/io.nekohasekai.sagernet.ui.MainActivity
09-20 14:28:39.491 24155 24155 I ViewRootImpl@d6c1b42[PopupWindow:3d5fd8d]: MSG_WINDOW_FOCUS_CHANGED 0 1
09-20 14:28:39.491 24155 24155 I ViewRootImpl@2ded549[MainActivity]: MSG_WINDOW_FOCUS_CHANGED 1 1
09-20 14:28:39.494 24155 24155 D InputMethodManager: startInputInner - Id : 0
09-20 14:28:39.494 24155 24155 I InputMethodManager: startInputInner - mService.startInputOrWindowGainedFocus
09-20 14:28:39.616 24155 24240 D OpenGLRenderer: setSurface called with nullptr
09-20 14:28:39.616 24155 24240 D OpenGLRenderer: setSurface() destroyed EGLSurface
09-20 14:28:39.616 24155 24240 D OpenGLRenderer: destroyEglSurface
09-20 14:28:39.617 24155 24240 I BufferQueueProducer: [ViewRootImpl@d6c1b42[PopupWindow:3d5fd8d]#2(BLAST Consumer)2](id:5e5b00000002,api:1,p:24155,c:24155) disconnect: api 1
09-20 14:28:39.617 24155 24155 I ViewRootImpl@d6c1b42[PopupWindow:3d5fd8d]: dispatchDetachedFromWindow
09-20 14:28:39.622 24155 24155 D InputTransport: Input channel destroyed: 'b1aad82', fd=261
09-20 14:28:39.637 24155 24695 I BLASTBufferQueue: [ViewRootImpl@d6c1b42[PopupWindow:3d5fd8d]#2] destructor()
09-20 14:28:39.638 24155 24695 I BufferQueueConsumer: [ViewRootImpl@d6c1b42[PopupWindow:3d5fd8d]#2(BLAST Consumer)2](id:5e5b00000002,api:0,p:-1,c:24155) disconnect
09-20 14:28:41.942 24155 24155 I ViewRootImpl@2ded549[MainActivity]: ViewPostIme pointer 0
09-20 14:28:43.997 24155 24155 I ViewRootImpl@2ded549[MainActivity]: MSG_WINDOW_FOCUS_CHANGED 0 1
09-20 14:28:45.031 24155 24155 I ViewRootImpl@2ded549[MainActivity]: MSG_WINDOW_FOCUS_CHANGED 1 1
09-20 14:28:45.034 24155 24155 D InputMethodManager: startInputInner - Id : 0
09-20 14:28:45.034 24155 24155 I InputMethodManager: startInputInner - mService.startInputOrWindowGainedFocus
09-20 14:28:49.575 24155 24155 I Ads     : Use RequestConfiguration.Builder().setTestDeviceIds(Arrays.asList("B408CCF7840A286BA876D35976AF1266")) to get test ads on this device.
09-20 14:28:49.598 24155 24155 W ConnectionStatusConfig: Dynamic lookup for intent failed for action: com.google.android.gms.ads.service.CACHE
09-20 14:28:49.613 24155 24830 W ConnectionStatusConfig: Dynamic lookup for intent failed for action: com.google.android.gms.ads.service.START
09-20 14:28:49.652 24155 24155 I ViewRootImpl@2ded549[MainActivity]: ViewPostIme pointer 0
09-20 14:28:49.750 24155 24155 I ViewRootImpl@2ded549[MainActivity]: ViewPostIme pointer 1
09-20 14:28:57.100 24155 24155 I ViewRootImpl@2ded549[MainActivity]: ViewPostIme pointer 0
09-20 14:28:57.195 24155 24155 I ViewRootImpl@2ded549[MainActivity]: ViewPostIme pointer 1
09-20 14:28:58.765 24155 24155 I ViewRootImpl@2ded549[MainActivity]: ViewPostIme pointer 0
09-20 14:28:58.894 24155 24155 I ViewRootImpl@2ded549[MainActivity]: ViewPostIme pointer 1
09-20 14:28:58.968 24155 24155 I DecorView: [INFO] isPopOver=false, config=true
09-20 14:28:58.968 24155 24155 I DecorView: updateCaptionType >> DecorView@e48237d[], isFloating=false, isApplication=true, hasWindowControllerCallback=true, hasWindowDecorCaption=false
09-20 14:28:58.968 24155 24155 D DecorView: setCaptionType = 0, this = DecorView@e48237d[]
09-20 14:28:58.970 24155 24155 I DecorView: getCurrentDensityDpi: from real metrics. densityDpi=280 msg=resources_loaded
09-20 14:28:58.999 24155 24155 I ViewRootImpl@9cae5a5[GroupSettingsActivity]: setView = com.android.internal.policy.DecorView@e48237d TM=true
09-20 14:28:59.019 24155 24155 I BufferQueueConsumer: [](id:5e5b00000003,api:0,p:-1,c:24155) connect: controlledByApp=false
09-20 14:28:59.020 24155 24155 I BLASTBufferQueue: [ViewRootImpl@9cae5a5[GroupSettingsActivity]#3] constructor()
09-20 14:28:59.020 24155 24155 I ViewRootImpl@9cae5a5[GroupSettingsActivity]: Relayout returned: old=(0,0,720,1600) new=(0,0,720,1600) req=(720,1600)0 dur=10 res=0x7 s={true -5476376636105068544} ch=true fn=-1
09-20 14:28:59.021 24155 24240 I BufferQueueProducer: [ViewRootImpl@9cae5a5[GroupSettingsActivity]#3(BLAST Consumer)3](id:5e5b00000003,api:1,p:24155,c:24155) connect: api=1 producerControlledByApp=true
09-20 14:28:59.022 24155 24240 D OpenGLRenderer: eglCreateWindowSurface
09-20 14:28:59.022 24155 24155 I ViewRootImpl@9cae5a5[GroupSettingsActivity]: [DP] dp(1) 1 android.view.ViewRootImpl.reportNextDraw:11420 android.view.ViewRootImpl.performTraversals:4193 android.view.ViewRootImpl.doTraversal:2919 
09-20 14:28:59.022 24155 24155 D ViewRootImpl@9cae5a5[GroupSettingsActivity]: Creating frameDrawingCallback nextDrawUseBlastSync=false reportNextDraw=true hasBlurUpdates=false
09-20 14:28:59.022 24155 24155 D ViewRootImpl@9cae5a5[GroupSettingsActivity]: Creating frameCompleteCallback
09-20 14:28:59.031 24155 24426 D ViewRootImpl@9cae5a5[GroupSettingsActivity]: Received frameDrawingCallback frameNum=1. Creating transactionCompleteCallback=false
09-20 14:28:59.036 24155 24240 D ViewRootImpl@9cae5a5[GroupSettingsActivity]: Received frameCompleteCallback  lastAcquiredFrameNum=1 lastAttemptedDrawFrameNum=1
09-20 14:28:59.038 24155 24155 I ViewRootImpl@9cae5a5[GroupSettingsActivity]: [DP] pdf(0) 1 android.view.ViewRootImpl.lambda$addFrameCompleteCallbackIfNeeded$3$ViewRootImpl:4995 android.view.ViewRootImpl$$ExternalSyntheticLambda16.run:6 android.os.Handler.handleCallback:938 
09-20 14:28:59.038 24155 24155 I ViewRootImpl@9cae5a5[GroupSettingsActivity]: [DP] rdf()
09-20 14:28:59.038 24155 24155 D ViewRootImpl@9cae5a5[GroupSettingsActivity]: reportDrawFinished (fn: -1) 
09-20 14:28:59.047 24155 24155 I ViewRootImpl@2ded549[MainActivity]: MSG_WINDOW_FOCUS_CHANGED 0 1
09-20 14:28:59.075 24155 24155 D InsetsSourceConsumer: ensureControlAlpha: for ITYPE_NAVIGATION_BAR on moe.matsuri.lite/io.nekohasekai.sagernet.ui.GroupSettingsActivity
09-20 14:28:59.076 24155 24155 D InsetsSourceConsumer: ensureControlAlpha: for ITYPE_STATUS_BAR on moe.matsuri.lite/io.nekohasekai.sagernet.ui.GroupSettingsActivity
09-20 14:28:59.157 24155 24155 I ViewRootImpl@9cae5a5[GroupSettingsActivity]: Relayout returned: old=(0,0,720,1600) new=(0,0,720,1600) req=(720,1600)0 dur=5 res=0x1 s={true -5476376636105068544} ch=false fn=3
09-20 14:28:59.165 24155 24155 I ViewRootImpl@9cae5a5[GroupSettingsActivity]: MSG_WINDOW_FOCUS_CHANGED 1 1
09-20 14:28:59.166 24155 24155 D InputMethodManager: startInputInner - Id : 0
09-20 14:28:59.166 24155 24155 I InputMethodManager: startInputInner - mService.startInputOrWindowGainedFocus
09-20 14:28:59.273 24155 24155 I ViewRootImpl@2ded549[MainActivity]: handleAppVisibility mAppVisible=true visible=false
09-20 14:28:59.288 24155 24240 D OpenGLRenderer: setSurface called with nullptr
09-20 14:28:59.288 24155 24240 D OpenGLRenderer: setSurface() destroyed EGLSurface
09-20 14:28:59.288 24155 24240 D OpenGLRenderer: destroyEglSurface
09-20 14:28:59.294 24155 24240 I BufferQueueProducer: [ViewRootImpl@2ded549[MainActivity]#0(BLAST Consumer)0](id:5e5b00000000,api:1,p:24155,c:24155) disconnect: api 1
09-20 14:28:59.301 24155 24155 I BLASTBufferQueue: [ViewRootImpl@2ded549[MainActivity]#0] destructor()
09-20 14:28:59.301 24155 24155 I BufferQueueConsumer: [ViewRootImpl@2ded549[MainActivity]#0(BLAST Consumer)0](id:5e5b00000000,api:0,p:-1,c:24155) disconnect
09-20 14:28:59.303 24155 24155 I ViewRootImpl@2ded549[MainActivity]: Relayout returned: old=(0,0,720,1600) new=(0,0,720,1600) req=(720,1600)8 dur=5 res=0x5 s={false 0} ch=true fn=208
09-20 14:28:59.305 24155 24155 I ViewRootImpl@2ded549[MainActivity]: stopped(true) old=false
09-20 14:28:59.325 24155 24155 I ViewRootImpl@2ded549[MainActivity]: Relayout returned: old=(0,0,720,1600) new=(0,0,720,1600) req=(720,1600)8 dur=6 res=0x5 s={false 0} ch=false fn=-1
09-20 14:28:59.402 24155 24163 W oe.matsuri.lit: Cleared Reference was only reachable from finalizer (only reported once)
09-20 14:28:59.415 24155 24163 I oe.matsuri.lit: Background concurrent copying GC freed 107455(5716KB) AllocSpace objects, 20(1832KB) LOS objects, 49% free, 11MB/23MB, paused 201us,81us total 101.877ms
09-20 14:28:59.415 24155 24164 D InputTransport: Input channel destroyed: 'ClientS', fd=229
09-20 14:28:59.419 24155 24164 D InputTransport: Input channel destroyed: 'ClientS', fd=273
09-20 14:28:59.419 24155 24164 D InputTransport: Input channel destroyed: 'ClientS', fd=232
09-20 14:28:59.420 24155 24240 D OpenGLRenderer: setSurface called with nullptr
09-20 14:28:59.421 24155 24240 D OpenGLRenderer: setSurface called with nullptr
09-20 14:29:00.228 24155 24155 I ViewRootImpl@9cae5a5[GroupSettingsActivity]: ViewPostIme pointer 0
09-20 14:29:00.309 24155 24155 I ViewRootImpl@9cae5a5[GroupSettingsActivity]: ViewPostIme pointer 1
09-20 14:29:00.329 24155 24155 D ScrollView: initGoToTop
09-20 14:29:00.342 24155 24155 I Dialog  : mIsDeviceDefault = false, mIsSamsungBasicInteraction = false, isMetaDataInActivity = false
09-20 14:29:00.347 24155 24155 I DecorView: [INFO] isPopOver=false, config=false
09-20 14:29:00.347 24155 24155 I DecorView: updateCaptionType >> DecorView@54cefc1[], isFloating=true, isApplication=true, hasWindowControllerCallback=false, hasWindowDecorCaption=false
09-20 14:29:00.347 24155 24155 D DecorView: setCaptionType = 0, this = DecorView@54cefc1[]
09-20 14:29:00.370 24155 24155 D ScrollView: initGoToTop
09-20 14:29:00.380 24155 24155 D InsetsController: show(ime(), fromIme=false)
09-20 14:29:00.381 24155 24155 I IMM_LC  : requestImeShow
09-20 14:29:00.390 24155 24155 I ViewRootImpl@bad696d[GroupSettingsActivity]: setView = com.android.internal.policy.DecorView@54cefc1 TM=true
09-20 14:29:00.406 24155 24155 I BufferQueueConsumer: [](id:5e5b00000004,api:0,p:-1,c:24155) connect: controlledByApp=false
09-20 14:29:00.407 24155 24155 I BLASTBufferQueue: [ViewRootImpl@bad696d[GroupSettingsActivity]#4] constructor()
09-20 14:29:00.407 24155 24155 D InsetsSourceConsumer: ensureControlAlpha: for ITYPE_NAVIGATION_BAR on moe.matsuri.lite/io.nekohasekai.sagernet.ui.GroupSettingsActivity
09-20 14:29:00.408 24155 24155 D InsetsSourceConsumer: ensureControlAlpha: for ITYPE_STATUS_BAR on moe.matsuri.lite/io.nekohasekai.sagernet.ui.GroupSettingsActivity
09-20 14:29:00.408 24155 24155 I ViewRootImpl@bad696d[GroupSettingsActivity]: Relayout returned: old=(0,45,720,1574) new=(18,662,701,956) req=(683,294)0 dur=8 res=0x7 s={true -5476376635490861056} ch=true fn=-1
09-20 14:29:00.409 24155 24240 I BufferQueueProducer: [ViewRootImpl@bad696d[GroupSettingsActivity]#4(BLAST Consumer)4](id:5e5b00000004,api:1,p:24155,c:24155) connect: api=1 producerControlledByApp=true
09-20 14:29:00.409 24155 24240 D OpenGLRenderer: eglCreateWindowSurface
09-20 14:29:00.415 24155 24155 D ScrollView:  onsize change changed 
09-20 14:29:00.416 24155 24155 D ScrollView:  onsize change changed 
09-20 14:29:00.417 24155 24155 I ViewRootImpl@bad696d[GroupSettingsActivity]: [DP] dp(1) 1 android.view.ViewRootImpl.reportNextDraw:11420 android.view.ViewRootImpl.performTraversals:4193 android.view.ViewRootImpl.doTraversal:2919 
09-20 14:29:00.418 24155 24155 D ViewRootImpl@bad696d[GroupSettingsActivity]: Creating frameDrawingCallback nextDrawUseBlastSync=false reportNextDraw=true hasBlurUpdates=false
09-20 14:29:00.418 24155 24155 D ViewRootImpl@bad696d[GroupSettingsActivity]: Creating frameCompleteCallback
09-20 14:29:00.426 24155 24425 D ViewRootImpl@bad696d[GroupSettingsActivity]: Received frameDrawingCallback frameNum=1. Creating transactionCompleteCallback=false
09-20 14:29:00.437 24155 24240 D ViewRootImpl@bad696d[GroupSettingsActivity]: Received frameCompleteCallback  lastAcquiredFrameNum=1 lastAttemptedDrawFrameNum=1
09-20 14:29:00.439 24155 24155 I ViewRootImpl@bad696d[GroupSettingsActivity]: [DP] pdf(0) 1 android.view.ViewRootImpl.lambda$addFrameCompleteCallbackIfNeeded$3$ViewRootImpl:4995 android.view.ViewRootImpl$$ExternalSyntheticLambda16.run:6 android.os.Handler.handleCallback:938 
09-20 14:29:00.439 24155 24155 I ViewRootImpl@bad696d[GroupSettingsActivity]: [DP] rdf()
09-20 14:29:00.439 24155 24155 D ViewRootImpl@bad696d[GroupSettingsActivity]: reportDrawFinished (fn: -1) 
09-20 14:29:00.453 24155 24155 D CompatibilityChangeReporter: Compat change id reported: 163400105; UID 10366; state: ENABLED
09-20 14:29:00.456 24155 24155 I AssistStructure: Flattened final assist data: 3432 bytes, containing 2 windows, 28 views
09-20 14:29:00.457 24155 24155 I ViewRootImpl@9cae5a5[GroupSettingsActivity]: MSG_WINDOW_FOCUS_CHANGED 0 1
09-20 14:29:00.470 24155 24155 I ViewRootImpl@bad696d[GroupSettingsActivity]: MSG_WINDOW_FOCUS_CHANGED 1 1
09-20 14:29:00.472 24155 24155 D InputMethodManager: startInputInner - Id : 0
09-20 14:29:00.472 24155 24155 I InputMethodManager: startInputInner - mService.startInputOrWindowGainedFocus
09-20 14:29:00.488 24155 24155 I IMM_LC  : requestImeShow
09-20 14:29:00.490 24155 24155 I IMM_LC  : ssi() - flag : 0 view : moe.matsuri.lite reason = SHOW_SOFT_INPUT_BY_INSETS_API
09-20 14:29:00.782 24155 24155 D InsetsController: show(ime(), fromIme=true)
09-20 14:29:00.784 24155 24155 D InsetsSourceConsumer: setRequestedVisible: visible=true, type=19, host=moe.matsuri.lite/io.nekohasekai.sagernet.ui.GroupSettingsActivity, from=android.view.InsetsSourceConsumer.show:246 android.view.InsetsController.showDirectly:1489 android.view.InsetsController.controlAnimationUnchecked:1137 android.view.InsetsController.show:942 android.view.ViewRootImpl$ViewRootHandler.handleMessageImpl:6478 android.view.ViewRootImpl$ViewRootHandler.handleMessage:6403 android.os.Handler.dispatchMessage:106 android.os.Looper.loopOnce:226 android.os.Looper.loop:313 android.app.ActivityThread.main:8663 
09-20 14:29:02.662 24155 24155 I ViewRootImpl@bad696d[GroupSettingsActivity]: ViewPostIme pointer 0
09-20 14:29:02.819 24155 24155 I ViewRootImpl@bad696d[GroupSettingsActivity]: MSG_WINDOW_FOCUS_CHANGED 0 1
09-20 14:29:02.996 24155 24155 I ViewRootImpl@bad696d[GroupSettingsActivity]: handleAppVisibility mAppVisible=true visible=false
09-20 14:29:02.997 24155 24155 I ViewRootImpl@9cae5a5[GroupSettingsActivity]: handleAppVisibility mAppVisible=true visible=false
09-20 14:29:03.001 24155 24240 D OpenGLRenderer: setSurface called with nullptr
09-20 14:29:03.001 24155 24240 D OpenGLRenderer: setSurface() destroyed EGLSurface
09-20 14:29:03.001 24155 24240 D OpenGLRenderer: destroyEglSurface
09-20 14:29:03.002 24155 24240 I BufferQueueProducer: [ViewRootImpl@bad696d[GroupSettingsActivity]#4(BLAST Consumer)4](id:5e5b00000004,api:1,p:24155,c:24155) disconnect: api 1
09-20 14:29:03.013 24155 24155 I BLASTBufferQueue: [ViewRootImpl@bad696d[GroupSettingsActivity]#4] destructor()
09-20 14:29:03.013 24155 24155 I BufferQueueConsumer: [ViewRootImpl@bad696d[GroupSettingsActivity]#4(BLAST Consumer)4](id:5e5b00000004,api:0,p:-1,c:24155) disconnect
09-20 14:29:03.015 24155 24155 I ViewRootImpl@bad696d[GroupSettingsActivity]: Relayout returned: old=(18,374,701,668) new=(18,374,701,668) req=(683,294)8 dur=7 res=0x5 s={false 0} ch=true fn=25
09-20 14:29:03.018 24155 24240 D OpenGLRenderer: setSurface called with nullptr
09-20 14:29:03.018 24155 24240 D OpenGLRenderer: setSurface() destroyed EGLSurface
09-20 14:29:03.018 24155 24240 D OpenGLRenderer: destroyEglSurface
09-20 14:29:03.026 24155 24240 I BufferQueueProducer: [ViewRootImpl@9cae5a5[GroupSettingsActivity]#3(BLAST Consumer)3](id:5e5b00000003,api:1,p:24155,c:24155) disconnect: api 1
09-20 14:29:03.034 24155 24155 I BLASTBufferQueue: [ViewRootImpl@9cae5a5[GroupSettingsActivity]#3] destructor()
09-20 14:29:03.034 24155 24155 I BufferQueueConsumer: [ViewRootImpl@9cae5a5[GroupSettingsActivity]#3(BLAST Consumer)3](id:5e5b00000003,api:0,p:-1,c:24155) disconnect
09-20 14:29:03.037 24155 24155 I ViewRootImpl@9cae5a5[GroupSettingsActivity]: Relayout returned: old=(0,0,720,1600) new=(0,0,720,1600) req=(720,1600)8 dur=6 res=0x5 s={false 0} ch=true fn=22
09-20 14:29:03.043 24155 24155 I ViewRootImpl@bad696d[GroupSettingsActivity]: stopped(true) old=false
09-20 14:29:03.055 24155 24155 I ViewRootImpl@9cae5a5[GroupSettingsActivity]: stopped(true) old=false
09-20 14:29:03.121 24155 24155 D InsetsSourceConsumer: setRequestedVisible: visible=false, type=19, host=moe.matsuri.lite/io.nekohasekai.sagernet.ui.GroupSettingsActivity, from=android.view.InsetsSourceConsumer.hide:253 android.view.ImeInsetsSourceConsumer.hide:68 android.view.ImeInsetsSourceConsumer.hide:74 android.view.InsetsController.hideDirectly:1473 android.view.InsetsController.controlAnimationUnchecked:1139 android.view.InsetsController.applyAnimation:1456 android.view.InsetsController.applyAnimation:1437 android.view.InsetsController.hide:1006 android.view.ViewRootImpl$ViewRootHandler.handleMessageImpl:6482 android.view.ViewRootImpl$ViewRootHandler.handleMessage:6403 
09-20 14:29:03.136 24155 24155 I ViewRootImpl@9cae5a5[GroupSettingsActivity]: Relayout returned: old=(0,0,720,1600) new=(0,0,720,1600) req=(720,1600)8 dur=12 res=0x5 s={false 0} ch=false fn=-1
09-20 14:29:03.136 24155 24155 D InputTransport: Input channel destroyed: 'ClientS', fd=252
09-20 14:29:05.032 24155 24852 I FA-Ads  : Application backgrounded at: timestamp_millis: 1695207543030
09-20 14:29:37.400 24155 24155 I ViewRootImpl@bad696d[GroupSettingsActivity]: handleAppVisibility mAppVisible=false visible=true
09-20 14:29:37.401 24155 24155 I ViewRootImpl@9cae5a5[GroupSettingsActivity]: handleAppVisibility mAppVisible=false visible=true
09-20 14:29:37.419 24155 24240 D OpenGLRenderer: setSurface called with nullptr
09-20 14:29:37.465 24155 24155 I ViewRootImpl@bad696d[GroupSettingsActivity]: Relayout returned: old=(18,374,701,668) new=(18,374,701,668) req=(683,294)8 dur=45 res=0x1 s={false 0} ch=false fn=-1
09-20 14:29:37.470 24155 24240 D OpenGLRenderer: setSurface called with nullptr
09-20 14:29:37.490 24155 24155 I ViewRootImpl@9cae5a5[GroupSettingsActivity]: Relayout returned: old=(0,0,720,1600) new=(0,0,720,1600) req=(720,1600)4 dur=18 res=0x1 s={false 0} ch=false fn=-1
09-20 14:29:37.561 24155 24240 D OpenGLRenderer: setSurface called with nullptr
09-20 14:29:37.561 24155 24155 I ViewRootImpl@bad696d[GroupSettingsActivity]: dispatchDetachedFromWindow
09-20 14:29:37.567 24155 24155 D InputTransport: Input channel destroyed: 'dc55ba8', fd=231
09-20 14:29:37.587 24155 24240 D OpenGLRenderer: setSurface called with nullptr
09-20 14:29:37.587 24155 24155 I ViewRootImpl@9cae5a5[GroupSettingsActivity]: dispatchDetachedFromWindow
09-20 14:29:37.596 24155 24155 D InputTransport: Input channel destroyed: '3128d73', fd=283
09-20 14:29:37.694 24155 24155 I DecorView: [INFO] isPopOver=false, config=true
09-20 14:29:37.694 24155 24155 I DecorView: updateCaptionType >> DecorView@e2d32e5[], isFloating=false, isApplication=true, hasWindowControllerCallback=true, hasWindowDecorCaption=false
09-20 14:29:37.694 24155 24155 D DecorView: setCaptionType = 0, this = DecorView@e2d32e5[]
09-20 14:29:37.698 24155 24155 I DecorView: getCurrentDensityDpi: from real metrics. densityDpi=280 msg=resources_loaded
09-20 14:29:37.814 24155 24155 D ScrollView: initGoToTop
09-20 14:29:37.847 24155 24155 I Dialog  : mIsDeviceDefault = false, mIsSamsungBasicInteraction = false, isMetaDataInActivity = false
09-20 14:29:37.863 24155 24155 I DecorView: [INFO] isPopOver=false, config=false
09-20 14:29:37.864 24155 24155 I DecorView: updateCaptionType >> DecorView@ce76ae9[], isFloating=true, isApplication=true, hasWindowControllerCallback=false, hasWindowDecorCaption=false
09-20 14:29:37.864 24155 24155 D DecorView: setCaptionType = 0, this = DecorView@ce76ae9[]
09-20 14:29:37.898 24155 24155 D ScrollView: initGoToTop
09-20 14:29:37.921 24155 24155 I DecorView: getCurrentDensityDpi: from app context. densityDpi=280 msg=remove_caption
09-20 14:29:37.921 24155 24155 I DecorView: [INFO] isPopOver=false, config=true
09-20 14:29:37.921 24155 24155 I DecorView: updateCaptionType >> DecorView@ce76ae9[], isFloating=true, isApplication=true, hasWindowControllerCallback=false, hasWindowDecorCaption=false
09-20 14:29:37.921 24155 24155 D DecorView: setCaptionType = 0, this = DecorView@ce76ae9[]
09-20 14:29:37.933 24155 24155 D InsetsController: show(ime(), fromIme=false)
09-20 14:29:37.934 24155 24155 I IMM_LC  : requestImeShow
09-20 14:29:37.950 24155 24155 I ViewRootImpl@904191[GroupSettingsActivity]: setView = com.android.internal.policy.DecorView@ce76ae9 TM=true
09-20 14:29:37.962 24155 24155 I ViewRootImpl@904191[GroupSettingsActivity]: stopped(false) old=false
09-20 14:29:37.993 24155 24155 I ViewRootImpl@fccbef[GroupSettingsActivity]: setView = com.android.internal.policy.DecorView@e2d32e5 TM=true
09-20 14:29:37.997 24155 24155 I Choreographer: Skipped 31 frames!  The application may be doing too much work on its main thread.
09-20 14:29:38.028 24155 24155 I BufferQueueConsumer: [](id:5e5b00000005,api:0,p:-1,c:24155) connect: controlledByApp=false
09-20 14:29:38.029 24155 24155 I BLASTBufferQueue: [ViewRootImpl@904191[GroupSettingsActivity]#5] constructor()
09-20 14:29:38.030 24155 24155 D InsetsSourceConsumer: ensureControlAlpha: for ITYPE_NAVIGATION_BAR on moe.matsuri.lite/io.nekohasekai.sagernet.ui.GroupSettingsActivity
09-20 14:29:38.031 24155 24155 D InsetsSourceConsumer: ensureControlAlpha: for ITYPE_STATUS_BAR on moe.matsuri.lite/io.nekohasekai.sagernet.ui.GroupSettingsActivity
09-20 14:29:38.033 24155 24155 I ViewRootImpl@904191[GroupSettingsActivity]: Relayout returned: old=(0,45,720,1574) new=(18,662,701,956) req=(683,294)0 dur=13 res=0x7 s={true -5476376635490861056} ch=true fn=-1
09-20 14:29:38.034 24155 24240 I BufferQueueProducer: [ViewRootImpl@904191[GroupSettingsActivity]#5(BLAST Consumer)5](id:5e5b00000005,api:1,p:24155,c:24155) connect: api=1 producerControlledByApp=true
09-20 14:29:38.035 24155 24240 D OpenGLRenderer: eglCreateWindowSurface
09-20 14:29:38.059 24155 24155 D ScrollView:  onsize change changed 
09-20 14:29:38.059 24155 24155 D ScrollView:  onsize change changed 
09-20 14:29:38.089 24155 24155 I ViewRootImpl@904191[GroupSettingsActivity]: [DP] dp(1) 1 android.view.ViewRootImpl.reportNextDraw:11420 android.view.ViewRootImpl.performTraversals:4193 android.view.ViewRootImpl.doTraversal:2919 
09-20 14:29:38.090 24155 24155 D ViewRootImpl@904191[GroupSettingsActivity]: Creating frameDrawingCallback nextDrawUseBlastSync=false reportNextDraw=true hasBlurUpdates=false
09-20 14:29:38.090 24155 24155 D ViewRootImpl@904191[GroupSettingsActivity]: Creating frameCompleteCallback
09-20 14:29:38.106 24155 24425 D ViewRootImpl@904191[GroupSettingsActivity]: Received frameDrawingCallback frameNum=1. Creating transactionCompleteCallback=false
09-20 14:29:38.134 24155 24240 D ViewRootImpl@904191[GroupSettingsActivity]: Received frameCompleteCallback  lastAcquiredFrameNum=1 lastAttemptedDrawFrameNum=1
09-20 14:29:38.196 24155 24155 I BufferQueueConsumer: [](id:5e5b00000006,api:0,p:-1,c:24155) connect: controlledByApp=false
09-20 14:29:38.197 24155 24155 I BLASTBufferQueue: [ViewRootImpl@fccbef[GroupSettingsActivity]#6] constructor()
09-20 14:29:38.198 24155 24155 I ViewRootImpl@fccbef[GroupSettingsActivity]: Relayout returned: old=(0,0,720,1600) new=(0,0,720,1600) req=(720,1600)0 dur=10 res=0x7 s={true -5476376635490422784} ch=true fn=-1
09-20 14:29:38.199 24155 24240 I BufferQueueProducer: [ViewRootImpl@fccbef[GroupSettingsActivity]#6(BLAST Consumer)6](id:5e5b00000006,api:1,p:24155,c:24155) connect: api=1 producerControlledByApp=true
09-20 14:29:38.200 24155 24240 D OpenGLRenderer: eglCreateWindowSurface
09-20 14:29:38.201 24155 24155 I ViewRootImpl@fccbef[GroupSettingsActivity]: [DP] dp(1) 1 android.view.ViewRootImpl.reportNextDraw:11420 android.view.ViewRootImpl.performTraversals:4193 android.view.ViewRootImpl.doTraversal:2919 
09-20 14:29:38.201 24155 24155 D ViewRootImpl@fccbef[GroupSettingsActivity]: Creating frameDrawingCallback nextDrawUseBlastSync=false reportNextDraw=true hasBlurUpdates=false
09-20 14:29:38.201 24155 24155 D ViewRootImpl@fccbef[GroupSettingsActivity]: Creating frameCompleteCallback
09-20 14:29:38.216 24155 24426 D ViewRootImpl@fccbef[GroupSettingsActivity]: Received frameDrawingCallback frameNum=1. Creating transactionCompleteCallback=false
09-20 14:29:38.235 24155 24240 D ViewRootImpl@fccbef[GroupSettingsActivity]: Received frameCompleteCallback  lastAcquiredFrameNum=1 lastAttemptedDrawFrameNum=1
09-20 14:29:38.237 24155 24155 I ViewRootImpl@fccbef[GroupSettingsActivity]: [DP] pdf(0) 1 android.view.ViewRootImpl.lambda$addFrameCompleteCallbackIfNeeded$3$ViewRootImpl:4995 android.view.ViewRootImpl$$ExternalSyntheticLambda16.run:6 android.os.Handler.handleCallback:938 
09-20 14:29:38.237 24155 24155 I ViewRootImpl@fccbef[GroupSettingsActivity]: [DP] rdf()
09-20 14:29:38.237 24155 24155 D ViewRootImpl@fccbef[GroupSettingsActivity]: reportDrawFinished (fn: -1) 
09-20 14:29:38.238 24155 24155 I ViewRootImpl@904191[GroupSettingsActivity]: [DP] pdf(0) 1 android.view.ViewRootImpl.lambda$addFrameCompleteCallbackIfNeeded$3$ViewRootImpl:4995 android.view.ViewRootImpl$$ExternalSyntheticLambda16.run:6 android.os.Handler.handleCallback:938 
09-20 14:29:38.238 24155 24155 I ViewRootImpl@904191[GroupSettingsActivity]: [DP] rdf()
09-20 14:29:38.238 24155 24155 D ViewRootImpl@904191[GroupSettingsActivity]: reportDrawFinished (fn: -1) 
09-20 14:29:38.244 24155 24167 I OpenGLRenderer: Davey! duration=755ms; Flags=1, FrameTimelineVsyncId=4923158, IntendedVsync=180477819612557, Vsync=180478336279234, InputEventId=0, HandleInputStart=180478342671141, AnimationStart=180478342674218, PerformTraversalsStart=180478342675295, DrawStart=180478547148526, FrameDeadline=180477836279224, FrameInterval=180478342518911, FrameStartTime=16666667, SyncQueued=180478555982757, SyncStart=180478561605449, IssueDrawCommandsStart=180478561971372, SwapBuffers=180478577494372, FrameCompleted=180478580812834, DequeueBufferDuration=0, QueueBufferDuration=2021000, GpuCompleted=180478580673988, SwapBuffersCompleted=180478580812834, DisplayPresentTime=0, 
09-20 14:29:38.287 24155 24155 I AssistStructure: Flattened final assist data: 3160 bytes, containing 2 windows, 26 views
09-20 14:29:38.312 24155 24155 I ViewRootImpl@904191[GroupSettingsActivity]: MSG_WINDOW_FOCUS_CHANGED 1 1
09-20 14:29:38.316 24155 24155 D InputMethodManager: startInputInner - Id : 0
09-20 14:29:38.316 24155 24155 I InputMethodManager: startInputInner - mService.startInputOrWindowGainedFocus
09-20 14:29:38.389 24155 24155 I IMM_LC  : requestImeShow
09-20 14:29:38.389 24155 24155 I IMM_LC  : ssi() - flag : 0 view : moe.matsuri.lite reason = SHOW_SOFT_INPUT_BY_INSETS_API
09-20 14:29:38.887 24155 24155 I ViewRootImpl@904191[GroupSettingsActivity]: ViewPostIme pointer 0
09-20 14:29:38.999 24155 24155 I ViewRootImpl@904191[GroupSettingsActivity]: ViewPostIme pointer 1
09-20 14:29:39.000 24155 24155 I IMM_LC  : showSoftInput(View,I)
09-20 14:29:39.000 24155 24155 I IMM_LC  : ssi() - flag : 0 view : moe.matsuri.lite reason = SHOW_SOFT_INPUT
09-20 14:29:39.315 24155 24155 I ViewRootImpl@34e9321[PopupWindow:c5ffd88]: setView = android.widget.PopupWindow$PopupDecorView@8bb6a34 TM=true
09-20 14:29:39.331 24155 24155 I ViewRootImpl@e86ea3[PopupWindow:385edd2]: setView = android.widget.PopupWindow$PopupDecorView@231151e TM=true
09-20 14:29:39.340 24155 24155 I ViewRootImpl@9adcbcc[PopupWindow:68951ff]: setView = android.widget.PopupWindow$PopupDecorView@32b0f1b TM=true
09-20 14:29:39.361 24155 24170 I ViewRootImpl@34e9321[PopupWindow:c5ffd88]: Resizing android.view.ViewRootImpl@cb18691: frame=[271,598][720,878] reportDraw=true forceLayout=false backDropFrame=Rect(0, 0 - 449, 280)
09-20 14:29:39.371 24155 24155 I BufferQueueConsumer: [](id:5e5b00000007,api:0,p:-1,c:24155) connect: controlledByApp=false
09-20 14:29:39.372 24155 24155 I BLASTBufferQueue: [ViewRootImpl@34e9321[PopupWindow:c5ffd88]#7] constructor()
09-20 14:29:39.373 24155 24155 I ViewRootImpl@34e9321[PopupWindow:c5ffd88]: Relayout returned: old=(0,45,720,1574) new=(271,598,720,878) req=(449,280)0 dur=20 res=0x7 s={true -5476376636101914624} ch=true fn=-1
09-20 14:29:39.374 24155 24240 I BufferQueueProducer: [ViewRootImpl@34e9321[PopupWindow:c5ffd88]#7(BLAST Consumer)7](id:5e5b00000007,api:1,p:24155,c:24155) connect: api=1 producerControlledByApp=true
09-20 14:29:39.374 24155 24240 D OpenGLRenderer: eglCreateWindowSurface
09-20 14:29:39.383 24155 24155 D AbsListView:  in onLayout changed 
